[INFO] Scanning for projects...
[INFO] 
[INFO] ----------------------< com.jobportal:job-portal >----------------------
[INFO] Building job-portal 0.0.1-SNAPSHOT
[INFO]   from pom.xml
[INFO] --------------------------------[ jar ]---------------------------------
[INFO] 
[INFO] --- resources:3.3.1:resources (default-resources) @ job-portal ---
[INFO] Copying 1 resource from src\main\resources to target\classes
[INFO] Copying 0 resource from src\main\resources to target\classes
[INFO] 
[INFO] --- compiler:3.14.1:compile (default-compile) @ job-portal ---
[INFO] Nothing to compile - all classes are up to date.
[INFO] 
[INFO] --- resources:3.3.1:testResources (default-testResources) @ job-portal ---
[INFO] skip non existing resourceDirectory C:\Users\GULSHAN CHOUKSEY\Desktop\Spring_Projects\job-portal\src\test\resources
[INFO] 
[INFO] --- compiler:3.14.1:testCompile (default-testCompile) @ job-portal ---
[INFO] Recompiling the module because of changed source code.
[INFO] Compiling 15 source files with javac [debug parameters release 21] to target\test-classes
[INFO] 
[INFO] --- surefire:3.5.4:test (default-test) @ job-portal ---
[INFO] Using auto detected provider org.apache.maven.surefire.junitplatform.JUnitPlatformProvider
[INFO] 
[INFO] -------------------------------------------------------
[INFO]  T E S T S
[INFO] -------------------------------------------------------
[INFO] Running com.jobportal.application.controller.ApplicationControllerIntegrationTest
15:40:02.614 [main] INFO org.springframework.test.context.support.AnnotationConfigContextLoaderUtils -- Could not detect default configuration classes for test class [com.jobportal.application.controller.ApplicationControllerIntegrationTest]: ApplicationControllerIntegrationTest does not declare any static, non-private, non-final, nested classes annotated with @Configuration.
15:40:02.958 [main] INFO org.springframework.boot.test.context.SpringBootTestContextBootstrapper -- Found @SpringBootConfiguration com.jobportal.JobPortalApplication for test class com.jobportal.application.controller.ApplicationControllerIntegrationTest

  .   ____          _            __ _ _
 /\\ / ___'_ __ _ _(_)_ __  __ _ \ \ \ \
( ( )\___ | '_ | '_| | '_ \/ _` | \ \ \ \
 \\/  ___)| |_)| | | | | || (_| |  ) ) ) )
  '  |____| .__|_| |_|_| |_\__, | / / / /
 =========|_|==============|___/=/_/_/_/

 :: Spring Boot ::                (v4.0.2)

2026-02-22T15:40:03.913+05:30  INFO 10732 --- [job-portal] [           main] a.c.ApplicationControllerIntegrationTest : Starting ApplicationControllerIntegrationTest using Java 21.0.2 with PID 10732 (started by GULSHAN CHOUKSEY in C:\Users\GULSHAN CHOUKSEY\Desktop\Spring_Projects\job-portal)
2026-02-22T15:40:03.916+05:30  INFO 10732 --- [job-portal] [           main] a.c.ApplicationControllerIntegrationTest : No active profile set, falling back to 1 default profile: "default"
2026-02-22T15:40:06.234+05:30  INFO 10732 --- [job-portal] [           main] .s.d.r.c.RepositoryConfigurationDelegate : Bootstrapping Spring Data JPA repositories in DEFAULT mode.
2026-02-22T15:40:06.398+05:30  INFO 10732 --- [job-portal] [           main] .s.d.r.c.RepositoryConfigurationDelegate : Finished Spring Data repository scanning in 146 ms. Found 7 JPA repository interfaces.
2026-02-22T15:40:08.105+05:30  INFO 10732 --- [job-portal] [           main] org.hibernate.orm.jpa                    : HHH008540: Processing PersistenceUnitInfo [name: default]
2026-02-22T15:40:08.270+05:30  INFO 10732 --- [job-portal] [           main] org.hibernate.orm.core                   : HHH000001: Hibernate ORM core version 7.2.1.Final
2026-02-22T15:40:09.473+05:30  INFO 10732 --- [job-portal] [           main] o.s.o.j.p.SpringPersistenceUnitInfo      : No LoadTimeWeaver setup: ignoring JPA class transformer
2026-02-22T15:40:09.551+05:30  INFO 10732 --- [job-portal] [           main] com.zaxxer.hikari.HikariDataSource       : HikariPool-1 - Starting...
2026-02-22T15:40:09.952+05:30  INFO 10732 --- [job-portal] [           main] com.zaxxer.hikari.pool.HikariPool        : HikariPool-1 - Added connection conn0: url=jdbc:h2:mem:jobportaldb user=SA
2026-02-22T15:40:09.955+05:30  INFO 10732 --- [job-portal] [           main] com.zaxxer.hikari.HikariDataSource       : HikariPool-1 - Start completed.
2026-02-22T15:40:10.010+05:30  WARN 10732 --- [job-portal] [           main] org.hibernate.orm.deprecation            : HHH90000025: H2Dialect does not need to be specified explicitly using 'hibernate.dialect' (remove the property setting and it will be selected by default)
2026-02-22T15:40:10.056+05:30  INFO 10732 --- [job-portal] [           main] org.hibernate.orm.connections.pooling    : HHH10001005: Database info:
	Database JDBC URL [jdbc:h2:mem:jobportaldb]
	Database driver: H2 JDBC Driver
	Database dialect: H2Dialect
	Database version: 2.4.240
	Default catalog/schema: JOBPORTALDB/PUBLIC
	Autocommit mode: undefined/unknown
	Isolation level: READ_COMMITTED [default READ_COMMITTED]
	JDBC fetch size: 100
	Pool: DataSourceConnectionProvider
	Minimum pool size: undefined/unknown
	Maximum pool size: undefined/unknown
2026-02-22T15:40:12.510+05:30  INFO 10732 --- [job-portal] [           main] org.hibernate.orm.core                   : HHH000489: No JTA platform available (set 'hibernate.transaction.jta.platform' to enable JTA platform integration)
Hibernate: create table candidates (id bigint generated by default as identity, created_at timestamp(6) not null, deleted boolean not null, deleted_at timestamp(6), education varchar(1000), experience_years integer, headline varchar(255), location varchar(255), phone varchar(255), resume_url varchar(255), skills varchar(1000), summary varchar(2000), updated_at timestamp(6) not null, user_id bigint not null, primary key (id))
Hibernate: create table categories (id bigint generated by default as identity, created_at timestamp(6), description varchar(500), name varchar(255) not null, primary key (id))
Hibernate: create table employers (id bigint generated by default as identity, company_description varchar(2000), company_name varchar(255) not null, company_website varchar(255), created_at timestamp(6) not null, deleted boolean not null, deleted_at timestamp(6), industry varchar(255), location varchar(255), updated_at timestamp(6) not null, user_id bigint not null, primary key (id))
Hibernate: create table job_applications (id bigint generated by default as identity, applied_at timestamp(6) not null, cover_letter varchar(2000), status enum ('INTERVIEW','OFFERED','PENDING','REJECTED','REVIEWED','SHORTLISTED','WITHDRAWN') not null, updated_at timestamp(6) not null, candidate_id bigint not null, job_id bigint not null, primary key (id))
Hibernate: create table job_categories (job_id bigint not null, category_id bigint not null, primary key (job_id, category_id))
Hibernate: create table jobs (id bigint generated by default as identity, created_at timestamp(6) not null, deleted boolean not null, deleted_at timestamp(6), description varchar(2000), location varchar(255), salary_max integer, salary_min integer, status enum ('ACTIVE','CLOSED','DRAFT') not null, title varchar(255) not null, updated_at timestamp(6) not null, employer_id bigint, primary key (id))
Hibernate: create table saved_jobs (id bigint generated by default as identity, saved_at timestamp(6) not null, candidate_id bigint not null, job_id bigint not null, primary key (id))
Hibernate: create table users (id bigint generated by default as identity, created_at timestamp(6) not null, email varchar(255) not null, name varchar(255) not null, password varchar(255) not null, role enum ('ADMIN','CANDIDATE','EMPLOYER') not null, updated_at timestamp(6) not null, primary key (id))
Hibernate: alter table if exists candidates drop constraint if exists UKdoi1o7iyehcrqrrrbxjostvv5
Hibernate: alter table if exists candidates add constraint UKdoi1o7iyehcrqrrrbxjostvv5 unique (user_id)
Hibernate: alter table if exists categories drop constraint if exists UKt8o6pivur7nn124jehx7cygw5
Hibernate: alter table if exists categories add constraint UKt8o6pivur7nn124jehx7cygw5 unique (name)
Hibernate: alter table if exists employers drop constraint if exists UKlf0p1iaulwu7g1cvvyu2vfn2j
Hibernate: alter table if exists employers add constraint UKlf0p1iaulwu7g1cvvyu2vfn2j unique (user_id)
Hibernate: alter table if exists job_applications drop constraint if exists UKe6bj1uretpaatlv6nmxc2ubfs
Hibernate: alter table if exists job_applications add constraint UKe6bj1uretpaatlv6nmxc2ubfs unique (candidate_id, job_id)
Hibernate: alter table if exists saved_jobs drop constraint if exists UK6e7b2qng7km656gwv8c4cv8kj
Hibernate: alter table if exists saved_jobs add constraint UK6e7b2qng7km656gwv8c4cv8kj unique (candidate_id, job_id)
Hibernate: alter table if exists users drop constraint if exists UK6dotkott2kjsp8vw4d0m25fb7
Hibernate: alter table if exists users add constraint UK6dotkott2kjsp8vw4d0m25fb7 unique (email)
Hibernate: alter table if exists candidates add constraint FKme4fkelukmx2s63tlcrft6hio foreign key (user_id) references users
Hibernate: alter table if exists employers add constraint FK6abfx371o1dsomsi0jstr0utl foreign key (user_id) references users
Hibernate: alter table if exists job_applications add constraint FKo3u72jpkbhxolcpcw1slywurv foreign key (candidate_id) references candidates
Hibernate: alter table if exists job_applications add constraint FKqt4m3c9yiioi16kwsyjrl0cpl foreign key (job_id) references jobs
Hibernate: alter table if exists job_categories add constraint FKgfoshu1c8vl2kxciddsf2c15w foreign key (category_id) references categories
Hibernate: alter table if exists job_categories add constraint FK2gjgxhnuqed0by3qfejsniap foreign key (job_id) references jobs
Hibernate: alter table if exists jobs add constraint FKja6e4osjhsx4wodgd2os82890 foreign key (employer_id) references employers
Hibernate: alter table if exists saved_jobs add constraint FKnhr4tgo3nmyepiwf62rk5lmwe foreign key (candidate_id) references candidates
Hibernate: alter table if exists saved_jobs add constraint FKawvc9t3d3efu6ta6h30tb984t foreign key (job_id) references jobs
2026-02-22T15:40:12.700+05:30  INFO 10732 --- [job-portal] [           main] j.LocalContainerEntityManagerFactoryBean : Initialized JPA EntityManagerFactory for persistence unit 'default'
2026-02-22T15:40:12.910+05:30  INFO 10732 --- [job-portal] [           main] o.s.d.j.r.query.QueryEnhancerFactories   : Hibernate is in classpath; If applicable, HQL parser will be used.
2026-02-22T15:40:13.744+05:30  INFO 10732 --- [job-portal] [           main] r$InitializeUserDetailsManagerConfigurer : Global AuthenticationManager configured with UserDetailsService bean with name customUserDetailsService
2026-02-22T15:40:13.759+05:30  INFO 10732 --- [job-portal] [           main] c.j.common.service.FileStorageService    : File storage initialized at: C:\Users\GULSHAN CHOUKSEY\Desktop\Spring_Projects\job-portal\uploads
2026-02-22T15:40:14.340+05:30  WARN 10732 --- [job-portal] [           main] JpaBaseConfiguration$JpaWebConfiguration : spring.jpa.open-in-view is enabled by default. Therefore, database queries may be performed during view rendering. Explicitly configure spring.jpa.open-in-view to disable this warning
2026-02-22T15:40:16.246+05:30  INFO 10732 --- [job-portal] [           main] o.s.b.h.a.H2ConsoleAutoConfiguration     : H2 console available at '/h2-console'. Database available at 'jdbc:h2:mem:jobportaldb'
2026-02-22T15:40:16.624+05:30  INFO 10732 --- [job-portal] [           main] o.s.b.t.m.w.SpringBootMockServletContext : Initializing Spring TestDispatcherServlet ''
2026-02-22T15:40:16.625+05:30  INFO 10732 --- [job-portal] [           main] o.s.t.web.servlet.TestDispatcherServlet  : Initializing Servlet ''
2026-02-22T15:40:16.637+05:30  INFO 10732 --- [job-portal] [           main] o.s.b.a.e.web.EndpointLinksResolver      : Exposing 1 endpoint beneath base path '/actuator'
2026-02-22T15:40:16.664+05:30  INFO 10732 --- [job-portal] [           main] o.s.t.web.servlet.TestDispatcherServlet  : Completed initialization in 39 ms
2026-02-22T15:40:16.804+05:30  INFO 10732 --- [job-portal] [           main] a.c.ApplicationControllerIntegrationTest : Started ApplicationControllerIntegrationTest in 13.519 seconds (process running for 16.508)
.\mvnw.cmd : Mockito is currently self-attaching to enable the inline-mock-maker. This will 
no longer work in future releases of the JDK. Please add Mockito as an agent to your build as 
described in Mockito's documentation: https://javadoc.io/doc/org.mockito/mockito-core/latest/o
rg.mockito/org/mockito/Mockito.html#0.3
At line:1 char:1
+ .\mvnw.cmd test -B 2>&1 > test_output.txt
+ ~~~~~~~~~~~~~~~~~~~~~~~~~~~~~~~~~~~~~~~~~
    + CategoryInfo          : NotSpecified: (Mockito is curr...ockito.html#0.3:String) [], Re 
   moteException
    + FullyQualifiedErrorId : NativeCommandError
 
WARNING: A Java agent has been loaded dynamically (C:\Users\GULSHAN 
CHOUKSEY\.m2\repository\net\bytebuddy\byte-buddy-agent\1.17.8\byte-buddy-agent-1.17.8.jar)
WARNING: If a serviceability tool is in use, please run with -XX:+EnableDynamicAgentLoading 
to hide this warning
WARNING: If a serviceability tool is not in use, please run with -Djdk.instrument.traceUsage 
for more information
WARNING: Dynamic loading of agents will be disallowed by default in a future release
Java HotSpot(TM) 64-Bit Server VM warning: Sharing is only supported for boot loader classes 
because bootstrap classpath has been appended
Hibernate: select sj1_0.id,sj1_0.candidate_id,sj1_0.job_id,sj1_0.saved_at from saved_jobs sj1_0
Hibernate: select ja1_0.id,ja1_0.applied_at,ja1_0.candidate_id,ja1_0.cover_letter,ja1_0.job_id,ja1_0.status,ja1_0.updated_at from job_applications ja1_0
Hibernate: select j1_0.id,j1_0.created_at,j1_0.deleted,j1_0.deleted_at,j1_0.description,j1_0.employer_id,j1_0.location,j1_0.salary_max,j1_0.salary_min,j1_0.status,j1_0.title,j1_0.updated_at from jobs j1_0 where (j1_0.deleted = false)
Hibernate: select c1_0.id,c1_0.created_at,c1_0.deleted,c1_0.deleted_at,c1_0.education,c1_0.experience_years,c1_0.headline,c1_0.location,c1_0.phone,c1_0.resume_url,c1_0.skills,c1_0.summary,c1_0.updated_at,c1_0.user_id from candidates c1_0
Hibernate: select u1_0.id,u1_0.created_at,u1_0.email,u1_0.name,u1_0.password,u1_0.role,u1_0.updated_at from users u1_0
Hibernate: insert into users (created_at,email,name,password,role,updated_at,id) values (?,?,?,?,?,?,default)
Hibernate: insert into candidates (created_at,deleted,deleted_at,education,experience_years,headline,location,phone,resume_url,skills,summary,updated_at,user_id,id) values (?,?,?,?,?,?,?,?,?,?,?,?,?,default)
Hibernate: insert into jobs (created_at,deleted,deleted_at,description,employer_id,location,salary_max,salary_min,status,title,updated_at,id) values (?,?,?,?,?,?,?,?,?,?,?,default)
2026-02-22T15:40:18.335+05:30  INFO 10732 --- [job-portal] [           main] c.j.a.service.ApplicationService         : Fetching application by id: 99999
Hibernate: select ja1_0.id,ja1_0.applied_at,ja1_0.candidate_id,ja1_0.cover_letter,ja1_0.job_id,ja1_0.status,ja1_0.updated_at from job_applications ja1_0 where ja1_0.id=?
2026-02-22T15:40:18.355+05:30  WARN 10732 --- [job-portal] [           main] c.j.a.service.ApplicationService         : Application not found with id: 99999
2026-02-22T15:40:18.359+05:30  WARN 10732 --- [job-portal] [           main] c.j.c.exception.GlobalExceptionHandler   : Resource not found: Application not found with id: 99999
Hibernate: select sj1_0.id,sj1_0.candidate_id,sj1_0.job_id,sj1_0.saved_at from saved_jobs sj1_0
Hibernate: select ja1_0.id,ja1_0.applied_at,ja1_0.candidate_id,ja1_0.cover_letter,ja1_0.job_id,ja1_0.status,ja1_0.updated_at from job_applications ja1_0
Hibernate: select j1_0.id,j1_0.created_at,j1_0.deleted,j1_0.deleted_at,j1_0.description,j1_0.employer_id,j1_0.location,j1_0.salary_max,j1_0.salary_min,j1_0.status,j1_0.title,j1_0.updated_at from jobs j1_0 where (j1_0.deleted = false)
Hibernate: delete from job_categories where job_id=?
Hibernate: delete from jobs where id=?
Hibernate: select c1_0.id,c1_0.created_at,c1_0.deleted,c1_0.deleted_at,c1_0.education,c1_0.experience_years,c1_0.headline,c1_0.location,c1_0.phone,c1_0.resume_url,c1_0.skills,c1_0.summary,c1_0.updated_at,c1_0.user_id from candidates c1_0
Hibernate: select u1_0.id,u1_0.created_at,u1_0.email,u1_0.name,u1_0.password,u1_0.role,u1_0.updated_at from users u1_0 where u1_0.id=?
Hibernate: delete from candidates where id=?
Hibernate: select u1_0.id,u1_0.created_at,u1_0.email,u1_0.name,u1_0.password,u1_0.role,u1_0.updated_at from users u1_0
Hibernate: delete from users where id=?
Hibernate: insert into users (created_at,email,name,password,role,updated_at,id) values (?,?,?,?,?,?,default)
Hibernate: insert into candidates (created_at,deleted,deleted_at,education,experience_years,headline,location,phone,resume_url,skills,summary,updated_at,user_id,id) values (?,?,?,?,?,?,?,?,?,?,?,?,?,default)
Hibernate: insert into jobs (created_at,deleted,deleted_at,description,employer_id,location,salary_max,salary_min,status,title,updated_at,id) values (?,?,?,?,?,?,?,?,?,?,?,default)
Hibernate: insert into job_applications (applied_at,candidate_id,cover_letter,job_id,status,updated_at,id) values (?,?,?,?,?,?,default)
2026-02-22T15:40:18.665+05:30  INFO 10732 --- [job-portal] [           main] c.j.a.service.ApplicationService         : Fetching application by id: 1
Hibernate: select ja1_0.id,ja1_0.applied_at,ja1_0.candidate_id,ja1_0.cover_letter,ja1_0.job_id,ja1_0.status,ja1_0.updated_at from job_applications ja1_0 where ja1_0.id=?
Hibernate: select c1_0.id,c1_0.created_at,c1_0.deleted,c1_0.deleted_at,c1_0.education,c1_0.experience_years,c1_0.headline,c1_0.location,c1_0.phone,c1_0.resume_url,c1_0.skills,c1_0.summary,c1_0.updated_at,c1_0.user_id,u1_0.id,u1_0.created_at,u1_0.email,u1_0.name,u1_0.password,u1_0.role,u1_0.updated_at from candidates c1_0 join users u1_0 on u1_0.id=c1_0.user_id where c1_0.id=?
Hibernate: select j1_0.id,j1_0.created_at,j1_0.deleted,j1_0.deleted_at,j1_0.description,j1_0.employer_id,j1_0.location,j1_0.salary_max,j1_0.salary_min,j1_0.status,j1_0.title,j1_0.updated_at from jobs j1_0 where j1_0.id=? and (j1_0.deleted = false)
Hibernate: select sj1_0.id,sj1_0.candidate_id,sj1_0.job_id,sj1_0.saved_at from saved_jobs sj1_0
Hibernate: select ja1_0.id,ja1_0.applied_at,ja1_0.candidate_id,ja1_0.cover_letter,ja1_0.job_id,ja1_0.status,ja1_0.updated_at from job_applications ja1_0
Hibernate: delete from job_applications where id=?
Hibernate: select j1_0.id,j1_0.created_at,j1_0.deleted,j1_0.deleted_at,j1_0.description,j1_0.employer_id,j1_0.location,j1_0.salary_max,j1_0.salary_min,j1_0.status,j1_0.title,j1_0.updated_at from jobs j1_0 where (j1_0.deleted = false)
Hibernate: delete from job_categories where job_id=?
Hibernate: delete from jobs where id=?
Hibernate: select c1_0.id,c1_0.created_at,c1_0.deleted,c1_0.deleted_at,c1_0.education,c1_0.experience_years,c1_0.headline,c1_0.location,c1_0.phone,c1_0.resume_url,c1_0.skills,c1_0.summary,c1_0.updated_at,c1_0.user_id from candidates c1_0
Hibernate: select u1_0.id,u1_0.created_at,u1_0.email,u1_0.name,u1_0.password,u1_0.role,u1_0.updated_at from users u1_0 where u1_0.id=?
Hibernate: delete from candidates where id=?
Hibernate: select u1_0.id,u1_0.created_at,u1_0.email,u1_0.name,u1_0.password,u1_0.role,u1_0.updated_at from users u1_0
Hibernate: delete from users where id=?
Hibernate: insert into users (created_at,email,name,password,role,updated_at,id) values (?,?,?,?,?,?,default)
Hibernate: insert into candidates (created_at,deleted,deleted_at,education,experience_years,headline,location,phone,resume_url,skills,summary,updated_at,user_id,id) values (?,?,?,?,?,?,?,?,?,?,?,?,?,default)
Hibernate: insert into jobs (created_at,deleted,deleted_at,description,employer_id,location,salary_max,salary_min,status,title,updated_at,id) values (?,?,?,?,?,?,?,?,?,?,?,default)
Hibernate: insert into job_applications (applied_at,candidate_id,cover_letter,job_id,status,updated_at,id) values (?,?,?,?,?,?,default)
2026-02-22T15:40:19.008+05:30  INFO 10732 --- [job-portal] [           main] c.j.a.service.ApplicationService         : User 'candidate@test.com' applying for job id: 3
Hibernate: select u1_0.id,u1_0.created_at,u1_0.email,u1_0.name,u1_0.password,u1_0.role,u1_0.updated_at from users u1_0 where u1_0.email=?
Hibernate: select c1_0.id,c1_0.created_at,c1_0.deleted,c1_0.deleted_at,c1_0.education,c1_0.experience_years,c1_0.headline,c1_0.location,c1_0.phone,c1_0.resume_url,c1_0.skills,c1_0.summary,c1_0.updated_at,c1_0.user_id from candidates c1_0 where c1_0.user_id=?
Hibernate: select j1_0.id,j1_0.created_at,j1_0.deleted,j1_0.deleted_at,j1_0.description,j1_0.employer_id,j1_0.location,j1_0.salary_max,j1_0.salary_min,j1_0.status,j1_0.title,j1_0.updated_at from jobs j1_0 where j1_0.id=? and (j1_0.deleted = false)
Hibernate: select ja1_0.id from job_applications ja1_0 where ja1_0.candidate_id=? and ja1_0.job_id=? fetch first ? rows only
2026-02-22T15:40:19.789+05:30  WARN 10732 --- [job-portal] [           main] c.j.a.service.ApplicationService         : Duplicate application - user 'candidate@test.com' already applied for job id: 3
2026-02-22T15:40:19.790+05:30  WARN 10732 --- [job-portal] [           main] c.j.c.exception.GlobalExceptionHandler   : Duplicate resource: You have already applied for this job
Hibernate: select sj1_0.id,sj1_0.candidate_id,sj1_0.job_id,sj1_0.saved_at from saved_jobs sj1_0
Hibernate: select ja1_0.id,ja1_0.applied_at,ja1_0.candidate_id,ja1_0.cover_letter,ja1_0.job_id,ja1_0.status,ja1_0.updated_at from job_applications ja1_0
Hibernate: delete from job_applications where id=?
Hibernate: select j1_0.id,j1_0.created_at,j1_0.deleted,j1_0.deleted_at,j1_0.description,j1_0.employer_id,j1_0.location,j1_0.salary_max,j1_0.salary_min,j1_0.status,j1_0.title,j1_0.updated_at from jobs j1_0 where (j1_0.deleted = false)
Hibernate: delete from job_categories where job_id=?
Hibernate: delete from jobs where id=?
Hibernate: select c1_0.id,c1_0.created_at,c1_0.deleted,c1_0.deleted_at,c1_0.education,c1_0.experience_years,c1_0.headline,c1_0.location,c1_0.phone,c1_0.resume_url,c1_0.skills,c1_0.summary,c1_0.updated_at,c1_0.user_id from candidates c1_0
Hibernate: select u1_0.id,u1_0.created_at,u1_0.email,u1_0.name,u1_0.password,u1_0.role,u1_0.updated_at from users u1_0 where u1_0.id=?
Hibernate: delete from candidates where id=?
Hibernate: select u1_0.id,u1_0.created_at,u1_0.email,u1_0.name,u1_0.password,u1_0.role,u1_0.updated_at from users u1_0
Hibernate: delete from users where id=?
Hibernate: insert into users (created_at,email,name,password,role,updated_at,id) values (?,?,?,?,?,?,default)
Hibernate: insert into candidates (created_at,deleted,deleted_at,education,experience_years,headline,location,phone,resume_url,skills,summary,updated_at,user_id,id) values (?,?,?,?,?,?,?,?,?,?,?,?,?,default)
Hibernate: insert into jobs (created_at,deleted,deleted_at,description,employer_id,location,salary_max,salary_min,status,title,updated_at,id) values (?,?,?,?,?,?,?,?,?,?,?,default)
2026-02-22T15:40:19.871+05:30  WARN 10732 --- [job-portal] [           main] c.j.c.exception.GlobalExceptionHandler   : Validation failed: Validation failed for argument [1] in public org.springframework.http.ResponseEntity<com.jobportal.common.response.ApiResponse<com.jobportal.application.dto.ApplicationResponseDTO>> com.jobportal.application.controller.ApplicationController.apply(java.security.Principal,com.jobportal.application.dto.ApplicationRequestDTO): [Field error in object 'applicationRequestDTO' on field 'jobId': rejected value [null]; codes [NotNull.applicationRequestDTO.jobId,NotNull.jobId,NotNull.java.lang.Long,NotNull]; arguments [org.springframework.context.support.DefaultMessageSourceResolvable: codes [applicationRequestDTO.jobId,jobId]; arguments []; default message [jobId]]; default message [Job ID is required]] 
Hibernate: select sj1_0.id,sj1_0.candidate_id,sj1_0.job_id,sj1_0.saved_at from saved_jobs sj1_0
Hibernate: select ja1_0.id,ja1_0.applied_at,ja1_0.candidate_id,ja1_0.cover_letter,ja1_0.job_id,ja1_0.status,ja1_0.updated_at from job_applications ja1_0
Hibernate: select j1_0.id,j1_0.created_at,j1_0.deleted,j1_0.deleted_at,j1_0.description,j1_0.employer_id,j1_0.location,j1_0.salary_max,j1_0.salary_min,j1_0.status,j1_0.title,j1_0.updated_at from jobs j1_0 where (j1_0.deleted = false)
Hibernate: delete from job_categories where job_id=?
Hibernate: delete from jobs where id=?
Hibernate: select c1_0.id,c1_0.created_at,c1_0.deleted,c1_0.deleted_at,c1_0.education,c1_0.experience_years,c1_0.headline,c1_0.location,c1_0.phone,c1_0.resume_url,c1_0.skills,c1_0.summary,c1_0.updated_at,c1_0.user_id from candidates c1_0
Hibernate: select u1_0.id,u1_0.created_at,u1_0.email,u1_0.name,u1_0.password,u1_0.role,u1_0.updated_at from users u1_0 where u1_0.id=?
Hibernate: delete from candidates where id=?
Hibernate: select u1_0.id,u1_0.created_at,u1_0.email,u1_0.name,u1_0.password,u1_0.role,u1_0.updated_at from users u1_0
Hibernate: delete from users where id=?
Hibernate: insert into users (created_at,email,name,password,role,updated_at,id) values (?,?,?,?,?,?,default)
Hibernate: insert into candidates (created_at,deleted,deleted_at,education,experience_years,headline,location,phone,resume_url,skills,summary,updated_at,user_id,id) values (?,?,?,?,?,?,?,?,?,?,?,?,?,default)
Hibernate: insert into jobs (created_at,deleted,deleted_at,description,employer_id,location,salary_max,salary_min,status,title,updated_at,id) values (?,?,?,?,?,?,?,?,?,?,?,default)
Hibernate: insert into job_applications (applied_at,candidate_id,cover_letter,job_id,status,updated_at,id) values (?,?,?,?,?,?,default)
2026-02-22T15:40:19.944+05:30  INFO 10732 --- [job-portal] [           main] c.j.a.service.ApplicationService         : Fetching applications for user: candidate@test.com
Hibernate: select u1_0.id,u1_0.created_at,u1_0.email,u1_0.name,u1_0.password,u1_0.role,u1_0.updated_at from users u1_0 where u1_0.email=?
Hibernate: select c1_0.id,c1_0.created_at,c1_0.deleted,c1_0.deleted_at,c1_0.education,c1_0.experience_years,c1_0.headline,c1_0.location,c1_0.phone,c1_0.resume_url,c1_0.skills,c1_0.summary,c1_0.updated_at,c1_0.user_id from candidates c1_0 where c1_0.user_id=?
Hibernate: select ja1_0.id,ja1_0.applied_at,ja1_0.candidate_id,ja1_0.cover_letter,ja1_0.job_id,ja1_0.status,ja1_0.updated_at from job_applications ja1_0 where ja1_0.candidate_id=? order by ja1_0.applied_at fetch first ? rows only
Hibernate: select j1_0.id,j1_0.created_at,j1_0.deleted,j1_0.deleted_at,j1_0.description,j1_0.employer_id,j1_0.location,j1_0.salary_max,j1_0.salary_min,j1_0.status,j1_0.title,j1_0.updated_at from jobs j1_0 where j1_0.id=? and (j1_0.deleted = false)
2026-02-22T15:40:19.993+05:30  WARN 10732 --- [job-portal] [           main] ration$PageModule$WarningLoggingModifier : Serializing PageImpl instances as-is is not supported, meaning that there is no guarantee about the stability of the resulting JSON structure!
	For a stable JSON structure, please use Spring Data's PagedModel (globally via @EnableSpringDataWebSupport(pageSerializationMode = VIA_DTO))
	or Spring HATEOAS and Spring Data's PagedResourcesAssembler as documented in https://docs.spring.io/spring-data/commons/reference/repositories/core-extensions.html#core.web.pageables.

Hibernate: select sj1_0.id,sj1_0.candidate_id,sj1_0.job_id,sj1_0.saved_at from saved_jobs sj1_0
Hibernate: select ja1_0.id,ja1_0.applied_at,ja1_0.candidate_id,ja1_0.cover_letter,ja1_0.job_id,ja1_0.status,ja1_0.updated_at from job_applications ja1_0
Hibernate: delete from job_applications where id=?
Hibernate: select j1_0.id,j1_0.created_at,j1_0.deleted,j1_0.deleted_at,j1_0.description,j1_0.employer_id,j1_0.location,j1_0.salary_max,j1_0.salary_min,j1_0.status,j1_0.title,j1_0.updated_at from jobs j1_0 where (j1_0.deleted = false)
Hibernate: delete from job_categories where job_id=?
Hibernate: delete from jobs where id=?
Hibernate: select c1_0.id,c1_0.created_at,c1_0.deleted,c1_0.deleted_at,c1_0.education,c1_0.experience_years,c1_0.headline,c1_0.location,c1_0.phone,c1_0.resume_url,c1_0.skills,c1_0.summary,c1_0.updated_at,c1_0.user_id from candidates c1_0
Hibernate: select u1_0.id,u1_0.created_at,u1_0.email,u1_0.name,u1_0.password,u1_0.role,u1_0.updated_at from users u1_0 where u1_0.id=?
Hibernate: delete from candidates where id=?
Hibernate: select u1_0.id,u1_0.created_at,u1_0.email,u1_0.name,u1_0.password,u1_0.role,u1_0.updated_at from users u1_0
Hibernate: delete from users where id=?
Hibernate: insert into users (created_at,email,name,password,role,updated_at,id) values (?,?,?,?,?,?,default)
Hibernate: insert into candidates (created_at,deleted,deleted_at,education,experience_years,headline,location,phone,resume_url,skills,summary,updated_at,user_id,id) values (?,?,?,?,?,?,?,?,?,?,?,?,?,default)
Hibernate: insert into jobs (created_at,deleted,deleted_at,description,employer_id,location,salary_max,salary_min,status,title,updated_at,id) values (?,?,?,?,?,?,?,?,?,?,?,default)
Hibernate: select sj1_0.id,sj1_0.candidate_id,sj1_0.job_id,sj1_0.saved_at from saved_jobs sj1_0
Hibernate: select ja1_0.id,ja1_0.applied_at,ja1_0.candidate_id,ja1_0.cover_letter,ja1_0.job_id,ja1_0.status,ja1_0.updated_at from job_applications ja1_0
Hibernate: select j1_0.id,j1_0.created_at,j1_0.deleted,j1_0.deleted_at,j1_0.description,j1_0.employer_id,j1_0.location,j1_0.salary_max,j1_0.salary_min,j1_0.status,j1_0.title,j1_0.updated_at from jobs j1_0 where (j1_0.deleted = false)
Hibernate: delete from job_categories where job_id=?
Hibernate: delete from jobs where id=?
Hibernate: select c1_0.id,c1_0.created_at,c1_0.deleted,c1_0.deleted_at,c1_0.education,c1_0.experience_years,c1_0.headline,c1_0.location,c1_0.phone,c1_0.resume_url,c1_0.skills,c1_0.summary,c1_0.updated_at,c1_0.user_id from candidates c1_0
Hibernate: select u1_0.id,u1_0.created_at,u1_0.email,u1_0.name,u1_0.password,u1_0.role,u1_0.updated_at from users u1_0 where u1_0.id=?
Hibernate: delete from candidates where id=?
Hibernate: select u1_0.id,u1_0.created_at,u1_0.email,u1_0.name,u1_0.password,u1_0.role,u1_0.updated_at from users u1_0
Hibernate: delete from users where id=?
Hibernate: insert into users (created_at,email,name,password,role,updated_at,id) values (?,?,?,?,?,?,default)
Hibernate: insert into candidates (created_at,deleted,deleted_at,education,experience_years,headline,location,phone,resume_url,skills,summary,updated_at,user_id,id) values (?,?,?,?,?,?,?,?,?,?,?,?,?,default)
Hibernate: insert into jobs (created_at,deleted,deleted_at,description,employer_id,location,salary_max,salary_min,status,title,updated_at,id) values (?,?,?,?,?,?,?,?,?,?,?,default)
Hibernate: insert into jobs (created_at,deleted,deleted_at,description,employer_id,location,salary_max,salary_min,status,title,updated_at,id) values (?,?,?,?,?,?,?,?,?,?,?,default)
2026-02-22T15:40:20.144+05:30  INFO 10732 --- [job-portal] [           main] c.j.a.service.ApplicationService         : User 'candidate@test.com' applying for job id: 8
Hibernate: select u1_0.id,u1_0.created_at,u1_0.email,u1_0.name,u1_0.password,u1_0.role,u1_0.updated_at from users u1_0 where u1_0.email=?
Hibernate: select c1_0.id,c1_0.created_at,c1_0.deleted,c1_0.deleted_at,c1_0.education,c1_0.experience_years,c1_0.headline,c1_0.location,c1_0.phone,c1_0.resume_url,c1_0.skills,c1_0.summary,c1_0.updated_at,c1_0.user_id from candidates c1_0 where c1_0.user_id=?
Hibernate: select j1_0.id,j1_0.created_at,j1_0.deleted,j1_0.deleted_at,j1_0.description,j1_0.employer_id,j1_0.location,j1_0.salary_max,j1_0.salary_min,j1_0.status,j1_0.title,j1_0.updated_at from jobs j1_0 where j1_0.id=? and (j1_0.deleted = false)
2026-02-22T15:40:20.153+05:30  WARN 10732 --- [job-portal] [           main] c.j.a.service.ApplicationService         : Cannot apply - job id: 8 is not active (status: CLOSED)
2026-02-22T15:40:20.154+05:30  WARN 10732 --- [job-portal] [           main] c.j.c.exception.GlobalExceptionHandler   : Bad request: Cannot apply to a job that is not active
Hibernate: select sj1_0.id,sj1_0.candidate_id,sj1_0.job_id,sj1_0.saved_at from saved_jobs sj1_0
Hibernate: select ja1_0.id,ja1_0.applied_at,ja1_0.candidate_id,ja1_0.cover_letter,ja1_0.job_id,ja1_0.status,ja1_0.updated_at from job_applications ja1_0
Hibernate: select j1_0.id,j1_0.created_at,j1_0.deleted,j1_0.deleted_at,j1_0.description,j1_0.employer_id,j1_0.location,j1_0.salary_max,j1_0.salary_min,j1_0.status,j1_0.title,j1_0.updated_at from jobs j1_0 where (j1_0.deleted = false)
Hibernate: delete from job_categories where job_id=?
Hibernate: delete from job_categories where job_id=?
Hibernate: delete from jobs where id=?
Hibernate: delete from jobs where id=?
Hibernate: select c1_0.id,c1_0.created_at,c1_0.deleted,c1_0.deleted_at,c1_0.education,c1_0.experience_years,c1_0.headline,c1_0.location,c1_0.phone,c1_0.resume_url,c1_0.skills,c1_0.summary,c1_0.updated_at,c1_0.user_id from candidates c1_0
Hibernate: select u1_0.id,u1_0.created_at,u1_0.email,u1_0.name,u1_0.password,u1_0.role,u1_0.updated_at from users u1_0 where u1_0.id=?
Hibernate: delete from candidates where id=?
Hibernate: select u1_0.id,u1_0.created_at,u1_0.email,u1_0.name,u1_0.password,u1_0.role,u1_0.updated_at from users u1_0
Hibernate: delete from users where id=?
Hibernate: insert into users (created_at,email,name,password,role,updated_at,id) values (?,?,?,?,?,?,default)
Hibernate: insert into candidates (created_at,deleted,deleted_at,education,experience_years,headline,location,phone,resume_url,skills,summary,updated_at,user_id,id) values (?,?,?,?,?,?,?,?,?,?,?,?,?,default)
Hibernate: insert into jobs (created_at,deleted,deleted_at,description,employer_id,location,salary_max,salary_min,status,title,updated_at,id) values (?,?,?,?,?,?,?,?,?,?,?,default)
2026-02-22T15:40:20.216+05:30  INFO 10732 --- [job-portal] [           main] c.j.a.service.ApplicationService         : User 'candidate@test.com' applying for job id: 99999
Hibernate: select u1_0.id,u1_0.created_at,u1_0.email,u1_0.name,u1_0.password,u1_0.role,u1_0.updated_at from users u1_0 where u1_0.email=?
Hibernate: select c1_0.id,c1_0.created_at,c1_0.deleted,c1_0.deleted_at,c1_0.education,c1_0.experience_years,c1_0.headline,c1_0.location,c1_0.phone,c1_0.resume_url,c1_0.skills,c1_0.summary,c1_0.updated_at,c1_0.user_id from candidates c1_0 where c1_0.user_id=?
Hibernate: select j1_0.id,j1_0.created_at,j1_0.deleted,j1_0.deleted_at,j1_0.description,j1_0.employer_id,j1_0.location,j1_0.salary_max,j1_0.salary_min,j1_0.status,j1_0.title,j1_0.updated_at from jobs j1_0 where j1_0.id=? and (j1_0.deleted = false)
2026-02-22T15:40:20.223+05:30  WARN 10732 --- [job-portal] [           main] c.j.a.service.ApplicationService         : Job not found with id: 99999
2026-02-22T15:40:20.224+05:30  WARN 10732 --- [job-portal] [           main] c.j.c.exception.GlobalExceptionHandler   : Resource not found: Job not found with id: 99999
Hibernate: select sj1_0.id,sj1_0.candidate_id,sj1_0.job_id,sj1_0.saved_at from saved_jobs sj1_0
Hibernate: select ja1_0.id,ja1_0.applied_at,ja1_0.candidate_id,ja1_0.cover_letter,ja1_0.job_id,ja1_0.status,ja1_0.updated_at from job_applications ja1_0
Hibernate: select j1_0.id,j1_0.created_at,j1_0.deleted,j1_0.deleted_at,j1_0.description,j1_0.employer_id,j1_0.location,j1_0.salary_max,j1_0.salary_min,j1_0.status,j1_0.title,j1_0.updated_at from jobs j1_0 where (j1_0.deleted = false)
Hibernate: delete from job_categories where job_id=?
Hibernate: delete from jobs where id=?
Hibernate: select c1_0.id,c1_0.created_at,c1_0.deleted,c1_0.deleted_at,c1_0.education,c1_0.experience_years,c1_0.headline,c1_0.location,c1_0.phone,c1_0.resume_url,c1_0.skills,c1_0.summary,c1_0.updated_at,c1_0.user_id from candidates c1_0
Hibernate: select u1_0.id,u1_0.created_at,u1_0.email,u1_0.name,u1_0.password,u1_0.role,u1_0.updated_at from users u1_0 where u1_0.id=?
Hibernate: delete from candidates where id=?
Hibernate: select u1_0.id,u1_0.created_at,u1_0.email,u1_0.name,u1_0.password,u1_0.role,u1_0.updated_at from users u1_0
Hibernate: delete from users where id=?
Hibernate: insert into users (created_at,email,name,password,role,updated_at,id) values (?,?,?,?,?,?,default)
Hibernate: insert into candidates (created_at,deleted,deleted_at,education,experience_years,headline,location,phone,resume_url,skills,summary,updated_at,user_id,id) values (?,?,?,?,?,?,?,?,?,?,?,?,?,default)
Hibernate: insert into jobs (created_at,deleted,deleted_at,description,employer_id,location,salary_max,salary_min,status,title,updated_at,id) values (?,?,?,?,?,?,?,?,?,?,?,default)
Hibernate: insert into job_applications (applied_at,candidate_id,cover_letter,job_id,status,updated_at,id) values (?,?,?,?,?,?,default)
2026-02-22T15:40:20.292+05:30  INFO 10732 --- [job-portal] [           main] c.j.a.service.ApplicationService         : Updating application status - id: 4, new status: SHORTLISTED
Hibernate: select ja1_0.id,ja1_0.applied_at,ja1_0.candidate_id,ja1_0.cover_letter,ja1_0.job_id,ja1_0.status,ja1_0.updated_at from job_applications ja1_0 where ja1_0.id=?
Hibernate: update job_applications set candidate_id=?,cover_letter=?,job_id=?,status=?,updated_at=? where id=?
2026-02-22T15:40:20.315+05:30  INFO 10732 --- [job-portal] [           main] c.j.a.service.ApplicationService         : Application status updated successfully - id: 4, status: SHORTLISTED
Hibernate: select c1_0.id,c1_0.created_at,c1_0.deleted,c1_0.deleted_at,c1_0.education,c1_0.experience_years,c1_0.headline,c1_0.location,c1_0.phone,c1_0.resume_url,c1_0.skills,c1_0.summary,c1_0.updated_at,c1_0.user_id,u1_0.id,u1_0.created_at,u1_0.email,u1_0.name,u1_0.password,u1_0.role,u1_0.updated_at from candidates c1_0 join users u1_0 on u1_0.id=c1_0.user_id where c1_0.id=?
Hibernate: select j1_0.id,j1_0.created_at,j1_0.deleted,j1_0.deleted_at,j1_0.description,j1_0.employer_id,j1_0.location,j1_0.salary_max,j1_0.salary_min,j1_0.status,j1_0.title,j1_0.updated_at from jobs j1_0 where j1_0.id=? and (j1_0.deleted = false)
Hibernate: select sj1_0.id,sj1_0.candidate_id,sj1_0.job_id,sj1_0.saved_at from saved_jobs sj1_0
Hibernate: select ja1_0.id,ja1_0.applied_at,ja1_0.candidate_id,ja1_0.cover_letter,ja1_0.job_id,ja1_0.status,ja1_0.updated_at from job_applications ja1_0
Hibernate: delete from job_applications where id=?
Hibernate: select j1_0.id,j1_0.created_at,j1_0.deleted,j1_0.deleted_at,j1_0.description,j1_0.employer_id,j1_0.location,j1_0.salary_max,j1_0.salary_min,j1_0.status,j1_0.title,j1_0.updated_at from jobs j1_0 where (j1_0.deleted = false)
Hibernate: delete from job_categories where job_id=?
Hibernate: delete from jobs where id=?
Hibernate: select c1_0.id,c1_0.created_at,c1_0.deleted,c1_0.deleted_at,c1_0.education,c1_0.experience_years,c1_0.headline,c1_0.location,c1_0.phone,c1_0.resume_url,c1_0.skills,c1_0.summary,c1_0.updated_at,c1_0.user_id from candidates c1_0
Hibernate: select u1_0.id,u1_0.created_at,u1_0.email,u1_0.name,u1_0.password,u1_0.role,u1_0.updated_at from users u1_0 where u1_0.id=?
Hibernate: delete from candidates where id=?
Hibernate: select u1_0.id,u1_0.created_at,u1_0.email,u1_0.name,u1_0.password,u1_0.role,u1_0.updated_at from users u1_0
Hibernate: delete from users where id=?
Hibernate: insert into users (created_at,email,name,password,role,updated_at,id) values (?,?,?,?,?,?,default)
Hibernate: insert into candidates (created_at,deleted,deleted_at,education,experience_years,headline,location,phone,resume_url,skills,summary,updated_at,user_id,id) values (?,?,?,?,?,?,?,?,?,?,?,?,?,default)
Hibernate: insert into jobs (created_at,deleted,deleted_at,description,employer_id,location,salary_max,salary_min,status,title,updated_at,id) values (?,?,?,?,?,?,?,?,?,?,?,default)
Hibernate: insert into job_applications (applied_at,candidate_id,cover_letter,job_id,status,updated_at,id) values (?,?,?,?,?,?,default)
Hibernate: select sj1_0.id,sj1_0.candidate_id,sj1_0.job_id,sj1_0.saved_at from saved_jobs sj1_0
Hibernate: select ja1_0.id,ja1_0.applied_at,ja1_0.candidate_id,ja1_0.cover_letter,ja1_0.job_id,ja1_0.status,ja1_0.updated_at from job_applications ja1_0
Hibernate: delete from job_applications where id=?
Hibernate: select j1_0.id,j1_0.created_at,j1_0.deleted,j1_0.deleted_at,j1_0.description,j1_0.employer_id,j1_0.location,j1_0.salary_max,j1_0.salary_min,j1_0.status,j1_0.title,j1_0.updated_at from jobs j1_0 where (j1_0.deleted = false)
Hibernate: delete from job_categories where job_id=?
Hibernate: delete from jobs where id=?
Hibernate: select c1_0.id,c1_0.created_at,c1_0.deleted,c1_0.deleted_at,c1_0.education,c1_0.experience_years,c1_0.headline,c1_0.location,c1_0.phone,c1_0.resume_url,c1_0.skills,c1_0.summary,c1_0.updated_at,c1_0.user_id from candidates c1_0
Hibernate: select u1_0.id,u1_0.created_at,u1_0.email,u1_0.name,u1_0.password,u1_0.role,u1_0.updated_at from users u1_0 where u1_0.id=?
Hibernate: delete from candidates where id=?
Hibernate: select u1_0.id,u1_0.created_at,u1_0.email,u1_0.name,u1_0.password,u1_0.role,u1_0.updated_at from users u1_0
Hibernate: delete from users where id=?
Hibernate: insert into users (created_at,email,name,password,role,updated_at,id) values (?,?,?,?,?,?,default)
Hibernate: insert into candidates (created_at,deleted,deleted_at,education,experience_years,headline,location,phone,resume_url,skills,summary,updated_at,user_id,id) values (?,?,?,?,?,?,?,?,?,?,?,?,?,default)
Hibernate: insert into jobs (created_at,deleted,deleted_at,description,employer_id,location,salary_max,salary_min,status,title,updated_at,id) values (?,?,?,?,?,?,?,?,?,?,?,default)
2026-02-22T15:40:20.444+05:30  INFO 10732 --- [job-portal] [           main] c.j.a.service.ApplicationService         : User 'candidate@test.com' applying for job id: 12
Hibernate: select u1_0.id,u1_0.created_at,u1_0.email,u1_0.name,u1_0.password,u1_0.role,u1_0.updated_at from users u1_0 where u1_0.email=?
Hibernate: select c1_0.id,c1_0.created_at,c1_0.deleted,c1_0.deleted_at,c1_0.education,c1_0.experience_years,c1_0.headline,c1_0.location,c1_0.phone,c1_0.resume_url,c1_0.skills,c1_0.summary,c1_0.updated_at,c1_0.user_id from candidates c1_0 where c1_0.user_id=?
Hibernate: select j1_0.id,j1_0.created_at,j1_0.deleted,j1_0.deleted_at,j1_0.description,j1_0.employer_id,j1_0.location,j1_0.salary_max,j1_0.salary_min,j1_0.status,j1_0.title,j1_0.updated_at from jobs j1_0 where j1_0.id=? and (j1_0.deleted = false)
Hibernate: select ja1_0.id from job_applications ja1_0 where ja1_0.candidate_id=? and ja1_0.job_id=? fetch first ? rows only
Hibernate: insert into job_applications (applied_at,candidate_id,cover_letter,job_id,status,updated_at,id) values (?,?,?,?,?,?,default)
2026-02-22T15:40:20.455+05:30  INFO 10732 --- [job-portal] [           main] c.j.a.service.ApplicationService         : Application created successfully with id: 6 for job id: 12
Hibernate: select sj1_0.id,sj1_0.candidate_id,sj1_0.job_id,sj1_0.saved_at from saved_jobs sj1_0
Hibernate: select ja1_0.id,ja1_0.applied_at,ja1_0.candidate_id,ja1_0.cover_letter,ja1_0.job_id,ja1_0.status,ja1_0.updated_at from job_applications ja1_0
Hibernate: delete from job_applications where id=?
Hibernate: select j1_0.id,j1_0.created_at,j1_0.deleted,j1_0.deleted_at,j1_0.description,j1_0.employer_id,j1_0.location,j1_0.salary_max,j1_0.salary_min,j1_0.status,j1_0.title,j1_0.updated_at from jobs j1_0 where (j1_0.deleted = false)
Hibernate: delete from job_categories where job_id=?
Hibernate: delete from jobs where id=?
Hibernate: select c1_0.id,c1_0.created_at,c1_0.deleted,c1_0.deleted_at,c1_0.education,c1_0.experience_years,c1_0.headline,c1_0.location,c1_0.phone,c1_0.resume_url,c1_0.skills,c1_0.summary,c1_0.updated_at,c1_0.user_id from candidates c1_0
Hibernate: select u1_0.id,u1_0.created_at,u1_0.email,u1_0.name,u1_0.password,u1_0.role,u1_0.updated_at from users u1_0 where u1_0.id=?
Hibernate: delete from candidates where id=?
Hibernate: select u1_0.id,u1_0.created_at,u1_0.email,u1_0.name,u1_0.password,u1_0.role,u1_0.updated_at from users u1_0
Hibernate: delete from users where id=?
Hibernate: insert into users (created_at,email,name,password,role,updated_at,id) values (?,?,?,?,?,?,default)
Hibernate: insert into candidates (created_at,deleted,deleted_at,education,experience_years,headline,location,phone,resume_url,skills,summary,updated_at,user_id,id) values (?,?,?,?,?,?,?,?,?,?,?,?,?,default)
Hibernate: insert into jobs (created_at,deleted,deleted_at,description,employer_id,location,salary_max,salary_min,status,title,updated_at,id) values (?,?,?,?,?,?,?,?,?,?,?,default)
Hibernate: insert into job_applications (applied_at,candidate_id,cover_letter,job_id,status,updated_at,id) values (?,?,?,?,?,?,default)
2026-02-22T15:40:20.510+05:30  INFO 10732 --- [job-portal] [           main] c.j.a.service.ApplicationService         : Withdrawing application id: 7 by user: candidate@test.com
Hibernate: select ja1_0.id,ja1_0.applied_at,ja1_0.candidate_id,ja1_0.cover_letter,ja1_0.job_id,ja1_0.status,ja1_0.updated_at from job_applications ja1_0 where ja1_0.id=?
Hibernate: select u1_0.id,u1_0.created_at,u1_0.email,u1_0.name,u1_0.password,u1_0.role,u1_0.updated_at from users u1_0 where u1_0.email=?
Hibernate: select c1_0.id,c1_0.created_at,c1_0.deleted,c1_0.deleted_at,c1_0.education,c1_0.experience_years,c1_0.headline,c1_0.location,c1_0.phone,c1_0.resume_url,c1_0.skills,c1_0.summary,c1_0.updated_at,c1_0.user_id from candidates c1_0 where c1_0.user_id=?
Hibernate: update job_applications set candidate_id=?,cover_letter=?,job_id=?,status=?,updated_at=? where id=?
2026-02-22T15:40:20.522+05:30  INFO 10732 --- [job-portal] [           main] c.j.a.service.ApplicationService         : Application withdrawn successfully - id: 7
Hibernate: select j1_0.id,j1_0.created_at,j1_0.deleted,j1_0.deleted_at,j1_0.description,j1_0.employer_id,j1_0.location,j1_0.salary_max,j1_0.salary_min,j1_0.status,j1_0.title,j1_0.updated_at from jobs j1_0 where j1_0.id=? and (j1_0.deleted = false)
[INFO] Tests run: 12, Failures: 0, Errors: 0, Skipped: 0, Time elapsed: 18.34 s -- in com.jobportal.application.controller.ApplicationControllerIntegrationTest
[INFO] Running com.jobportal.application.service.ApplicationServiceTest
2026-02-22T15:40:21.818+05:30  INFO 10732 --- [job-portal] [           main] c.j.a.service.ApplicationService         : Fetching application by id: 999
2026-02-22T15:40:21.826+05:30  WARN 10732 --- [job-portal] [           main] c.j.a.service.ApplicationService         : Application not found with id: 999
2026-02-22T15:40:21.856+05:30  INFO 10732 --- [job-portal] [           main] c.j.a.service.ApplicationService         : Fetching application by id: 100
2026-02-22T15:40:21.875+05:30  INFO 10732 --- [job-portal] [           main] c.j.a.service.ApplicationService         : User 'candidate@test.com' applying for job id: 10
2026-02-22T15:40:21.876+05:30  WARN 10732 --- [job-portal] [           main] c.j.a.service.ApplicationService         : Candidate profile not found for user: candidate@test.com
2026-02-22T15:40:21.891+05:30  INFO 10732 --- [job-portal] [           main] c.j.a.service.ApplicationService         : Withdrawing application id: 100 by user: candidate@test.com
2026-02-22T15:40:21.892+05:30  INFO 10732 --- [job-portal] [           main] c.j.a.service.ApplicationService         : Application withdrawn successfully - id: 100
2026-02-22T15:40:21.933+05:30  INFO 10732 --- [job-portal] [           main] c.j.a.service.ApplicationService         : User 'candidate@test.com' applying for job id: 10
2026-02-22T15:40:21.935+05:30  WARN 10732 --- [job-portal] [           main] c.j.a.service.ApplicationService         : Duplicate application - user 'candidate@test.com' already applied for job id: 10
2026-02-22T15:40:21.949+05:30  INFO 10732 --- [job-portal] [           main] c.j.a.service.ApplicationService         : Withdrawing application id: 100 by user: candidate@test.com
2026-02-22T15:40:21.951+05:30  WARN 10732 --- [job-portal] [           main] c.j.a.service.ApplicationService         : Application id: 100 is already withdrawn
2026-02-22T15:40:21.965+05:30  INFO 10732 --- [job-portal] [           main] c.j.a.service.ApplicationService         : User 'candidate@test.com' applying for job id: 10
2026-02-22T15:40:21.966+05:30  WARN 10732 --- [job-portal] [           main] c.j.a.service.ApplicationService         : Cannot apply - job id: 10 is not active (status: CLOSED)
2026-02-22T15:40:21.977+05:30  INFO 10732 --- [job-portal] [           main] c.j.a.service.ApplicationService         : User 'candidate@test.com' applying for job id: 99
2026-02-22T15:40:21.978+05:30  WARN 10732 --- [job-portal] [           main] c.j.a.service.ApplicationService         : Job not found with id: 99
2026-02-22T15:40:21.986+05:30  INFO 10732 --- [job-portal] [           main] c.j.a.service.ApplicationService         : Updating application status - id: 100, new status: SHORTLISTED
2026-02-22T15:40:21.987+05:30  INFO 10732 --- [job-portal] [           main] c.j.a.service.ApplicationService         : Application status updated successfully - id: 100, status: SHORTLISTED
2026-02-22T15:40:21.997+05:30  INFO 10732 --- [job-portal] [           main] c.j.a.service.ApplicationService         : Updating application status - id: 999, new status: REVIEWED
2026-02-22T15:40:21.998+05:30  WARN 10732 --- [job-portal] [           main] c.j.a.service.ApplicationService         : Application not found with id: 999
2026-02-22T15:40:22.009+05:30  INFO 10732 --- [job-portal] [           main] c.j.a.service.ApplicationService         : User 'candidate@test.com' applying for job id: 10
2026-02-22T15:40:22.010+05:30  INFO 10732 --- [job-portal] [           main] c.j.a.service.ApplicationService         : Application created successfully with id: 100 for job id: 10
2026-02-22T15:40:22.020+05:30  INFO 10732 --- [job-portal] [           main] c.j.a.service.ApplicationService         : User 'candidate@test.com' applying for job id: 10
2026-02-22T15:40:22.020+05:30  WARN 10732 --- [job-portal] [           main] c.j.a.service.ApplicationService         : User not found with email: candidate@test.com
2026-02-22T15:40:22.030+05:30  INFO 10732 --- [job-portal] [           main] c.j.a.service.ApplicationService         : Withdrawing application id: 100 by user: other@test.com
2026-02-22T15:40:22.033+05:30  WARN 10732 --- [job-portal] [           main] c.j.a.service.ApplicationService         : Unauthorized withdrawal attempt - user 'other@test.com' tried to withdraw application id: 100
[INFO] Tests run: 13, Failures: 0, Errors: 0, Skipped: 0, Time elapsed: 1.483 s -- in com.jobportal.application.service.ApplicationServiceTest
[INFO] Running com.jobportal.auth.controller.AuthControllerIntegrationTest
2026-02-22T15:40:22.050+05:30  INFO 10732 --- [job-portal] [           main] t.c.s.AnnotationConfigContextLoaderUtils : Could not detect default configuration classes for test class [com.jobportal.auth.controller.AuthControllerIntegrationTest]: AuthControllerIntegrationTest does not declare any static, non-private, non-final, nested classes annotated with @Configuration.
2026-02-22T15:40:22.163+05:30  INFO 10732 --- [job-portal] [           main] .b.t.c.SpringBootTestContextBootstrapper : Found @SpringBootConfiguration com.jobportal.JobPortalApplication for test class com.jobportal.auth.controller.AuthControllerIntegrationTest
Hibernate: select sj1_0.id,sj1_0.candidate_id,sj1_0.job_id,sj1_0.saved_at from saved_jobs sj1_0
Hibernate: select ja1_0.id,ja1_0.applied_at,ja1_0.candidate_id,ja1_0.cover_letter,ja1_0.job_id,ja1_0.status,ja1_0.updated_at from job_applications ja1_0
Hibernate: delete from job_applications where id=?
Hibernate: select c1_0.id,c1_0.created_at,c1_0.deleted,c1_0.deleted_at,c1_0.education,c1_0.experience_years,c1_0.headline,c1_0.location,c1_0.phone,c1_0.resume_url,c1_0.skills,c1_0.summary,c1_0.updated_at,c1_0.user_id from candidates c1_0
Hibernate: select u1_0.id,u1_0.created_at,u1_0.email,u1_0.name,u1_0.password,u1_0.role,u1_0.updated_at from users u1_0 where u1_0.id=?
Hibernate: delete from candidates where id=?
Hibernate: select e1_0.id,e1_0.company_description,e1_0.company_name,e1_0.company_website,e1_0.created_at,e1_0.deleted,e1_0.deleted_at,e1_0.industry,e1_0.location,e1_0.updated_at,e1_0.user_id from employers e1_0
Hibernate: select u1_0.id,u1_0.created_at,u1_0.email,u1_0.name,u1_0.password,u1_0.role,u1_0.updated_at from users u1_0
Hibernate: delete from users where id=?
Hibernate: select sj1_0.id,sj1_0.candidate_id,sj1_0.job_id,sj1_0.saved_at from saved_jobs sj1_0
Hibernate: select ja1_0.id,ja1_0.applied_at,ja1_0.candidate_id,ja1_0.cover_letter,ja1_0.job_id,ja1_0.status,ja1_0.updated_at from job_applications ja1_0
Hibernate: select c1_0.id,c1_0.created_at,c1_0.deleted,c1_0.deleted_at,c1_0.education,c1_0.experience_years,c1_0.headline,c1_0.location,c1_0.phone,c1_0.resume_url,c1_0.skills,c1_0.summary,c1_0.updated_at,c1_0.user_id from candidates c1_0
Hibernate: select e1_0.id,e1_0.company_description,e1_0.company_name,e1_0.company_website,e1_0.created_at,e1_0.deleted,e1_0.deleted_at,e1_0.industry,e1_0.location,e1_0.updated_at,e1_0.user_id from employers e1_0
Hibernate: select u1_0.id,u1_0.created_at,u1_0.email,u1_0.name,u1_0.password,u1_0.role,u1_0.updated_at from users u1_0
2026-02-22T15:40:22.396+05:30  INFO 10732 --- [job-portal] [           main] com.jobportal.auth.service.AuthService   : Registering new user with email: jane@example.com
Hibernate: select u1_0.id from users u1_0 where u1_0.email=? fetch first ? rows only
Hibernate: insert into users (created_at,email,name,password,role,updated_at,id) values (?,?,?,?,?,?,default)
2026-02-22T15:40:22.636+05:30  INFO 10732 --- [job-portal] [           main] com.jobportal.auth.service.AuthService   : User registered successfully with id: 13, role: EMPLOYER
Hibernate: select u1_0.id,u1_0.created_at,u1_0.email,u1_0.name,u1_0.password,u1_0.role,u1_0.updated_at from users u1_0 where u1_0.email=?
2026-02-22T15:40:22.937+05:30  INFO 10732 --- [job-portal] [           main] com.jobportal.auth.service.AuthService   : Login attempt for email: jane@example.com
Hibernate: select u1_0.id,u1_0.created_at,u1_0.email,u1_0.name,u1_0.password,u1_0.role,u1_0.updated_at from users u1_0 where u1_0.email=?
2026-02-22T15:40:23.230+05:30  WARN 10732 --- [job-portal] [           main] c.j.c.exception.GlobalExceptionHandler   : Authentication failed: Invalid credentials
Hibernate: select sj1_0.id,sj1_0.candidate_id,sj1_0.job_id,sj1_0.saved_at from saved_jobs sj1_0
Hibernate: select ja1_0.id,ja1_0.applied_at,ja1_0.candidate_id,ja1_0.cover_letter,ja1_0.job_id,ja1_0.status,ja1_0.updated_at from job_applications ja1_0
Hibernate: select c1_0.id,c1_0.created_at,c1_0.deleted,c1_0.deleted_at,c1_0.education,c1_0.experience_years,c1_0.headline,c1_0.location,c1_0.phone,c1_0.resume_url,c1_0.skills,c1_0.summary,c1_0.updated_at,c1_0.user_id from candidates c1_0
Hibernate: select e1_0.id,e1_0.company_description,e1_0.company_name,e1_0.company_website,e1_0.created_at,e1_0.deleted,e1_0.deleted_at,e1_0.industry,e1_0.location,e1_0.updated_at,e1_0.user_id from employers e1_0
Hibernate: select u1_0.id,u1_0.created_at,u1_0.email,u1_0.name,u1_0.password,u1_0.role,u1_0.updated_at from users u1_0
Hibernate: delete from users where id=?
2026-02-22T15:40:23.290+05:30  INFO 10732 --- [job-portal] [           main] com.jobportal.auth.service.AuthService   : Registering new user with email: alice@example.com
Hibernate: select u1_0.id from users u1_0 where u1_0.email=? fetch first ? rows only
Hibernate: insert into users (created_at,email,name,password,role,updated_at,id) values (?,?,?,?,?,?,default)
2026-02-22T15:40:23.430+05:30  INFO 10732 --- [job-portal] [           main] com.jobportal.auth.service.AuthService   : User registered successfully with id: 14, role: CANDIDATE
Hibernate: select u1_0.id,u1_0.created_at,u1_0.email,u1_0.name,u1_0.password,u1_0.role,u1_0.updated_at from users u1_0 where u1_0.email=?
Hibernate: select u1_0.id,u1_0.created_at,u1_0.email,u1_0.name,u1_0.password,u1_0.role,u1_0.updated_at from users u1_0 where u1_0.email=?
2026-02-22T15:40:23.638+05:30  INFO 10732 --- [job-portal] [           main] com.jobportal.auth.service.AuthService   : Fetching current user profile for: alice@example.com
Hibernate: select u1_0.id,u1_0.created_at,u1_0.email,u1_0.name,u1_0.password,u1_0.role,u1_0.updated_at from users u1_0 where u1_0.email=?
Hibernate: select sj1_0.id,sj1_0.candidate_id,sj1_0.job_id,sj1_0.saved_at from saved_jobs sj1_0
Hibernate: select ja1_0.id,ja1_0.applied_at,ja1_0.candidate_id,ja1_0.cover_letter,ja1_0.job_id,ja1_0.status,ja1_0.updated_at from job_applications ja1_0
Hibernate: select c1_0.id,c1_0.created_at,c1_0.deleted,c1_0.deleted_at,c1_0.education,c1_0.experience_years,c1_0.headline,c1_0.location,c1_0.phone,c1_0.resume_url,c1_0.skills,c1_0.summary,c1_0.updated_at,c1_0.user_id from candidates c1_0
Hibernate: select e1_0.id,e1_0.company_description,e1_0.company_name,e1_0.company_website,e1_0.created_at,e1_0.deleted,e1_0.deleted_at,e1_0.industry,e1_0.location,e1_0.updated_at,e1_0.user_id from employers e1_0
Hibernate: select u1_0.id,u1_0.created_at,u1_0.email,u1_0.name,u1_0.password,u1_0.role,u1_0.updated_at from users u1_0
Hibernate: delete from users where id=?
2026-02-22T15:40:23.691+05:30  INFO 10732 --- [job-portal] [           main] com.jobportal.auth.service.AuthService   : Registering new user with email: jane@example.com
Hibernate: select u1_0.id from users u1_0 where u1_0.email=? fetch first ? rows only
Hibernate: insert into users (created_at,email,name,password,role,updated_at,id) values (?,?,?,?,?,?,default)
2026-02-22T15:40:23.845+05:30  INFO 10732 --- [job-portal] [           main] com.jobportal.auth.service.AuthService   : User registered successfully with id: 15, role: EMPLOYER
Hibernate: select u1_0.id,u1_0.created_at,u1_0.email,u1_0.name,u1_0.password,u1_0.role,u1_0.updated_at from users u1_0 where u1_0.email=?
2026-02-22T15:40:23.856+05:30  INFO 10732 --- [job-portal] [           main] com.jobportal.auth.service.AuthService   : Login attempt for email: jane@example.com
Hibernate: select u1_0.id,u1_0.created_at,u1_0.email,u1_0.name,u1_0.password,u1_0.role,u1_0.updated_at from users u1_0 where u1_0.email=?
Hibernate: select u1_0.id,u1_0.created_at,u1_0.email,u1_0.name,u1_0.password,u1_0.role,u1_0.updated_at from users u1_0 where u1_0.email=?
Hibernate: select u1_0.id,u1_0.created_at,u1_0.email,u1_0.name,u1_0.password,u1_0.role,u1_0.updated_at from users u1_0 where u1_0.email=?
2026-02-22T15:40:24.000+05:30  INFO 10732 --- [job-portal] [           main] com.jobportal.auth.service.AuthService   : User logged in successfully: jane@example.com
Hibernate: select sj1_0.id,sj1_0.candidate_id,sj1_0.job_id,sj1_0.saved_at from saved_jobs sj1_0
Hibernate: select ja1_0.id,ja1_0.applied_at,ja1_0.candidate_id,ja1_0.cover_letter,ja1_0.job_id,ja1_0.status,ja1_0.updated_at from job_applications ja1_0
Hibernate: select c1_0.id,c1_0.created_at,c1_0.deleted,c1_0.deleted_at,c1_0.education,c1_0.experience_years,c1_0.headline,c1_0.location,c1_0.phone,c1_0.resume_url,c1_0.skills,c1_0.summary,c1_0.updated_at,c1_0.user_id from candidates c1_0
Hibernate: select e1_0.id,e1_0.company_description,e1_0.company_name,e1_0.company_website,e1_0.created_at,e1_0.deleted,e1_0.deleted_at,e1_0.industry,e1_0.location,e1_0.updated_at,e1_0.user_id from employers e1_0
Hibernate: select u1_0.id,u1_0.created_at,u1_0.email,u1_0.name,u1_0.password,u1_0.role,u1_0.updated_at from users u1_0
Hibernate: delete from users where id=?
2026-02-22T15:40:24.049+05:30  INFO 10732 --- [job-portal] [           main] com.jobportal.auth.service.AuthService   : Registering new user with email: john@example.com
Hibernate: select u1_0.id from users u1_0 where u1_0.email=? fetch first ? rows only
Hibernate: insert into users (created_at,email,name,password,role,updated_at,id) values (?,?,?,?,?,?,default)
2026-02-22T15:40:24.203+05:30  INFO 10732 --- [job-portal] [           main] com.jobportal.auth.service.AuthService   : User registered successfully with id: 16, role: CANDIDATE
Hibernate: select u1_0.id,u1_0.created_at,u1_0.email,u1_0.name,u1_0.password,u1_0.role,u1_0.updated_at from users u1_0 where u1_0.email=?
2026-02-22T15:40:24.217+05:30  INFO 10732 --- [job-portal] [           main] com.jobportal.auth.service.AuthService   : Registering new user with email: john@example.com
Hibernate: select u1_0.id from users u1_0 where u1_0.email=? fetch first ? rows only
2026-02-22T15:40:24.219+05:30  WARN 10732 --- [job-portal] [           main] com.jobportal.auth.service.AuthService   : Registration failed - email already exists: john@example.com
2026-02-22T15:40:24.221+05:30  WARN 10732 --- [job-portal] [           main] c.j.c.exception.GlobalExceptionHandler   : Duplicate resource: Email already registered: john@example.com
Hibernate: select sj1_0.id,sj1_0.candidate_id,sj1_0.job_id,sj1_0.saved_at from saved_jobs sj1_0
Hibernate: select ja1_0.id,ja1_0.applied_at,ja1_0.candidate_id,ja1_0.cover_letter,ja1_0.job_id,ja1_0.status,ja1_0.updated_at from job_applications ja1_0
Hibernate: select c1_0.id,c1_0.created_at,c1_0.deleted,c1_0.deleted_at,c1_0.education,c1_0.experience_years,c1_0.headline,c1_0.location,c1_0.phone,c1_0.resume_url,c1_0.skills,c1_0.summary,c1_0.updated_at,c1_0.user_id from candidates c1_0
Hibernate: select e1_0.id,e1_0.company_description,e1_0.company_name,e1_0.company_website,e1_0.created_at,e1_0.deleted,e1_0.deleted_at,e1_0.industry,e1_0.location,e1_0.updated_at,e1_0.user_id from employers e1_0
Hibernate: select u1_0.id,u1_0.created_at,u1_0.email,u1_0.name,u1_0.password,u1_0.role,u1_0.updated_at from users u1_0
Hibernate: delete from users where id=?
2026-02-22T15:40:24.267+05:30  INFO 10732 --- [job-portal] [           main] com.jobportal.auth.service.AuthService   : Registering new user with email: john@example.com
Hibernate: select u1_0.id from users u1_0 where u1_0.email=? fetch first ? rows only
Hibernate: insert into users (created_at,email,name,password,role,updated_at,id) values (?,?,?,?,?,?,default)
2026-02-22T15:40:24.419+05:30  INFO 10732 --- [job-portal] [           main] com.jobportal.auth.service.AuthService   : User registered successfully with id: 17, role: CANDIDATE
Hibernate: select u1_0.id,u1_0.created_at,u1_0.email,u1_0.name,u1_0.password,u1_0.role,u1_0.updated_at from users u1_0 where u1_0.email=?
Hibernate: select sj1_0.id,sj1_0.candidate_id,sj1_0.job_id,sj1_0.saved_at from saved_jobs sj1_0
Hibernate: select ja1_0.id,ja1_0.applied_at,ja1_0.candidate_id,ja1_0.cover_letter,ja1_0.job_id,ja1_0.status,ja1_0.updated_at from job_applications ja1_0
Hibernate: select c1_0.id,c1_0.created_at,c1_0.deleted,c1_0.deleted_at,c1_0.education,c1_0.experience_years,c1_0.headline,c1_0.location,c1_0.phone,c1_0.resume_url,c1_0.skills,c1_0.summary,c1_0.updated_at,c1_0.user_id from candidates c1_0
Hibernate: select e1_0.id,e1_0.company_description,e1_0.company_name,e1_0.company_website,e1_0.created_at,e1_0.deleted,e1_0.deleted_at,e1_0.industry,e1_0.location,e1_0.updated_at,e1_0.user_id from employers e1_0
Hibernate: select u1_0.id,u1_0.created_at,u1_0.email,u1_0.name,u1_0.password,u1_0.role,u1_0.updated_at from users u1_0
Hibernate: delete from users where id=?
2026-02-22T15:40:24.472+05:30  WARN 10732 --- [job-portal] [           main] c.j.c.exception.GlobalExceptionHandler   : Validation failed: Validation failed for argument [0] in public org.springframework.http.ResponseEntity<com.jobportal.common.response.ApiResponse<com.jobportal.auth.dto.AuthResponseDTO>> com.jobportal.auth.controller.AuthController.register(com.jobportal.auth.dto.RegisterRequestDTO) with 4 errors: [Field error in object 'registerRequestDTO' on field 'name': rejected value []; codes [NotBlank.registerRequestDTO.name,NotBlank.name,NotBlank.java.lang.String,NotBlank]; arguments [org.springframework.context.support.DefaultMessageSourceResolvable: codes [registerRequestDTO.name,name]; arguments []; default message [name]]; default message [Name is required]] [Field error in object 'registerRequestDTO' on field 'role': rejected value [null]; codes [NotNull.registerRequestDTO.role,NotNull.role,NotNull.com.jobportal.auth.entity.Role,NotNull]; arguments [org.springframework.context.support.DefaultMessageSourceResolvable: codes [registerRequestDTO.role,role]; arguments []; default message [role]]; default message [Role is required]] [Field error in object 'registerRequestDTO' on field 'password': rejected value [12]; codes [Size.registerRequestDTO.password,Size.password,Size.java.lang.String,Size]; arguments [org.springframework.context.support.DefaultMessageSourceResolvable: codes [registerRequestDTO.password,password]; arguments []; default message [password],2147483647,6]; default message [Password must be at least 6 characters]] [Field error in object 'registerRequestDTO' on field 'email': rejected value [invalid-email]; codes [Email.registerRequestDTO.email,Email.email,Email.java.lang.String,Email]; arguments [org.springframework.context.support.DefaultMessageSourceResolvable: codes [registerRequestDTO.email,email]; arguments []; default message [email],[Ljakarta.validation.constraints.Pattern$Flag;@199c7a22,.*]; default message [Email must be valid]] 
[INFO] Tests run: 7, Failures: 0, Errors: 0, Skipped: 0, Time elapsed: 2.441 s -- in com.jobportal.auth.controller.AuthControllerIntegrationTest
[INFO] Running com.jobportal.auth.service.AuthServiceTest
2026-02-22T15:40:24.909+05:30  INFO 10732 --- [job-portal] [           main] com.jobportal.auth.service.AuthService   : Registering new user with email: john@example.com
2026-02-22T15:40:24.910+05:30  INFO 10732 --- [job-portal] [           main] com.jobportal.auth.service.AuthService   : User registered successfully with id: 1, role: CANDIDATE
2026-02-22T15:40:24.926+05:30  INFO 10732 --- [job-portal] [           main] com.jobportal.auth.service.AuthService   : Login attempt for email: john@example.com
2026-02-22T15:40:24.927+05:30  INFO 10732 --- [job-portal] [           main] com.jobportal.auth.service.AuthService   : User logged in successfully: john@example.com
2026-02-22T15:40:24.942+05:30  INFO 10732 --- [job-portal] [           main] com.jobportal.auth.service.AuthService   : Changing password for user: john@example.com
2026-02-22T15:40:24.944+05:30  INFO 10732 --- [job-portal] [           main] com.jobportal.auth.service.AuthService   : Password changed successfully for user: john@example.com
2026-02-22T15:40:24.956+05:30  INFO 10732 --- [job-portal] [           main] com.jobportal.auth.service.AuthService   : Fetching current user profile for: john@example.com
2026-02-22T15:40:24.969+05:30  INFO 10732 --- [job-portal] [           main] com.jobportal.auth.service.AuthService   : Changing password for user: john@example.com
2026-02-22T15:40:24.970+05:30  WARN 10732 --- [job-portal] [           main] com.jobportal.auth.service.AuthService   : Password change failed - incorrect current password for user: john@example.com
2026-02-22T15:40:24.978+05:30  INFO 10732 --- [job-portal] [           main] com.jobportal.auth.service.AuthService   : Changing password for user: john@example.com
2026-02-22T15:40:24.979+05:30  WARN 10732 --- [job-portal] [           main] com.jobportal.auth.service.AuthService   : User not found with email: john@example.com
2026-02-22T15:40:24.986+05:30  INFO 10732 --- [job-portal] [           main] com.jobportal.auth.service.AuthService   : Changing password for user: john@example.com
2026-02-22T15:40:24.986+05:30  WARN 10732 --- [job-portal] [           main] com.jobportal.auth.service.AuthService   : Password change failed - passwords do not match for user: john@example.com
2026-02-22T15:40:24.994+05:30  INFO 10732 --- [job-portal] [           main] com.jobportal.auth.service.AuthService   : Registering new user with email: john@example.com
2026-02-22T15:40:24.995+05:30  WARN 10732 --- [job-portal] [           main] com.jobportal.auth.service.AuthService   : Registration failed - email already exists: john@example.com
[INFO] Tests run: 8, Failures: 0, Errors: 0, Skipped: 0, Time elapsed: 0.511 s -- in com.jobportal.auth.service.AuthServiceTest
[INFO] Running com.jobportal.candidate.controller.CandidateControllerIntegrationTest
2026-02-22T15:40:25.010+05:30  INFO 10732 --- [job-portal] [           main] t.c.s.AnnotationConfigContextLoaderUtils : Could not detect default configuration classes for test class [com.jobportal.candidate.controller.CandidateControllerIntegrationTest]: CandidateControllerIntegrationTest does not declare any static, non-private, non-final, nested classes annotated with @Configuration.
2026-02-22T15:40:25.090+05:30  INFO 10732 --- [job-portal] [           main] .b.t.c.SpringBootTestContextBootstrapper : Found @SpringBootConfiguration com.jobportal.JobPortalApplication for test class com.jobportal.candidate.controller.CandidateControllerIntegrationTest
Hibernate: select sj1_0.id,sj1_0.candidate_id,sj1_0.job_id,sj1_0.saved_at from saved_jobs sj1_0
Hibernate: select ja1_0.id,ja1_0.applied_at,ja1_0.candidate_id,ja1_0.cover_letter,ja1_0.job_id,ja1_0.status,ja1_0.updated_at from job_applications ja1_0
Hibernate: select c1_0.id,c1_0.created_at,c1_0.deleted,c1_0.deleted_at,c1_0.education,c1_0.experience_years,c1_0.headline,c1_0.location,c1_0.phone,c1_0.resume_url,c1_0.skills,c1_0.summary,c1_0.updated_at,c1_0.user_id from candidates c1_0
Hibernate: select u1_0.id,u1_0.created_at,u1_0.email,u1_0.name,u1_0.password,u1_0.role,u1_0.updated_at from users u1_0
Hibernate: insert into users (created_at,email,name,password,role,updated_at,id) values (?,?,?,?,?,?,default)
Hibernate: insert into candidates (created_at,deleted,deleted_at,education,experience_years,headline,location,phone,resume_url,skills,summary,updated_at,user_id,id) values (?,?,?,?,?,?,?,?,?,?,?,?,?,default)
2026-02-22T15:40:25.166+05:30  INFO 10732 --- [job-portal] [           main] c.j.candidate.service.CandidateService   : Updating candidate profile for user: candidate@test.com
Hibernate: select u1_0.id,u1_0.created_at,u1_0.email,u1_0.name,u1_0.password,u1_0.role,u1_0.updated_at from users u1_0 where u1_0.email=?
Hibernate: select c1_0.id,c1_0.created_at,c1_0.deleted,c1_0.deleted_at,c1_0.education,c1_0.experience_years,c1_0.headline,c1_0.location,c1_0.phone,c1_0.resume_url,c1_0.skills,c1_0.summary,c1_0.updated_at,c1_0.user_id from candidates c1_0 where c1_0.user_id=?
Hibernate: update candidates set deleted=?,deleted_at=?,education=?,experience_years=?,headline=?,location=?,phone=?,resume_url=?,skills=?,summary=?,updated_at=?,user_id=? where id=?
2026-02-22T15:40:25.177+05:30  INFO 10732 --- [job-portal] [           main] c.j.candidate.service.CandidateService   : Candidate profile updated successfully for user: candidate@test.com
Hibernate: select sj1_0.id,sj1_0.candidate_id,sj1_0.job_id,sj1_0.saved_at from saved_jobs sj1_0
Hibernate: select ja1_0.id,ja1_0.applied_at,ja1_0.candidate_id,ja1_0.cover_letter,ja1_0.job_id,ja1_0.status,ja1_0.updated_at from job_applications ja1_0
Hibernate: select c1_0.id,c1_0.created_at,c1_0.deleted,c1_0.deleted_at,c1_0.education,c1_0.experience_years,c1_0.headline,c1_0.location,c1_0.phone,c1_0.resume_url,c1_0.skills,c1_0.summary,c1_0.updated_at,c1_0.user_id from candidates c1_0
Hibernate: select u1_0.id,u1_0.created_at,u1_0.email,u1_0.name,u1_0.password,u1_0.role,u1_0.updated_at from users u1_0 where u1_0.id=?
Hibernate: delete from candidates where id=?
Hibernate: select u1_0.id,u1_0.created_at,u1_0.email,u1_0.name,u1_0.password,u1_0.role,u1_0.updated_at from users u1_0
Hibernate: delete from users where id=?
Hibernate: insert into users (created_at,email,name,password,role,updated_at,id) values (?,?,?,?,?,?,default)
Hibernate: select sj1_0.id,sj1_0.candidate_id,sj1_0.job_id,sj1_0.saved_at from saved_jobs sj1_0
Hibernate: select ja1_0.id,ja1_0.applied_at,ja1_0.candidate_id,ja1_0.cover_letter,ja1_0.job_id,ja1_0.status,ja1_0.updated_at from job_applications ja1_0
Hibernate: select c1_0.id,c1_0.created_at,c1_0.deleted,c1_0.deleted_at,c1_0.education,c1_0.experience_years,c1_0.headline,c1_0.location,c1_0.phone,c1_0.resume_url,c1_0.skills,c1_0.summary,c1_0.updated_at,c1_0.user_id from candidates c1_0
Hibernate: select u1_0.id,u1_0.created_at,u1_0.email,u1_0.name,u1_0.password,u1_0.role,u1_0.updated_at from users u1_0
Hibernate: delete from users where id=?
Hibernate: insert into users (created_at,email,name,password,role,updated_at,id) values (?,?,?,?,?,?,default)
Hibernate: insert into candidates (created_at,deleted,deleted_at,education,experience_years,headline,location,phone,resume_url,skills,summary,updated_at,user_id,id) values (?,?,?,?,?,?,?,?,?,?,?,?,?,default)
2026-02-22T15:40:25.309+05:30  INFO 10732 --- [job-portal] [           main] c.j.candidate.service.CandidateService   : Fetching candidate profile by id: 14
Hibernate: select c1_0.id,c1_0.created_at,c1_0.deleted,c1_0.deleted_at,c1_0.education,c1_0.experience_years,c1_0.headline,c1_0.location,c1_0.phone,c1_0.resume_url,c1_0.skills,c1_0.summary,c1_0.updated_at,c1_0.user_id,u1_0.id,u1_0.created_at,u1_0.email,u1_0.name,u1_0.password,u1_0.role,u1_0.updated_at from candidates c1_0 join users u1_0 on u1_0.id=c1_0.user_id where c1_0.id=?
Hibernate: select sj1_0.id,sj1_0.candidate_id,sj1_0.job_id,sj1_0.saved_at from saved_jobs sj1_0
Hibernate: select ja1_0.id,ja1_0.applied_at,ja1_0.candidate_id,ja1_0.cover_letter,ja1_0.job_id,ja1_0.status,ja1_0.updated_at from job_applications ja1_0
Hibernate: select c1_0.id,c1_0.created_at,c1_0.deleted,c1_0.deleted_at,c1_0.education,c1_0.experience_years,c1_0.headline,c1_0.location,c1_0.phone,c1_0.resume_url,c1_0.skills,c1_0.summary,c1_0.updated_at,c1_0.user_id from candidates c1_0
Hibernate: select u1_0.id,u1_0.created_at,u1_0.email,u1_0.name,u1_0.password,u1_0.role,u1_0.updated_at from users u1_0 where u1_0.id=?
Hibernate: delete from candidates where id=?
Hibernate: select u1_0.id,u1_0.created_at,u1_0.email,u1_0.name,u1_0.password,u1_0.role,u1_0.updated_at from users u1_0
Hibernate: delete from users where id=?
Hibernate: insert into users (created_at,email,name,password,role,updated_at,id) values (?,?,?,?,?,?,default)
Hibernate: insert into candidates (created_at,deleted,deleted_at,education,experience_years,headline,location,phone,resume_url,skills,summary,updated_at,user_id,id) values (?,?,?,?,?,?,?,?,?,?,?,?,?,default)
2026-02-22T15:40:25.363+05:30  INFO 10732 --- [job-portal] [           main] c.j.candidate.service.CandidateService   : Creating candidate profile for user: candidate@test.com
Hibernate: select u1_0.id,u1_0.created_at,u1_0.email,u1_0.name,u1_0.password,u1_0.role,u1_0.updated_at from users u1_0 where u1_0.email=?
Hibernate: select c1_0.id from candidates c1_0 where c1_0.user_id=? fetch first ? rows only
2026-02-22T15:40:25.374+05:30  WARN 10732 --- [job-portal] [           main] c.j.candidate.service.CandidateService   : Candidate profile already exists for user: candidate@test.com
2026-02-22T15:40:25.376+05:30  WARN 10732 --- [job-portal] [           main] c.j.c.exception.GlobalExceptionHandler   : Duplicate resource: Candidate profile already exists for user: candidate@test.com
Hibernate: select sj1_0.id,sj1_0.candidate_id,sj1_0.job_id,sj1_0.saved_at from saved_jobs sj1_0
Hibernate: select ja1_0.id,ja1_0.applied_at,ja1_0.candidate_id,ja1_0.cover_letter,ja1_0.job_id,ja1_0.status,ja1_0.updated_at from job_applications ja1_0
Hibernate: select c1_0.id,c1_0.created_at,c1_0.deleted,c1_0.deleted_at,c1_0.education,c1_0.experience_years,c1_0.headline,c1_0.location,c1_0.phone,c1_0.resume_url,c1_0.skills,c1_0.summary,c1_0.updated_at,c1_0.user_id from candidates c1_0
Hibernate: select u1_0.id,u1_0.created_at,u1_0.email,u1_0.name,u1_0.password,u1_0.role,u1_0.updated_at from users u1_0 where u1_0.id=?
Hibernate: delete from candidates where id=?
Hibernate: select u1_0.id,u1_0.created_at,u1_0.email,u1_0.name,u1_0.password,u1_0.role,u1_0.updated_at from users u1_0
Hibernate: delete from users where id=?
Hibernate: insert into users (created_at,email,name,password,role,updated_at,id) values (?,?,?,?,?,?,default)
2026-02-22T15:40:25.452+05:30  WARN 10732 --- [job-portal] [           main] c.j.c.exception.GlobalExceptionHandler   : Validation failed: Validation failed for argument [1] in public org.springframework.http.ResponseEntity<com.jobportal.common.response.ApiResponse<com.jobportal.candidate.dto.CandidateResponseDTO>> com.jobportal.candidate.controller.CandidateController.createProfile(java.security.Principal,com.jobportal.candidate.dto.CandidateRequestDTO): [Field error in object 'candidateRequestDTO' on field 'experienceYears': rejected value [-1]; codes [Min.candidateRequestDTO.experienceYears,Min.experienceYears,Min.java.lang.Integer,Min]; arguments [org.springframework.context.support.DefaultMessageSourceResolvable: codes [candidateRequestDTO.experienceYears,experienceYears]; arguments []; default message [experienceYears],0]; default message [Experience years must be 0 or more]] 
Hibernate: select sj1_0.id,sj1_0.candidate_id,sj1_0.job_id,sj1_0.saved_at from saved_jobs sj1_0
Hibernate: select ja1_0.id,ja1_0.applied_at,ja1_0.candidate_id,ja1_0.cover_letter,ja1_0.job_id,ja1_0.status,ja1_0.updated_at from job_applications ja1_0
Hibernate: select c1_0.id,c1_0.created_at,c1_0.deleted,c1_0.deleted_at,c1_0.education,c1_0.experience_years,c1_0.headline,c1_0.location,c1_0.phone,c1_0.resume_url,c1_0.skills,c1_0.summary,c1_0.updated_at,c1_0.user_id from candidates c1_0
Hibernate: select u1_0.id,u1_0.created_at,u1_0.email,u1_0.name,u1_0.password,u1_0.role,u1_0.updated_at from users u1_0
Hibernate: delete from users where id=?
Hibernate: insert into users (created_at,email,name,password,role,updated_at,id) values (?,?,?,?,?,?,default)
2026-02-22T15:40:25.503+05:30  INFO 10732 --- [job-portal] [           main] c.j.candidate.service.CandidateService   : Fetching candidate profile for user: candidate@test.com
Hibernate: select u1_0.id,u1_0.created_at,u1_0.email,u1_0.name,u1_0.password,u1_0.role,u1_0.updated_at from users u1_0 where u1_0.email=?
Hibernate: select c1_0.id,c1_0.created_at,c1_0.deleted,c1_0.deleted_at,c1_0.education,c1_0.experience_years,c1_0.headline,c1_0.location,c1_0.phone,c1_0.resume_url,c1_0.skills,c1_0.summary,c1_0.updated_at,c1_0.user_id from candidates c1_0 where c1_0.user_id=?
2026-02-22T15:40:25.511+05:30  WARN 10732 --- [job-portal] [           main] c.j.candidate.service.CandidateService   : Candidate profile not found for user: candidate@test.com
2026-02-22T15:40:25.512+05:30  WARN 10732 --- [job-portal] [           main] c.j.c.exception.GlobalExceptionHandler   : Resource not found: Candidate profile not found for user: candidate@test.com
Hibernate: select sj1_0.id,sj1_0.candidate_id,sj1_0.job_id,sj1_0.saved_at from saved_jobs sj1_0
Hibernate: select ja1_0.id,ja1_0.applied_at,ja1_0.candidate_id,ja1_0.cover_letter,ja1_0.job_id,ja1_0.status,ja1_0.updated_at from job_applications ja1_0
Hibernate: select c1_0.id,c1_0.created_at,c1_0.deleted,c1_0.deleted_at,c1_0.education,c1_0.experience_years,c1_0.headline,c1_0.location,c1_0.phone,c1_0.resume_url,c1_0.skills,c1_0.summary,c1_0.updated_at,c1_0.user_id from candidates c1_0
Hibernate: select u1_0.id,u1_0.created_at,u1_0.email,u1_0.name,u1_0.password,u1_0.role,u1_0.updated_at from users u1_0
Hibernate: delete from users where id=?
Hibernate: insert into users (created_at,email,name,password,role,updated_at,id) values (?,?,?,?,?,?,default)
2026-02-22T15:40:25.554+05:30  INFO 10732 --- [job-portal] [           main] c.j.candidate.service.CandidateService   : Updating candidate profile for user: candidate@test.com
Hibernate: select u1_0.id,u1_0.created_at,u1_0.email,u1_0.name,u1_0.password,u1_0.role,u1_0.updated_at from users u1_0 where u1_0.email=?
Hibernate: select c1_0.id,c1_0.created_at,c1_0.deleted,c1_0.deleted_at,c1_0.education,c1_0.experience_years,c1_0.headline,c1_0.location,c1_0.phone,c1_0.resume_url,c1_0.skills,c1_0.summary,c1_0.updated_at,c1_0.user_id from candidates c1_0 where c1_0.user_id=?
2026-02-22T15:40:25.559+05:30  WARN 10732 --- [job-portal] [           main] c.j.candidate.service.CandidateService   : Candidate profile not found for user: candidate@test.com
2026-02-22T15:40:25.560+05:30  WARN 10732 --- [job-portal] [           main] c.j.c.exception.GlobalExceptionHandler   : Resource not found: Candidate profile not found for user: candidate@test.com
Hibernate: select sj1_0.id,sj1_0.candidate_id,sj1_0.job_id,sj1_0.saved_at from saved_jobs sj1_0
Hibernate: select ja1_0.id,ja1_0.applied_at,ja1_0.candidate_id,ja1_0.cover_letter,ja1_0.job_id,ja1_0.status,ja1_0.updated_at from job_applications ja1_0
Hibernate: select c1_0.id,c1_0.created_at,c1_0.deleted,c1_0.deleted_at,c1_0.education,c1_0.experience_years,c1_0.headline,c1_0.location,c1_0.phone,c1_0.resume_url,c1_0.skills,c1_0.summary,c1_0.updated_at,c1_0.user_id from candidates c1_0
Hibernate: select u1_0.id,u1_0.created_at,u1_0.email,u1_0.name,u1_0.password,u1_0.role,u1_0.updated_at from users u1_0
Hibernate: delete from users where id=?
Hibernate: insert into users (created_at,email,name,password,role,updated_at,id) values (?,?,?,?,?,?,default)
2026-02-22T15:40:25.597+05:30  INFO 10732 --- [job-portal] [           main] c.j.candidate.service.CandidateService   : Creating candidate profile for user: candidate@test.com
Hibernate: select u1_0.id,u1_0.created_at,u1_0.email,u1_0.name,u1_0.password,u1_0.role,u1_0.updated_at from users u1_0 where u1_0.email=?
Hibernate: select c1_0.id from candidates c1_0 where c1_0.user_id=? fetch first ? rows only
Hibernate: insert into candidates (created_at,deleted,deleted_at,education,experience_years,headline,location,phone,resume_url,skills,summary,updated_at,user_id,id) values (?,?,?,?,?,?,?,?,?,?,?,?,?,default)
2026-02-22T15:40:25.604+05:30  INFO 10732 --- [job-portal] [           main] c.j.candidate.service.CandidateService   : Candidate profile created successfully with id: 16 for user: candidate@test.com
Hibernate: select sj1_0.id,sj1_0.candidate_id,sj1_0.job_id,sj1_0.saved_at from saved_jobs sj1_0
Hibernate: select ja1_0.id,ja1_0.applied_at,ja1_0.candidate_id,ja1_0.cover_letter,ja1_0.job_id,ja1_0.status,ja1_0.updated_at from job_applications ja1_0
Hibernate: select c1_0.id,c1_0.created_at,c1_0.deleted,c1_0.deleted_at,c1_0.education,c1_0.experience_years,c1_0.headline,c1_0.location,c1_0.phone,c1_0.resume_url,c1_0.skills,c1_0.summary,c1_0.updated_at,c1_0.user_id from candidates c1_0
Hibernate: select u1_0.id,u1_0.created_at,u1_0.email,u1_0.name,u1_0.password,u1_0.role,u1_0.updated_at from users u1_0 where u1_0.id=?
Hibernate: delete from candidates where id=?
Hibernate: select u1_0.id,u1_0.created_at,u1_0.email,u1_0.name,u1_0.password,u1_0.role,u1_0.updated_at from users u1_0
Hibernate: delete from users where id=?
Hibernate: insert into users (created_at,email,name,password,role,updated_at,id) values (?,?,?,?,?,?,default)
Hibernate: insert into candidates (created_at,deleted,deleted_at,education,experience_years,headline,location,phone,resume_url,skills,summary,updated_at,user_id,id) values (?,?,?,?,?,?,?,?,?,?,?,?,?,default)
2026-02-22T15:40:25.660+05:30  INFO 10732 --- [job-portal] [           main] c.j.candidate.service.CandidateService   : Fetching candidate profile for user: candidate@test.com
Hibernate: select u1_0.id,u1_0.created_at,u1_0.email,u1_0.name,u1_0.password,u1_0.role,u1_0.updated_at from users u1_0 where u1_0.email=?
Hibernate: select c1_0.id,c1_0.created_at,c1_0.deleted,c1_0.deleted_at,c1_0.education,c1_0.experience_years,c1_0.headline,c1_0.location,c1_0.phone,c1_0.resume_url,c1_0.skills,c1_0.summary,c1_0.updated_at,c1_0.user_id from candidates c1_0 where c1_0.user_id=?
Hibernate: select sj1_0.id,sj1_0.candidate_id,sj1_0.job_id,sj1_0.saved_at from saved_jobs sj1_0
Hibernate: select ja1_0.id,ja1_0.applied_at,ja1_0.candidate_id,ja1_0.cover_letter,ja1_0.job_id,ja1_0.status,ja1_0.updated_at from job_applications ja1_0
Hibernate: select c1_0.id,c1_0.created_at,c1_0.deleted,c1_0.deleted_at,c1_0.education,c1_0.experience_years,c1_0.headline,c1_0.location,c1_0.phone,c1_0.resume_url,c1_0.skills,c1_0.summary,c1_0.updated_at,c1_0.user_id from candidates c1_0
Hibernate: select u1_0.id,u1_0.created_at,u1_0.email,u1_0.name,u1_0.password,u1_0.role,u1_0.updated_at from users u1_0 where u1_0.id=?
Hibernate: delete from candidates where id=?
Hibernate: select u1_0.id,u1_0.created_at,u1_0.email,u1_0.name,u1_0.password,u1_0.role,u1_0.updated_at from users u1_0
Hibernate: delete from users where id=?
Hibernate: insert into users (created_at,email,name,password,role,updated_at,id) values (?,?,?,?,?,?,default)
2026-02-22T15:40:25.720+05:30  INFO 10732 --- [job-portal] [           main] c.j.candidate.service.CandidateService   : Fetching candidate profile by id: 999
Hibernate: select c1_0.id,c1_0.created_at,c1_0.deleted,c1_0.deleted_at,c1_0.education,c1_0.experience_years,c1_0.headline,c1_0.location,c1_0.phone,c1_0.resume_url,c1_0.skills,c1_0.summary,c1_0.updated_at,c1_0.user_id,u1_0.id,u1_0.created_at,u1_0.email,u1_0.name,u1_0.password,u1_0.role,u1_0.updated_at from candidates c1_0 join users u1_0 on u1_0.id=c1_0.user_id where c1_0.id=?
2026-02-22T15:40:25.723+05:30  WARN 10732 --- [job-portal] [           main] c.j.candidate.service.CandidateService   : Candidate not found with id: 999
2026-02-22T15:40:25.724+05:30  WARN 10732 --- [job-portal] [           main] c.j.c.exception.GlobalExceptionHandler   : Resource not found: Candidate not found with id: 999
[INFO] Tests run: 10, Failures: 0, Errors: 0, Skipped: 0, Time elapsed: 0.728 s -- in com.jobportal.candidate.controller.CandidateControllerIntegrationTest
[INFO] Running com.jobportal.candidate.service.CandidateServiceTest
2026-02-22T15:40:26.006+05:30  INFO 10732 --- [job-portal] [           main] c.j.candidate.service.CandidateService   : Uploading resume for user: candidate@test.com
2026-02-22T15:40:26.008+05:30  INFO 10732 --- [job-portal] [           main] c.j.candidate.service.CandidateService   : Deleting old resume: resumes/old-file.pdf
2026-02-22T15:40:26.009+05:30  INFO 10732 --- [job-portal] [           main] c.j.candidate.service.CandidateService   : Resume uploaded successfully for user: candidate@test.com
2026-02-22T15:40:26.020+05:30  INFO 10732 --- [job-portal] [           main] c.j.candidate.service.CandidateService   : Updating candidate profile for user: candidate@test.com
2026-02-22T15:40:26.021+05:30  INFO 10732 --- [job-portal] [           main] c.j.candidate.service.CandidateService   : Candidate profile updated successfully for user: candidate@test.com
2026-02-22T15:40:26.030+05:30  INFO 10732 --- [job-portal] [           main] c.j.candidate.service.CandidateService   : Fetching candidate profile for user: candidate@test.com
2026-02-22T15:40:26.031+05:30  WARN 10732 --- [job-portal] [           main] c.j.candidate.service.CandidateService   : Candidate profile not found for user: candidate@test.com
2026-02-22T15:40:26.038+05:30  INFO 10732 --- [job-portal] [           main] c.j.candidate.service.CandidateService   : Fetching candidate profile for user: candidate@test.com
2026-02-22T15:40:26.044+05:30  INFO 10732 --- [job-portal] [           main] c.j.candidate.service.CandidateService   : Fetching candidate profile by id: 1
2026-02-22T15:40:26.053+05:30  INFO 10732 --- [job-portal] [           main] c.j.candidate.service.CandidateService   : Fetching dashboard stats for candidate: candidate@test.com
2026-02-22T15:40:26.055+05:30  INFO 10732 --- [job-portal] [           main] c.j.candidate.service.CandidateService   : Dashboard stats retrieved for candidate: candidate@test.com - totalApplications=0, totalSavedJobs=0
2026-02-22T15:40:26.066+05:30  INFO 10732 --- [job-portal] [           main] c.j.candidate.service.CandidateService   : Creating candidate profile for user: candidate@test.com
2026-02-22T15:40:26.067+05:30  WARN 10732 --- [job-portal] [           main] c.j.candidate.service.CandidateService   : User not found with email: candidate@test.com
2026-02-22T15:40:26.075+05:30  INFO 10732 --- [job-portal] [           main] c.j.candidate.service.CandidateService   : Updating candidate profile for user: candidate@test.com
2026-02-22T15:40:26.075+05:30  WARN 10732 --- [job-portal] [           main] c.j.candidate.service.CandidateService   : Candidate profile not found for user: candidate@test.com
2026-02-22T15:40:26.083+05:30  INFO 10732 --- [job-portal] [           main] c.j.candidate.service.CandidateService   : Uploading resume for user: candidate@test.com
2026-02-22T15:40:26.084+05:30  WARN 10732 --- [job-portal] [           main] c.j.candidate.service.CandidateService   : Candidate profile not found for user: candidate@test.com
2026-02-22T15:40:26.093+05:30  INFO 10732 --- [job-portal] [           main] c.j.candidate.service.CandidateService   : Uploading resume for user: candidate@test.com
2026-02-22T15:40:26.094+05:30  INFO 10732 --- [job-portal] [           main] c.j.candidate.service.CandidateService   : Resume uploaded successfully for user: candidate@test.com
2026-02-22T15:40:26.104+05:30  INFO 10732 --- [job-portal] [           main] c.j.candidate.service.CandidateService   : Fetching dashboard stats for candidate: candidate@test.com
2026-02-22T15:40:26.105+05:30  INFO 10732 --- [job-portal] [           main] c.j.candidate.service.CandidateService   : Dashboard stats retrieved for candidate: candidate@test.com - totalApplications=15, totalSavedJobs=8
2026-02-22T15:40:26.111+05:30  INFO 10732 --- [job-portal] [           main] c.j.candidate.service.CandidateService   : Creating candidate profile for user: candidate@test.com
2026-02-22T15:40:26.111+05:30  WARN 10732 --- [job-portal] [           main] c.j.candidate.service.CandidateService   : Candidate profile already exists for user: candidate@test.com
2026-02-22T15:40:26.119+05:30  INFO 10732 --- [job-portal] [           main] c.j.candidate.service.CandidateService   : Fetching candidate profile by id: 99
2026-02-22T15:40:26.120+05:30  WARN 10732 --- [job-portal] [           main] c.j.candidate.service.CandidateService   : Candidate not found with id: 99
2026-02-22T15:40:26.127+05:30  INFO 10732 --- [job-portal] [           main] c.j.candidate.service.CandidateService   : Downloading resume for candidate id: 1
2026-02-22T15:40:26.128+05:30  WARN 10732 --- [job-portal] [           main] c.j.candidate.service.CandidateService   : No resume found for candidate id: 1
2026-02-22T15:40:26.134+05:30  INFO 10732 --- [job-portal] [           main] c.j.candidate.service.CandidateService   : Updating candidate profile for user: candidate@test.com
2026-02-22T15:40:26.134+05:30  WARN 10732 --- [job-portal] [           main] c.j.candidate.service.CandidateService   : User not found with email: candidate@test.com
2026-02-22T15:40:26.143+05:30  INFO 10732 --- [job-portal] [           main] c.j.candidate.service.CandidateService   : Uploading resume for user: candidate@test.com
2026-02-22T15:40:26.144+05:30  WARN 10732 --- [job-portal] [           main] c.j.candidate.service.CandidateService   : User not found with email: candidate@test.com
2026-02-22T15:40:26.151+05:30  INFO 10732 --- [job-portal] [           main] c.j.candidate.service.CandidateService   : Fetching dashboard stats for candidate: candidate@test.com
2026-02-22T15:40:26.152+05:30  WARN 10732 --- [job-portal] [           main] c.j.candidate.service.CandidateService   : Candidate profile not found for user: candidate@test.com
2026-02-22T15:40:26.163+05:30  INFO 10732 --- [job-portal] [           main] c.j.candidate.service.CandidateService   : Fetching dashboard stats for candidate: candidate@test.com
2026-02-22T15:40:26.163+05:30  WARN 10732 --- [job-portal] [           main] c.j.candidate.service.CandidateService   : User not found with email: candidate@test.com
2026-02-22T15:40:26.170+05:30  INFO 10732 --- [job-portal] [           main] c.j.candidate.service.CandidateService   : Downloading resume for candidate id: 99
2026-02-22T15:40:26.171+05:30  WARN 10732 --- [job-portal] [           main] c.j.candidate.service.CandidateService   : Candidate not found with id: 99
2026-02-22T15:40:26.305+05:30  INFO 10732 --- [job-portal] [           main] c.j.candidate.service.CandidateService   : Downloading resume for candidate id: 1
2026-02-22T15:40:26.313+05:30  INFO 10732 --- [job-portal] [           main] c.j.candidate.service.CandidateService   : Fetching candidate profile for user: candidate@test.com
2026-02-22T15:40:26.313+05:30  WARN 10732 --- [job-portal] [           main] c.j.candidate.service.CandidateService   : User not found with email: candidate@test.com
2026-02-22T15:40:26.322+05:30  INFO 10732 --- [job-portal] [           main] c.j.candidate.service.CandidateService   : Creating candidate profile for user: candidate@test.com
2026-02-22T15:40:26.323+05:30  INFO 10732 --- [job-portal] [           main] c.j.candidate.service.CandidateService   : Candidate profile created successfully with id: 1 for user: candidate@test.com
[INFO] Tests run: 22, Failures: 0, Errors: 0, Skipped: 0, Time elapsed: 0.588 s -- in com.jobportal.candidate.service.CandidateServiceTest
[INFO] Running com.jobportal.common.service.FileStorageServiceTest
2026-02-22T15:40:26.335+05:30  INFO 10732 --- [job-portal] [           main] c.j.common.service.FileStorageService    : File storage initialized at: C:\Users\GULSHA~1\AppData\Local\Temp\test-uploads15940616893944432555
2026-02-22T15:40:26.336+05:30  INFO 10732 --- [job-portal] [           main] c.j.common.service.FileStorageService    : Storing file: resume.docx in sub-directory: resumes
2026-02-22T15:40:26.340+05:30  INFO 10732 --- [job-portal] [           main] c.j.common.service.FileStorageService    : File stored successfully: resumes/842606e9-6cca-4e26-b9b7-3ae893ba5407.docx
2026-02-22T15:40:26.520+05:30  INFO 10732 --- [job-portal] [           main] c.j.common.service.FileStorageService    : File storage initialized at: C:\Users\GULSHA~1\AppData\Local\Temp\test-uploads9133943149252305588
2026-02-22T15:40:26.526+05:30  INFO 10732 --- [job-portal] [           main] c.j.common.service.FileStorageService    : Storing file: large.pdf in sub-directory: resumes
2026-02-22T15:40:26.526+05:30  WARN 10732 --- [job-portal] [           main] c.j.common.service.FileStorageService    : File size exceeds limit: 6291456 bytes
2026-02-22T15:40:26.535+05:30  INFO 10732 --- [job-portal] [           main] c.j.common.service.FileStorageService    : File storage initialized at: C:\Users\GULSHA~1\AppData\Local\Temp\test-uploads5613314053991050155
2026-02-22T15:40:26.537+05:30  INFO 10732 --- [job-portal] [           main] c.j.common.service.FileStorageService    : Storing file:  in sub-directory: resumes
2026-02-22T15:40:26.543+05:30  INFO 10732 --- [job-portal] [           main] c.j.common.service.FileStorageService    : File storage initialized at: C:\Users\GULSHA~1\AppData\Local\Temp\test-uploads5558841047948291459
2026-02-22T15:40:26.545+05:30  INFO 10732 --- [job-portal] [           main] c.j.common.service.FileStorageService    : Loading file: resumes/nonexistent.pdf
2026-02-22T15:40:26.546+05:30  WARN 10732 --- [job-portal] [           main] c.j.common.service.FileStorageService    : File not found: resumes/nonexistent.pdf
2026-02-22T15:40:26.551+05:30  INFO 10732 --- [job-portal] [           main] c.j.common.service.FileStorageService    : File storage initialized at: C:\Users\GULSHA~1\AppData\Local\Temp\test-uploads11699322376915618959
2026-02-22T15:40:26.551+05:30  INFO 10732 --- [job-portal] [           main] c.j.common.service.FileStorageService    : Storing file: resume.pdf in sub-directory: resumes
2026-02-22T15:40:26.553+05:30  INFO 10732 --- [job-portal] [           main] c.j.common.service.FileStorageService    : File stored successfully: resumes/441f5729-9d9f-47bd-866c-dece14afe19e.pdf
2026-02-22T15:40:26.553+05:30  INFO 10732 --- [job-portal] [           main] c.j.common.service.FileStorageService    : Deleting file: resumes/441f5729-9d9f-47bd-866c-dece14afe19e.pdf
2026-02-22T15:40:26.554+05:30  INFO 10732 --- [job-portal] [           main] c.j.common.service.FileStorageService    : File deleted successfully: resumes/441f5729-9d9f-47bd-866c-dece14afe19e.pdf
2026-02-22T15:40:26.559+05:30  INFO 10732 --- [job-portal] [           main] c.j.common.service.FileStorageService    : File storage initialized at: C:\Users\GULSHA~1\AppData\Local\Temp\test-uploads14711710353267518584
2026-02-22T15:40:26.560+05:30  INFO 10732 --- [job-portal] [           main] c.j.common.service.FileStorageService    : Storing file: resume.doc in sub-directory: resumes
2026-02-22T15:40:26.562+05:30  INFO 10732 --- [job-portal] [           main] c.j.common.service.FileStorageService    : File stored successfully: resumes/b141bad1-a29d-403f-a3a5-c6fd1ca34410.doc
2026-02-22T15:40:26.568+05:30  INFO 10732 --- [job-portal] [           main] c.j.common.service.FileStorageService    : File storage initialized at: C:\Users\GULSHA~1\AppData\Local\Temp\test-uploads13348801897761461635
2026-02-22T15:40:26.569+05:30  INFO 10732 --- [job-portal] [           main] c.j.common.service.FileStorageService    : Storing file: resume.pdf in sub-directory: resumes
2026-02-22T15:40:26.570+05:30  INFO 10732 --- [job-portal] [           main] c.j.common.service.FileStorageService    : File stored successfully: resumes/c8c252ad-b513-4b0c-a12f-3332fac64c85.pdf
2026-02-22T15:40:26.571+05:30  INFO 10732 --- [job-portal] [           main] c.j.common.service.FileStorageService    : Loading file: resumes/c8c252ad-b513-4b0c-a12f-3332fac64c85.pdf
2026-02-22T15:40:26.578+05:30  INFO 10732 --- [job-portal] [           main] c.j.common.service.FileStorageService    : File storage initialized at: C:\Users\GULSHA~1\AppData\Local\Temp\test-uploads17777322161151953121
2026-02-22T15:40:26.580+05:30  INFO 10732 --- [job-portal] [           main] c.j.common.service.FileStorageService    : Storing file: image.png in sub-directory: resumes
2026-02-22T15:40:26.580+05:30  WARN 10732 --- [job-portal] [           main] c.j.common.service.FileStorageService    : Invalid file type: image/png
2026-02-22T15:40:26.584+05:30  INFO 10732 --- [job-portal] [           main] c.j.common.service.FileStorageService    : File storage initialized at: C:\Users\GULSHA~1\AppData\Local\Temp\test-uploads2105782913492074993
2026-02-22T15:40:26.584+05:30  INFO 10732 --- [job-portal] [           main] c.j.common.service.FileStorageService    : Deleting file: resumes/nonexistent.pdf
2026-02-22T15:40:26.585+05:30  INFO 10732 --- [job-portal] [           main] c.j.common.service.FileStorageService    : File deleted successfully: resumes/nonexistent.pdf
2026-02-22T15:40:26.589+05:30  INFO 10732 --- [job-portal] [           main] c.j.common.service.FileStorageService    : File storage initialized at: C:\Users\GULSHA~1\AppData\Local\Temp\test-uploads14771147300033599684
2026-02-22T15:40:26.589+05:30  INFO 10732 --- [job-portal] [           main] c.j.common.service.FileStorageService    : Storing file: resume.pdf in sub-directory: resumes
2026-02-22T15:40:26.591+05:30  INFO 10732 --- [job-portal] [           main] c.j.common.service.FileStorageService    : File stored successfully: resumes/b2236b30-c17d-455f-8eb0-c4ba6afc13e8.pdf
[INFO] Tests run: 10, Failures: 0, Errors: 0, Skipped: 0, Time elapsed: 0.265 s -- in com.jobportal.common.service.FileStorageServiceTest
[INFO] Running com.jobportal.employer.controller.EmployerControllerIntegrationTest
2026-02-22T15:40:26.601+05:30  INFO 10732 --- [job-portal] [           main] t.c.s.AnnotationConfigContextLoaderUtils : Could not detect default configuration classes for test class [com.jobportal.employer.controller.EmployerControllerIntegrationTest]: EmployerControllerIntegrationTest does not declare any static, non-private, non-final, nested classes annotated with @Configuration.
2026-02-22T15:40:26.651+05:30  INFO 10732 --- [job-portal] [           main] .b.t.c.SpringBootTestContextBootstrapper : Found @SpringBootConfiguration com.jobportal.JobPortalApplication for test class com.jobportal.employer.controller.EmployerControllerIntegrationTest
Hibernate: select sj1_0.id,sj1_0.candidate_id,sj1_0.job_id,sj1_0.saved_at from saved_jobs sj1_0
Hibernate: select ja1_0.id,ja1_0.applied_at,ja1_0.candidate_id,ja1_0.cover_letter,ja1_0.job_id,ja1_0.status,ja1_0.updated_at from job_applications ja1_0
Hibernate: select e1_0.id,e1_0.company_description,e1_0.company_name,e1_0.company_website,e1_0.created_at,e1_0.deleted,e1_0.deleted_at,e1_0.industry,e1_0.location,e1_0.updated_at,e1_0.user_id from employers e1_0
Hibernate: select u1_0.id,u1_0.created_at,u1_0.email,u1_0.name,u1_0.password,u1_0.role,u1_0.updated_at from users u1_0
Hibernate: delete from users where id=?
Hibernate: insert into users (created_at,email,name,password,role,updated_at,id) values (?,?,?,?,?,?,default)
Hibernate: insert into employers (company_description,company_name,company_website,created_at,deleted,deleted_at,industry,location,updated_at,user_id,id) values (?,?,?,?,?,?,?,?,?,?,default)
2026-02-22T15:40:26.714+05:30  INFO 10732 --- [job-portal] [           main] c.j.employer.service.EmployerService     : Updating employer profile for user: employer@test.com
Hibernate: select u1_0.id,u1_0.created_at,u1_0.email,u1_0.name,u1_0.password,u1_0.role,u1_0.updated_at from users u1_0 where u1_0.email=?
Hibernate: select e1_0.id,e1_0.company_description,e1_0.company_name,e1_0.company_website,e1_0.created_at,e1_0.deleted,e1_0.deleted_at,e1_0.industry,e1_0.location,e1_0.updated_at,e1_0.user_id from employers e1_0 where e1_0.user_id=?
Hibernate: update employers set company_description=?,company_name=?,company_website=?,deleted=?,deleted_at=?,industry=?,location=?,updated_at=?,user_id=? where id=?
2026-02-22T15:40:26.730+05:30  INFO 10732 --- [job-portal] [           main] c.j.employer.service.EmployerService     : Employer profile updated successfully for user: employer@test.com
Hibernate: select sj1_0.id,sj1_0.candidate_id,sj1_0.job_id,sj1_0.saved_at from saved_jobs sj1_0
Hibernate: select ja1_0.id,ja1_0.applied_at,ja1_0.candidate_id,ja1_0.cover_letter,ja1_0.job_id,ja1_0.status,ja1_0.updated_at from job_applications ja1_0
Hibernate: select e1_0.id,e1_0.company_description,e1_0.company_name,e1_0.company_website,e1_0.created_at,e1_0.deleted,e1_0.deleted_at,e1_0.industry,e1_0.location,e1_0.updated_at,e1_0.user_id from employers e1_0
Hibernate: select u1_0.id,u1_0.created_at,u1_0.email,u1_0.name,u1_0.password,u1_0.role,u1_0.updated_at from users u1_0 where u1_0.id=?
Hibernate: delete from employers where id=?
Hibernate: select u1_0.id,u1_0.created_at,u1_0.email,u1_0.name,u1_0.password,u1_0.role,u1_0.updated_at from users u1_0
Hibernate: delete from users where id=?
Hibernate: insert into users (created_at,email,name,password,role,updated_at,id) values (?,?,?,?,?,?,default)
2026-02-22T15:40:26.788+05:30  INFO 10732 --- [job-portal] [           main] c.j.employer.service.EmployerService     : Fetching employer profile by id: 999
Hibernate: select e1_0.id,e1_0.company_description,e1_0.company_name,e1_0.company_website,e1_0.created_at,e1_0.deleted,e1_0.deleted_at,e1_0.industry,e1_0.location,e1_0.updated_at,e1_0.user_id,u1_0.id,u1_0.created_at,u1_0.email,u1_0.name,u1_0.password,u1_0.role,u1_0.updated_at from employers e1_0 join users u1_0 on u1_0.id=e1_0.user_id where e1_0.id=?
2026-02-22T15:40:26.793+05:30  WARN 10732 --- [job-portal] [           main] c.j.employer.service.EmployerService     : Employer not found with id: 999
2026-02-22T15:40:26.794+05:30  WARN 10732 --- [job-portal] [           main] c.j.c.exception.GlobalExceptionHandler   : Resource not found: Employer not found with id: 999
Hibernate: select sj1_0.id,sj1_0.candidate_id,sj1_0.job_id,sj1_0.saved_at from saved_jobs sj1_0
Hibernate: select ja1_0.id,ja1_0.applied_at,ja1_0.candidate_id,ja1_0.cover_letter,ja1_0.job_id,ja1_0.status,ja1_0.updated_at from job_applications ja1_0
Hibernate: select e1_0.id,e1_0.company_description,e1_0.company_name,e1_0.company_website,e1_0.created_at,e1_0.deleted,e1_0.deleted_at,e1_0.industry,e1_0.location,e1_0.updated_at,e1_0.user_id from employers e1_0
Hibernate: select u1_0.id,u1_0.created_at,u1_0.email,u1_0.name,u1_0.password,u1_0.role,u1_0.updated_at from users u1_0
Hibernate: delete from users where id=?
Hibernate: insert into users (created_at,email,name,password,role,updated_at,id) values (?,?,?,?,?,?,default)
Hibernate: insert into employers (company_description,company_name,company_website,created_at,deleted,deleted_at,industry,location,updated_at,user_id,id) values (?,?,?,?,?,?,?,?,?,?,default)
2026-02-22T15:40:26.836+05:30  INFO 10732 --- [job-portal] [           main] c.j.employer.service.EmployerService     : Fetching employer profile by id: 2
Hibernate: select e1_0.id,e1_0.company_description,e1_0.company_name,e1_0.company_website,e1_0.created_at,e1_0.deleted,e1_0.deleted_at,e1_0.industry,e1_0.location,e1_0.updated_at,e1_0.user_id,u1_0.id,u1_0.created_at,u1_0.email,u1_0.name,u1_0.password,u1_0.role,u1_0.updated_at from employers e1_0 join users u1_0 on u1_0.id=e1_0.user_id where e1_0.id=?
Hibernate: select sj1_0.id,sj1_0.candidate_id,sj1_0.job_id,sj1_0.saved_at from saved_jobs sj1_0
Hibernate: select ja1_0.id,ja1_0.applied_at,ja1_0.candidate_id,ja1_0.cover_letter,ja1_0.job_id,ja1_0.status,ja1_0.updated_at from job_applications ja1_0
Hibernate: select e1_0.id,e1_0.company_description,e1_0.company_name,e1_0.company_website,e1_0.created_at,e1_0.deleted,e1_0.deleted_at,e1_0.industry,e1_0.location,e1_0.updated_at,e1_0.user_id from employers e1_0
Hibernate: select u1_0.id,u1_0.created_at,u1_0.email,u1_0.name,u1_0.password,u1_0.role,u1_0.updated_at from users u1_0 where u1_0.id=?
Hibernate: delete from employers where id=?
Hibernate: select u1_0.id,u1_0.created_at,u1_0.email,u1_0.name,u1_0.password,u1_0.role,u1_0.updated_at from users u1_0
Hibernate: delete from users where id=?
Hibernate: insert into users (created_at,email,name,password,role,updated_at,id) values (?,?,?,?,?,?,default)
2026-02-22T15:40:26.872+05:30  WARN 10732 --- [job-portal] [           main] c.j.c.exception.GlobalExceptionHandler   : Validation failed: Validation failed for argument [1] in public org.springframework.http.ResponseEntity<com.jobportal.common.response.ApiResponse<com.jobportal.employer.dto.EmployerResponseDTO>> com.jobportal.employer.controller.EmployerController.createProfile(java.security.Principal,com.jobportal.employer.dto.EmployerRequestDTO): [Field error in object 'employerRequestDTO' on field 'companyName': rejected value [null]; codes [NotBlank.employerRequestDTO.companyName,NotBlank.companyName,NotBlank.java.lang.String,NotBlank]; arguments [org.springframework.context.support.DefaultMessageSourceResolvable: codes [employerRequestDTO.companyName,companyName]; arguments []; default message [companyName]]; default message [Company name is required]] 
Hibernate: select sj1_0.id,sj1_0.candidate_id,sj1_0.job_id,sj1_0.saved_at from saved_jobs sj1_0
Hibernate: select ja1_0.id,ja1_0.applied_at,ja1_0.candidate_id,ja1_0.cover_letter,ja1_0.job_id,ja1_0.status,ja1_0.updated_at from job_applications ja1_0
Hibernate: select e1_0.id,e1_0.company_description,e1_0.company_name,e1_0.company_website,e1_0.created_at,e1_0.deleted,e1_0.deleted_at,e1_0.industry,e1_0.location,e1_0.updated_at,e1_0.user_id from employers e1_0
Hibernate: select u1_0.id,u1_0.created_at,u1_0.email,u1_0.name,u1_0.password,u1_0.role,u1_0.updated_at from users u1_0
Hibernate: delete from users where id=?
Hibernate: insert into users (created_at,email,name,password,role,updated_at,id) values (?,?,?,?,?,?,default)
Hibernate: insert into employers (company_description,company_name,company_website,created_at,deleted,deleted_at,industry,location,updated_at,user_id,id) values (?,?,?,?,?,?,?,?,?,?,default)
2026-02-22T15:40:26.910+05:30  INFO 10732 --- [job-portal] [           main] c.j.employer.service.EmployerService     : Creating employer profile for user: employer@test.com
Hibernate: select u1_0.id,u1_0.created_at,u1_0.email,u1_0.name,u1_0.password,u1_0.role,u1_0.updated_at from users u1_0 where u1_0.email=?
Hibernate: select e1_0.id from employers e1_0 where e1_0.user_id=? fetch first ? rows only
2026-02-22T15:40:26.919+05:30  WARN 10732 --- [job-portal] [           main] c.j.employer.service.EmployerService     : Employer profile already exists for user: employer@test.com
2026-02-22T15:40:26.920+05:30  WARN 10732 --- [job-portal] [           main] c.j.c.exception.GlobalExceptionHandler   : Duplicate resource: Employer profile already exists for user: employer@test.com
Hibernate: select sj1_0.id,sj1_0.candidate_id,sj1_0.job_id,sj1_0.saved_at from saved_jobs sj1_0
Hibernate: select ja1_0.id,ja1_0.applied_at,ja1_0.candidate_id,ja1_0.cover_letter,ja1_0.job_id,ja1_0.status,ja1_0.updated_at from job_applications ja1_0
Hibernate: select e1_0.id,e1_0.company_description,e1_0.company_name,e1_0.company_website,e1_0.created_at,e1_0.deleted,e1_0.deleted_at,e1_0.industry,e1_0.location,e1_0.updated_at,e1_0.user_id from employers e1_0
Hibernate: select u1_0.id,u1_0.created_at,u1_0.email,u1_0.name,u1_0.password,u1_0.role,u1_0.updated_at from users u1_0 where u1_0.id=?
Hibernate: delete from employers where id=?
Hibernate: select u1_0.id,u1_0.created_at,u1_0.email,u1_0.name,u1_0.password,u1_0.role,u1_0.updated_at from users u1_0
Hibernate: delete from users where id=?
Hibernate: insert into users (created_at,email,name,password,role,updated_at,id) values (?,?,?,?,?,?,default)
2026-02-22T15:40:26.951+05:30  INFO 10732 --- [job-portal] [           main] c.j.employer.service.EmployerService     : Fetching employer profile for user: employer@test.com
Hibernate: select u1_0.id,u1_0.created_at,u1_0.email,u1_0.name,u1_0.password,u1_0.role,u1_0.updated_at from users u1_0 where u1_0.email=?
Hibernate: select e1_0.id,e1_0.company_description,e1_0.company_name,e1_0.company_website,e1_0.created_at,e1_0.deleted,e1_0.deleted_at,e1_0.industry,e1_0.location,e1_0.updated_at,e1_0.user_id from employers e1_0 where e1_0.user_id=?
2026-02-22T15:40:26.956+05:30  WARN 10732 --- [job-portal] [           main] c.j.employer.service.EmployerService     : Employer profile not found for user: employer@test.com
2026-02-22T15:40:26.956+05:30  WARN 10732 --- [job-portal] [           main] c.j.c.exception.GlobalExceptionHandler   : Resource not found: Employer profile not found for user: employer@test.com
Hibernate: select sj1_0.id,sj1_0.candidate_id,sj1_0.job_id,sj1_0.saved_at from saved_jobs sj1_0
Hibernate: select ja1_0.id,ja1_0.applied_at,ja1_0.candidate_id,ja1_0.cover_letter,ja1_0.job_id,ja1_0.status,ja1_0.updated_at from job_applications ja1_0
Hibernate: select e1_0.id,e1_0.company_description,e1_0.company_name,e1_0.company_website,e1_0.created_at,e1_0.deleted,e1_0.deleted_at,e1_0.industry,e1_0.location,e1_0.updated_at,e1_0.user_id from employers e1_0
Hibernate: select u1_0.id,u1_0.created_at,u1_0.email,u1_0.name,u1_0.password,u1_0.role,u1_0.updated_at from users u1_0
Hibernate: delete from users where id=?
Hibernate: insert into users (created_at,email,name,password,role,updated_at,id) values (?,?,?,?,?,?,default)
2026-02-22T15:40:26.993+05:30  INFO 10732 --- [job-portal] [           main] c.j.employer.service.EmployerService     : Updating employer profile for user: employer@test.com
Hibernate: select u1_0.id,u1_0.created_at,u1_0.email,u1_0.name,u1_0.password,u1_0.role,u1_0.updated_at from users u1_0 where u1_0.email=?
Hibernate: select e1_0.id,e1_0.company_description,e1_0.company_name,e1_0.company_website,e1_0.created_at,e1_0.deleted,e1_0.deleted_at,e1_0.industry,e1_0.location,e1_0.updated_at,e1_0.user_id from employers e1_0 where e1_0.user_id=?
2026-02-22T15:40:26.996+05:30  WARN 10732 --- [job-portal] [           main] c.j.employer.service.EmployerService     : Employer profile not found for user: employer@test.com
2026-02-22T15:40:26.997+05:30  WARN 10732 --- [job-portal] [           main] c.j.c.exception.GlobalExceptionHandler   : Resource not found: Employer profile not found for user: employer@test.com
Hibernate: select sj1_0.id,sj1_0.candidate_id,sj1_0.job_id,sj1_0.saved_at from saved_jobs sj1_0
Hibernate: select ja1_0.id,ja1_0.applied_at,ja1_0.candidate_id,ja1_0.cover_letter,ja1_0.job_id,ja1_0.status,ja1_0.updated_at from job_applications ja1_0
Hibernate: select e1_0.id,e1_0.company_description,e1_0.company_name,e1_0.company_website,e1_0.created_at,e1_0.deleted,e1_0.deleted_at,e1_0.industry,e1_0.location,e1_0.updated_at,e1_0.user_id from employers e1_0
Hibernate: select u1_0.id,u1_0.created_at,u1_0.email,u1_0.name,u1_0.password,u1_0.role,u1_0.updated_at from users u1_0
Hibernate: delete from users where id=?
Hibernate: insert into users (created_at,email,name,password,role,updated_at,id) values (?,?,?,?,?,?,default)
2026-02-22T15:40:27.029+05:30  INFO 10732 --- [job-portal] [           main] c.j.employer.service.EmployerService     : Creating employer profile for user: employer@test.com
Hibernate: select u1_0.id,u1_0.created_at,u1_0.email,u1_0.name,u1_0.password,u1_0.role,u1_0.updated_at from users u1_0 where u1_0.email=?
Hibernate: select e1_0.id from employers e1_0 where e1_0.user_id=? fetch first ? rows only
Hibernate: insert into employers (company_description,company_name,company_website,created_at,deleted,deleted_at,industry,location,updated_at,user_id,id) values (?,?,?,?,?,?,?,?,?,?,default)
2026-02-22T15:40:27.036+05:30  INFO 10732 --- [job-portal] [           main] c.j.employer.service.EmployerService     : Employer profile created successfully with id: 4 for user: employer@test.com
Hibernate: select sj1_0.id,sj1_0.candidate_id,sj1_0.job_id,sj1_0.saved_at from saved_jobs sj1_0
Hibernate: select ja1_0.id,ja1_0.applied_at,ja1_0.candidate_id,ja1_0.cover_letter,ja1_0.job_id,ja1_0.status,ja1_0.updated_at from job_applications ja1_0
Hibernate: select e1_0.id,e1_0.company_description,e1_0.company_name,e1_0.company_website,e1_0.created_at,e1_0.deleted,e1_0.deleted_at,e1_0.industry,e1_0.location,e1_0.updated_at,e1_0.user_id from employers e1_0
Hibernate: select u1_0.id,u1_0.created_at,u1_0.email,u1_0.name,u1_0.password,u1_0.role,u1_0.updated_at from users u1_0 where u1_0.id=?
Hibernate: delete from employers where id=?
Hibernate: select u1_0.id,u1_0.created_at,u1_0.email,u1_0.name,u1_0.password,u1_0.role,u1_0.updated_at from users u1_0
Hibernate: delete from users where id=?
Hibernate: insert into users (created_at,email,name,password,role,updated_at,id) values (?,?,?,?,?,?,default)
Hibernate: insert into employers (company_description,company_name,company_website,created_at,deleted,deleted_at,industry,location,updated_at,user_id,id) values (?,?,?,?,?,?,?,?,?,?,default)
2026-02-22T15:40:27.079+05:30  INFO 10732 --- [job-portal] [           main] c.j.employer.service.EmployerService     : Fetching employer profile for user: employer@test.com
Hibernate: select u1_0.id,u1_0.created_at,u1_0.email,u1_0.name,u1_0.password,u1_0.role,u1_0.updated_at from users u1_0 where u1_0.email=?
Hibernate: select e1_0.id,e1_0.company_description,e1_0.company_name,e1_0.company_website,e1_0.created_at,e1_0.deleted,e1_0.deleted_at,e1_0.industry,e1_0.location,e1_0.updated_at,e1_0.user_id from employers e1_0 where e1_0.user_id=?
Hibernate: select sj1_0.id,sj1_0.candidate_id,sj1_0.job_id,sj1_0.saved_at from saved_jobs sj1_0
Hibernate: select ja1_0.id,ja1_0.applied_at,ja1_0.candidate_id,ja1_0.cover_letter,ja1_0.job_id,ja1_0.status,ja1_0.updated_at from job_applications ja1_0
Hibernate: select e1_0.id,e1_0.company_description,e1_0.company_name,e1_0.company_website,e1_0.created_at,e1_0.deleted,e1_0.deleted_at,e1_0.industry,e1_0.location,e1_0.updated_at,e1_0.user_id from employers e1_0
Hibernate: select u1_0.id,u1_0.created_at,u1_0.email,u1_0.name,u1_0.password,u1_0.role,u1_0.updated_at from users u1_0 where u1_0.id=?
Hibernate: delete from employers where id=?
Hibernate: select u1_0.id,u1_0.created_at,u1_0.email,u1_0.name,u1_0.password,u1_0.role,u1_0.updated_at from users u1_0
Hibernate: delete from users where id=?
Hibernate: insert into users (created_at,email,name,password,role,updated_at,id) values (?,?,?,?,?,?,default)
[INFO] Tests run: 10, Failures: 0, Errors: 0, Skipped: 0, Time elapsed: 0.536 s -- in com.jobportal.employer.controller.EmployerControllerIntegrationTest
[INFO] Running com.jobportal.employer.service.EmployerServiceTest
2026-02-22T15:40:27.315+05:30  INFO 10732 --- [job-portal] [           main] c.j.employer.service.EmployerService     : Updating employer profile for user: employer@test.com
2026-02-22T15:40:27.316+05:30  INFO 10732 --- [job-portal] [           main] c.j.employer.service.EmployerService     : Employer profile updated successfully for user: employer@test.com
2026-02-22T15:40:27.322+05:30  INFO 10732 --- [job-portal] [           main] c.j.employer.service.EmployerService     : Fetching employer profile for user: employer@test.com
2026-02-22T15:40:27.323+05:30  WARN 10732 --- [job-portal] [           main] c.j.employer.service.EmployerService     : Employer profile not found for user: employer@test.com
2026-02-22T15:40:27.330+05:30  INFO 10732 --- [job-portal] [           main] c.j.employer.service.EmployerService     : Fetching employer profile for user: employer@test.com
2026-02-22T15:40:27.336+05:30  INFO 10732 --- [job-portal] [           main] c.j.employer.service.EmployerService     : Fetching employer profile by id: 1
2026-02-22T15:40:27.343+05:30  INFO 10732 --- [job-portal] [           main] c.j.employer.service.EmployerService     : Fetching dashboard stats for employer: employer@test.com
2026-02-22T15:40:27.345+05:30  INFO 10732 --- [job-portal] [           main] c.j.employer.service.EmployerService     : Dashboard stats retrieved for employer: employer@test.com - totalJobs=0, activeJobs=0, totalApplications=0
2026-02-22T15:40:27.352+05:30  INFO 10732 --- [job-portal] [           main] c.j.employer.service.EmployerService     : Creating employer profile for user: employer@test.com
2026-02-22T15:40:27.353+05:30  WARN 10732 --- [job-portal] [           main] c.j.employer.service.EmployerService     : User not found with email: employer@test.com
2026-02-22T15:40:27.358+05:30  INFO 10732 --- [job-portal] [           main] c.j.employer.service.EmployerService     : Updating employer profile for user: employer@test.com
2026-02-22T15:40:27.358+05:30  WARN 10732 --- [job-portal] [           main] c.j.employer.service.EmployerService     : Employer profile not found for user: employer@test.com
2026-02-22T15:40:27.367+05:30  INFO 10732 --- [job-portal] [           main] c.j.employer.service.EmployerService     : Fetching dashboard stats for employer: employer@test.com
2026-02-22T15:40:27.368+05:30  INFO 10732 --- [job-portal] [           main] c.j.employer.service.EmployerService     : Dashboard stats retrieved for employer: employer@test.com - totalJobs=10, activeJobs=5, totalApplications=25
2026-02-22T15:40:27.374+05:30  INFO 10732 --- [job-portal] [           main] c.j.employer.service.EmployerService     : Creating employer profile for user: employer@test.com
2026-02-22T15:40:27.374+05:30  WARN 10732 --- [job-portal] [           main] c.j.employer.service.EmployerService     : Employer profile already exists for user: employer@test.com
2026-02-22T15:40:27.380+05:30  INFO 10732 --- [job-portal] [           main] c.j.employer.service.EmployerService     : Updating employer profile for user: employer@test.com
2026-02-22T15:40:27.380+05:30  WARN 10732 --- [job-portal] [           main] c.j.employer.service.EmployerService     : User not found with email: employer@test.com
2026-02-22T15:40:27.385+05:30  INFO 10732 --- [job-portal] [           main] c.j.employer.service.EmployerService     : Fetching dashboard stats for employer: employer@test.com
2026-02-22T15:40:27.386+05:30  WARN 10732 --- [job-portal] [           main] c.j.employer.service.EmployerService     : Employer profile not found for user: employer@test.com
2026-02-22T15:40:27.391+05:30  INFO 10732 --- [job-portal] [           main] c.j.employer.service.EmployerService     : Fetching employer profile by id: 99
2026-02-22T15:40:27.391+05:30  WARN 10732 --- [job-portal] [           main] c.j.employer.service.EmployerService     : Employer not found with id: 99
2026-02-22T15:40:27.397+05:30  INFO 10732 --- [job-portal] [           main] c.j.employer.service.EmployerService     : Fetching dashboard stats for employer: employer@test.com
2026-02-22T15:40:27.397+05:30  WARN 10732 --- [job-portal] [           main] c.j.employer.service.EmployerService     : User not found with email: employer@test.com
2026-02-22T15:40:27.402+05:30  INFO 10732 --- [job-portal] [           main] c.j.employer.service.EmployerService     : Fetching employer profile for user: employer@test.com
2026-02-22T15:40:27.403+05:30  WARN 10732 --- [job-portal] [           main] c.j.employer.service.EmployerService     : User not found with email: employer@test.com
2026-02-22T15:40:27.407+05:30  INFO 10732 --- [job-portal] [           main] c.j.employer.service.EmployerService     : Creating employer profile for user: employer@test.com
2026-02-22T15:40:27.407+05:30  INFO 10732 --- [job-portal] [           main] c.j.employer.service.EmployerService     : Employer profile created successfully with id: 1 for user: employer@test.com
[INFO] Tests run: 15, Failures: 0, Errors: 0, Skipped: 0, Time elapsed: 0.274 s -- in com.jobportal.employer.service.EmployerServiceTest
[INFO] Running com.jobportal.job.controller.JobControllerIntegrationTest
2026-02-22T15:40:27.414+05:30  INFO 10732 --- [job-portal] [           main] t.c.s.AnnotationConfigContextLoaderUtils : Could not detect default configuration classes for test class [com.jobportal.job.controller.JobControllerIntegrationTest]: JobControllerIntegrationTest does not declare any static, non-private, non-final, nested classes annotated with @Configuration.
2026-02-22T15:40:27.490+05:30  INFO 10732 --- [job-portal] [           main] .b.t.c.SpringBootTestContextBootstrapper : Found @SpringBootConfiguration com.jobportal.JobPortalApplication for test class com.jobportal.job.controller.JobControllerIntegrationTest
Hibernate: select sj1_0.id,sj1_0.candidate_id,sj1_0.job_id,sj1_0.saved_at from saved_jobs sj1_0
Hibernate: select ja1_0.id,ja1_0.applied_at,ja1_0.candidate_id,ja1_0.cover_letter,ja1_0.job_id,ja1_0.status,ja1_0.updated_at from job_applications ja1_0
Hibernate: select j1_0.id,j1_0.created_at,j1_0.deleted,j1_0.deleted_at,j1_0.description,j1_0.employer_id,j1_0.location,j1_0.salary_max,j1_0.salary_min,j1_0.status,j1_0.title,j1_0.updated_at from jobs j1_0 where (j1_0.deleted = false)
Hibernate: delete from job_categories where job_id=?
Hibernate: delete from jobs where id=?
Hibernate: insert into jobs (created_at,deleted,deleted_at,description,employer_id,location,salary_max,salary_min,status,title,updated_at,id) values (?,?,?,?,?,?,?,?,?,?,?,default)
2026-02-22T15:40:27.555+05:30  INFO 10732 --- [job-portal] [           main] com.jobportal.job.service.JobService     : Updating job with id: 14
Hibernate: select j1_0.id,j1_0.created_at,j1_0.deleted,j1_0.deleted_at,j1_0.description,j1_0.employer_id,j1_0.location,j1_0.salary_max,j1_0.salary_min,j1_0.status,j1_0.title,j1_0.updated_at from jobs j1_0 where j1_0.id=? and (j1_0.deleted = false)
Hibernate: update jobs set deleted=?,deleted_at=?,description=?,employer_id=?,location=?,salary_max=?,salary_min=?,status=?,title=?,updated_at=? where id=?
2026-02-22T15:40:27.561+05:30  INFO 10732 --- [job-portal] [           main] com.jobportal.job.service.JobService     : Job updated successfully with id: 14
Hibernate: select c1_0.job_id,c1_1.id,c1_1.created_at,c1_1.description,c1_1.name from job_categories c1_0 join categories c1_1 on c1_1.id=c1_0.category_id where c1_0.job_id=?
Hibernate: select sj1_0.id,sj1_0.candidate_id,sj1_0.job_id,sj1_0.saved_at from saved_jobs sj1_0
Hibernate: select ja1_0.id,ja1_0.applied_at,ja1_0.candidate_id,ja1_0.cover_letter,ja1_0.job_id,ja1_0.status,ja1_0.updated_at from job_applications ja1_0
Hibernate: select j1_0.id,j1_0.created_at,j1_0.deleted,j1_0.deleted_at,j1_0.description,j1_0.employer_id,j1_0.location,j1_0.salary_max,j1_0.salary_min,j1_0.status,j1_0.title,j1_0.updated_at from jobs j1_0 where (j1_0.deleted = false)
Hibernate: delete from job_categories where job_id=?
Hibernate: delete from jobs where id=?
Hibernate: insert into jobs (created_at,deleted,deleted_at,description,employer_id,location,salary_max,salary_min,status,title,updated_at,id) values (?,?,?,?,?,?,?,?,?,?,?,default)
Hibernate: insert into jobs (created_at,deleted,deleted_at,description,employer_id,location,salary_max,salary_min,status,title,updated_at,id) values (?,?,?,?,?,?,?,?,?,?,?,default)
2026-02-22T15:40:27.613+05:30  INFO 10732 --- [job-portal] [           main] com.jobportal.job.service.JobService     : Fetching all jobs with pagination - page: 0, size: 10
Hibernate: select j1_0.id,j1_0.created_at,j1_0.deleted,j1_0.deleted_at,j1_0.description,j1_0.employer_id,j1_0.location,j1_0.salary_max,j1_0.salary_min,j1_0.status,j1_0.title,j1_0.updated_at from jobs j1_0 where (j1_0.deleted = false) order by j1_0.id offset ? rows fetch first ? rows only
Hibernate: select c1_0.job_id,c1_1.id,c1_1.created_at,c1_1.description,c1_1.name from job_categories c1_0 join categories c1_1 on c1_1.id=c1_0.category_id where c1_0.job_id=?
Hibernate: select c1_0.job_id,c1_1.id,c1_1.created_at,c1_1.description,c1_1.name from job_categories c1_0 join categories c1_1 on c1_1.id=c1_0.category_id where c1_0.job_id=?
Hibernate: select sj1_0.id,sj1_0.candidate_id,sj1_0.job_id,sj1_0.saved_at from saved_jobs sj1_0
Hibernate: select ja1_0.id,ja1_0.applied_at,ja1_0.candidate_id,ja1_0.cover_letter,ja1_0.job_id,ja1_0.status,ja1_0.updated_at from job_applications ja1_0
Hibernate: select j1_0.id,j1_0.created_at,j1_0.deleted,j1_0.deleted_at,j1_0.description,j1_0.employer_id,j1_0.location,j1_0.salary_max,j1_0.salary_min,j1_0.status,j1_0.title,j1_0.updated_at from jobs j1_0 where (j1_0.deleted = false)
Hibernate: delete from job_categories where job_id=?
Hibernate: delete from job_categories where job_id=?
Hibernate: delete from jobs where id=?
Hibernate: delete from jobs where id=?
Hibernate: insert into jobs (created_at,deleted,deleted_at,description,employer_id,location,salary_max,salary_min,status,title,updated_at,id) values (?,?,?,?,?,?,?,?,?,?,?,default)
2026-02-22T15:40:27.699+05:30  INFO 10732 --- [job-portal] [           main] com.jobportal.job.service.JobService     : Searching jobs - keyword: 'Nonexistent', location: 'null', salary: null-null, status: null
Hibernate: select j1_0.id,j1_0.created_at,j1_0.deleted,j1_0.deleted_at,j1_0.description,j1_0.employer_id,j1_0.location,j1_0.salary_max,j1_0.salary_min,j1_0.status,j1_0.title,j1_0.updated_at from jobs j1_0 where (j1_0.deleted = false) and 1=1 and lower(j1_0.title) like ? escape '' order by j1_0.id offset ? rows fetch first ? rows only
Hibernate: select sj1_0.id,sj1_0.candidate_id,sj1_0.job_id,sj1_0.saved_at from saved_jobs sj1_0
Hibernate: select ja1_0.id,ja1_0.applied_at,ja1_0.candidate_id,ja1_0.cover_letter,ja1_0.job_id,ja1_0.status,ja1_0.updated_at from job_applications ja1_0
Hibernate: select j1_0.id,j1_0.created_at,j1_0.deleted,j1_0.deleted_at,j1_0.description,j1_0.employer_id,j1_0.location,j1_0.salary_max,j1_0.salary_min,j1_0.status,j1_0.title,j1_0.updated_at from jobs j1_0 where (j1_0.deleted = false)
Hibernate: delete from job_categories where job_id=?
Hibernate: delete from jobs where id=?
Hibernate: insert into jobs (created_at,deleted,deleted_at,description,employer_id,location,salary_max,salary_min,status,title,updated_at,id) values (?,?,?,?,?,?,?,?,?,?,?,default)
Hibernate: insert into jobs (created_at,deleted,deleted_at,description,employer_id,location,salary_max,salary_min,status,title,updated_at,id) values (?,?,?,?,?,?,?,?,?,?,?,default)
2026-02-22T15:40:27.778+05:30  INFO 10732 --- [job-portal] [           main] com.jobportal.job.service.JobService     : Searching jobs - keyword: 'null', location: 'null', salary: null-null, status: null
Hibernate: select j1_0.id,j1_0.created_at,j1_0.deleted,j1_0.deleted_at,j1_0.description,j1_0.employer_id,j1_0.location,j1_0.salary_max,j1_0.salary_min,j1_0.status,j1_0.title,j1_0.updated_at from jobs j1_0 where (j1_0.deleted = false) and 1=1 order by j1_0.id offset ? rows fetch first ? rows only
Hibernate: select c1_0.job_id,c1_1.id,c1_1.created_at,c1_1.description,c1_1.name from job_categories c1_0 join categories c1_1 on c1_1.id=c1_0.category_id where c1_0.job_id=?
Hibernate: select c1_0.job_id,c1_1.id,c1_1.created_at,c1_1.description,c1_1.name from job_categories c1_0 join categories c1_1 on c1_1.id=c1_0.category_id where c1_0.job_id=?
Hibernate: select sj1_0.id,sj1_0.candidate_id,sj1_0.job_id,sj1_0.saved_at from saved_jobs sj1_0
Hibernate: select ja1_0.id,ja1_0.applied_at,ja1_0.candidate_id,ja1_0.cover_letter,ja1_0.job_id,ja1_0.status,ja1_0.updated_at from job_applications ja1_0
Hibernate: select j1_0.id,j1_0.created_at,j1_0.deleted,j1_0.deleted_at,j1_0.description,j1_0.employer_id,j1_0.location,j1_0.salary_max,j1_0.salary_min,j1_0.status,j1_0.title,j1_0.updated_at from jobs j1_0 where (j1_0.deleted = false)
Hibernate: delete from job_categories where job_id=?
Hibernate: delete from job_categories where job_id=?
Hibernate: delete from jobs where id=?
Hibernate: delete from jobs where id=?
2026-02-22T15:40:27.821+05:30  INFO 10732 --- [job-portal] [           main] com.jobportal.job.service.JobService     : Soft-deleting job with id: 999
Hibernate: select j1_0.id,j1_0.created_at,j1_0.deleted,j1_0.deleted_at,j1_0.description,j1_0.employer_id,j1_0.location,j1_0.salary_max,j1_0.salary_min,j1_0.status,j1_0.title,j1_0.updated_at from jobs j1_0 where j1_0.id=? and (j1_0.deleted = false)
2026-02-22T15:40:27.824+05:30  WARN 10732 --- [job-portal] [           main] com.jobportal.job.service.JobService     : Job not found with id: 999
2026-02-22T15:40:27.826+05:30  WARN 10732 --- [job-portal] [           main] c.j.c.exception.GlobalExceptionHandler   : Resource not found: Job not found with id: 999
Hibernate: select sj1_0.id,sj1_0.candidate_id,sj1_0.job_id,sj1_0.saved_at from saved_jobs sj1_0
Hibernate: select ja1_0.id,ja1_0.applied_at,ja1_0.candidate_id,ja1_0.cover_letter,ja1_0.job_id,ja1_0.status,ja1_0.updated_at from job_applications ja1_0
Hibernate: select j1_0.id,j1_0.created_at,j1_0.deleted,j1_0.deleted_at,j1_0.description,j1_0.employer_id,j1_0.location,j1_0.salary_max,j1_0.salary_min,j1_0.status,j1_0.title,j1_0.updated_at from jobs j1_0 where (j1_0.deleted = false)
2026-02-22T15:40:27.851+05:30  INFO 10732 --- [job-portal] [           main] com.jobportal.job.service.JobService     : Creating job with title 'Active Job' (no employer)
Hibernate: insert into jobs (created_at,deleted,deleted_at,description,employer_id,location,salary_max,salary_min,status,title,updated_at,id) values (?,?,?,?,?,?,?,?,?,?,?,default)
2026-02-22T15:40:27.854+05:30  INFO 10732 --- [job-portal] [           main] com.jobportal.job.service.JobService     : Job created successfully with id: 20
Hibernate: select sj1_0.id,sj1_0.candidate_id,sj1_0.job_id,sj1_0.saved_at from saved_jobs sj1_0
Hibernate: select ja1_0.id,ja1_0.applied_at,ja1_0.candidate_id,ja1_0.cover_letter,ja1_0.job_id,ja1_0.status,ja1_0.updated_at from job_applications ja1_0
Hibernate: select j1_0.id,j1_0.created_at,j1_0.deleted,j1_0.deleted_at,j1_0.description,j1_0.employer_id,j1_0.location,j1_0.salary_max,j1_0.salary_min,j1_0.status,j1_0.title,j1_0.updated_at from jobs j1_0 where (j1_0.deleted = false)
Hibernate: delete from job_categories where job_id=?
Hibernate: delete from jobs where id=?
2026-02-22T15:40:27.880+05:30  INFO 10732 --- [job-portal] [           main] com.jobportal.job.service.JobService     : Fetching job with id: 999
Hibernate: select j1_0.id,j1_0.created_at,j1_0.deleted,j1_0.deleted_at,j1_0.description,j1_0.employer_id,j1_0.location,j1_0.salary_max,j1_0.salary_min,j1_0.status,j1_0.title,j1_0.updated_at from jobs j1_0 where j1_0.id=? and (j1_0.deleted = false)
2026-02-22T15:40:27.882+05:30  WARN 10732 --- [job-portal] [           main] com.jobportal.job.service.JobService     : Job not found with id: 999
2026-02-22T15:40:27.883+05:30  WARN 10732 --- [job-portal] [           main] c.j.c.exception.GlobalExceptionHandler   : Resource not found: Job not found with id: 999
Hibernate: select sj1_0.id,sj1_0.candidate_id,sj1_0.job_id,sj1_0.saved_at from saved_jobs sj1_0
Hibernate: select ja1_0.id,ja1_0.applied_at,ja1_0.candidate_id,ja1_0.cover_letter,ja1_0.job_id,ja1_0.status,ja1_0.updated_at from job_applications ja1_0
Hibernate: select j1_0.id,j1_0.created_at,j1_0.deleted,j1_0.deleted_at,j1_0.description,j1_0.employer_id,j1_0.location,j1_0.salary_max,j1_0.salary_min,j1_0.status,j1_0.title,j1_0.updated_at from jobs j1_0 where (j1_0.deleted = false)
2026-02-22T15:40:27.906+05:30  INFO 10732 --- [job-portal] [           main] com.jobportal.job.service.JobService     : Updating job with id: 999
Hibernate: select j1_0.id,j1_0.created_at,j1_0.deleted,j1_0.deleted_at,j1_0.description,j1_0.employer_id,j1_0.location,j1_0.salary_max,j1_0.salary_min,j1_0.status,j1_0.title,j1_0.updated_at from jobs j1_0 where j1_0.id=? and (j1_0.deleted = false)
2026-02-22T15:40:27.907+05:30  WARN 10732 --- [job-portal] [           main] com.jobportal.job.service.JobService     : Job not found with id: 999
2026-02-22T15:40:27.908+05:30  WARN 10732 --- [job-portal] [           main] c.j.c.exception.GlobalExceptionHandler   : Resource not found: Job not found with id: 999
Hibernate: select sj1_0.id,sj1_0.candidate_id,sj1_0.job_id,sj1_0.saved_at from saved_jobs sj1_0
Hibernate: select ja1_0.id,ja1_0.applied_at,ja1_0.candidate_id,ja1_0.cover_letter,ja1_0.job_id,ja1_0.status,ja1_0.updated_at from job_applications ja1_0
Hibernate: select j1_0.id,j1_0.created_at,j1_0.deleted,j1_0.deleted_at,j1_0.description,j1_0.employer_id,j1_0.location,j1_0.salary_max,j1_0.salary_min,j1_0.status,j1_0.title,j1_0.updated_at from jobs j1_0 where (j1_0.deleted = false)
Hibernate: insert into jobs (created_at,deleted,deleted_at,description,employer_id,location,salary_max,salary_min,status,title,updated_at,id) values (?,?,?,?,?,?,?,?,?,?,?,default)
Hibernate: insert into jobs (created_at,deleted,deleted_at,description,employer_id,location,salary_max,salary_min,status,title,updated_at,id) values (?,?,?,?,?,?,?,?,?,?,?,default)
2026-02-22T15:40:27.941+05:30  INFO 10732 --- [job-portal] [           main] com.jobportal.job.service.JobService     : Searching jobs - keyword: 'null', location: 'Remote', salary: null-null, status: null
Hibernate: select j1_0.id,j1_0.created_at,j1_0.deleted,j1_0.deleted_at,j1_0.description,j1_0.employer_id,j1_0.location,j1_0.salary_max,j1_0.salary_min,j1_0.status,j1_0.title,j1_0.updated_at from jobs j1_0 where (j1_0.deleted = false) and 1=1 and lower(j1_0.location) like ? escape '' order by j1_0.id offset ? rows fetch first ? rows only
Hibernate: select c1_0.job_id,c1_1.id,c1_1.created_at,c1_1.description,c1_1.name from job_categories c1_0 join categories c1_1 on c1_1.id=c1_0.category_id where c1_0.job_id=?
Hibernate: select sj1_0.id,sj1_0.candidate_id,sj1_0.job_id,sj1_0.saved_at from saved_jobs sj1_0
Hibernate: select ja1_0.id,ja1_0.applied_at,ja1_0.candidate_id,ja1_0.cover_letter,ja1_0.job_id,ja1_0.status,ja1_0.updated_at from job_applications ja1_0
Hibernate: select j1_0.id,j1_0.created_at,j1_0.deleted,j1_0.deleted_at,j1_0.description,j1_0.employer_id,j1_0.location,j1_0.salary_max,j1_0.salary_min,j1_0.status,j1_0.title,j1_0.updated_at from jobs j1_0 where (j1_0.deleted = false)
Hibernate: delete from job_categories where job_id=?
Hibernate: delete from job_categories where job_id=?
Hibernate: delete from jobs where id=?
Hibernate: delete from jobs where id=?
Hibernate: insert into jobs (created_at,deleted,deleted_at,description,employer_id,location,salary_max,salary_min,status,title,updated_at,id) values (?,?,?,?,?,?,?,?,?,?,?,default)
2026-02-22T15:40:27.982+05:30  INFO 10732 --- [job-portal] [           main] com.jobportal.job.service.JobService     : Fetching job with id: 23
Hibernate: select j1_0.id,j1_0.created_at,j1_0.deleted,j1_0.deleted_at,j1_0.description,j1_0.employer_id,j1_0.location,j1_0.salary_max,j1_0.salary_min,j1_0.status,j1_0.title,j1_0.updated_at from jobs j1_0 where j1_0.id=? and (j1_0.deleted = false)
Hibernate: select c1_0.job_id,c1_1.id,c1_1.created_at,c1_1.description,c1_1.name from job_categories c1_0 join categories c1_1 on c1_1.id=c1_0.category_id where c1_0.job_id=?
Hibernate: select sj1_0.id,sj1_0.candidate_id,sj1_0.job_id,sj1_0.saved_at from saved_jobs sj1_0
Hibernate: select ja1_0.id,ja1_0.applied_at,ja1_0.candidate_id,ja1_0.cover_letter,ja1_0.job_id,ja1_0.status,ja1_0.updated_at from job_applications ja1_0
Hibernate: select j1_0.id,j1_0.created_at,j1_0.deleted,j1_0.deleted_at,j1_0.description,j1_0.employer_id,j1_0.location,j1_0.salary_max,j1_0.salary_min,j1_0.status,j1_0.title,j1_0.updated_at from jobs j1_0 where (j1_0.deleted = false)
Hibernate: delete from job_categories where job_id=?
Hibernate: delete from jobs where id=?
2026-02-22T15:40:28.017+05:30  INFO 10732 --- [job-portal] [           main] com.jobportal.job.service.JobService     : Fetching all jobs with pagination - page: 0, size: 10
Hibernate: select j1_0.id,j1_0.created_at,j1_0.deleted,j1_0.deleted_at,j1_0.description,j1_0.employer_id,j1_0.location,j1_0.salary_max,j1_0.salary_min,j1_0.status,j1_0.title,j1_0.updated_at from jobs j1_0 where (j1_0.deleted = false) order by j1_0.id offset ? rows fetch first ? rows only
Hibernate: select sj1_0.id,sj1_0.candidate_id,sj1_0.job_id,sj1_0.saved_at from saved_jobs sj1_0
Hibernate: select ja1_0.id,ja1_0.applied_at,ja1_0.candidate_id,ja1_0.cover_letter,ja1_0.job_id,ja1_0.status,ja1_0.updated_at from job_applications ja1_0
Hibernate: select j1_0.id,j1_0.created_at,j1_0.deleted,j1_0.deleted_at,j1_0.description,j1_0.employer_id,j1_0.location,j1_0.salary_max,j1_0.salary_min,j1_0.status,j1_0.title,j1_0.updated_at from jobs j1_0 where (j1_0.deleted = false)
Hibernate: insert into jobs (created_at,deleted,deleted_at,description,employer_id,location,salary_max,salary_min,status,title,updated_at,id) values (?,?,?,?,?,?,?,?,?,?,?,default)
Hibernate: insert into jobs (created_at,deleted,deleted_at,description,employer_id,location,salary_max,salary_min,status,title,updated_at,id) values (?,?,?,?,?,?,?,?,?,?,?,default)
Hibernate: insert into jobs (created_at,deleted,deleted_at,description,employer_id,location,salary_max,salary_min,status,title,updated_at,id) values (?,?,?,?,?,?,?,?,?,?,?,default)
2026-02-22T15:40:28.052+05:30  INFO 10732 --- [job-portal] [           main] com.jobportal.job.service.JobService     : Searching jobs - keyword: 'null', location: 'null', salary: 50000-100000, status: null
Hibernate: select j1_0.id,j1_0.created_at,j1_0.deleted,j1_0.deleted_at,j1_0.description,j1_0.employer_id,j1_0.location,j1_0.salary_max,j1_0.salary_min,j1_0.status,j1_0.title,j1_0.updated_at from jobs j1_0 where (j1_0.deleted = false) and 1=1 and j1_0.salary_min>=? and j1_0.salary_max<=? order by j1_0.id offset ? rows fetch first ? rows only
Hibernate: select c1_0.job_id,c1_1.id,c1_1.created_at,c1_1.description,c1_1.name from job_categories c1_0 join categories c1_1 on c1_1.id=c1_0.category_id where c1_0.job_id=?
Hibernate: select sj1_0.id,sj1_0.candidate_id,sj1_0.job_id,sj1_0.saved_at from saved_jobs sj1_0
Hibernate: select ja1_0.id,ja1_0.applied_at,ja1_0.candidate_id,ja1_0.cover_letter,ja1_0.job_id,ja1_0.status,ja1_0.updated_at from job_applications ja1_0
Hibernate: select j1_0.id,j1_0.created_at,j1_0.deleted,j1_0.deleted_at,j1_0.description,j1_0.employer_id,j1_0.location,j1_0.salary_max,j1_0.salary_min,j1_0.status,j1_0.title,j1_0.updated_at from jobs j1_0 where (j1_0.deleted = false)
Hibernate: delete from job_categories where job_id=?
Hibernate: delete from job_categories where job_id=?
Hibernate: delete from job_categories where job_id=?
Hibernate: delete from jobs where id=?
Hibernate: delete from jobs where id=?
Hibernate: delete from jobs where id=?
Hibernate: insert into jobs (created_at,deleted,deleted_at,description,employer_id,location,salary_max,salary_min,status,title,updated_at,id) values (?,?,?,?,?,?,?,?,?,?,?,default)
Hibernate: insert into jobs (created_at,deleted,deleted_at,description,employer_id,location,salary_max,salary_min,status,title,updated_at,id) values (?,?,?,?,?,?,?,?,?,?,?,default)
Hibernate: insert into jobs (created_at,deleted,deleted_at,description,employer_id,location,salary_max,salary_min,status,title,updated_at,id) values (?,?,?,?,?,?,?,?,?,?,?,default)
2026-02-22T15:40:28.108+05:30  INFO 10732 --- [job-portal] [           main] com.jobportal.job.service.JobService     : Searching jobs - keyword: 'null', location: 'null', salary: null-null, status: ACTIVE
Hibernate: select j1_0.id,j1_0.created_at,j1_0.deleted,j1_0.deleted_at,j1_0.description,j1_0.employer_id,j1_0.location,j1_0.salary_max,j1_0.salary_min,j1_0.status,j1_0.title,j1_0.updated_at from jobs j1_0 where (j1_0.deleted = false) and 1=1 and j1_0.status=? order by j1_0.id offset ? rows fetch first ? rows only
Hibernate: select c1_0.job_id,c1_1.id,c1_1.created_at,c1_1.description,c1_1.name from job_categories c1_0 join categories c1_1 on c1_1.id=c1_0.category_id where c1_0.job_id=?
Hibernate: select sj1_0.id,sj1_0.candidate_id,sj1_0.job_id,sj1_0.saved_at from saved_jobs sj1_0
Hibernate: select ja1_0.id,ja1_0.applied_at,ja1_0.candidate_id,ja1_0.cover_letter,ja1_0.job_id,ja1_0.status,ja1_0.updated_at from job_applications ja1_0
Hibernate: select j1_0.id,j1_0.created_at,j1_0.deleted,j1_0.deleted_at,j1_0.description,j1_0.employer_id,j1_0.location,j1_0.salary_max,j1_0.salary_min,j1_0.status,j1_0.title,j1_0.updated_at from jobs j1_0 where (j1_0.deleted = false)
Hibernate: delete from job_categories where job_id=?
Hibernate: delete from job_categories where job_id=?
Hibernate: delete from job_categories where job_id=?
Hibernate: delete from jobs where id=?
Hibernate: delete from jobs where id=?
Hibernate: delete from jobs where id=?
Hibernate: insert into jobs (created_at,deleted,deleted_at,description,employer_id,location,salary_max,salary_min,status,title,updated_at,id) values (?,?,?,?,?,?,?,?,?,?,?,default)
2026-02-22T15:40:28.146+05:30  INFO 10732 --- [job-portal] [           main] com.jobportal.job.service.JobService     : Soft-deleting job with id: 30
Hibernate: select j1_0.id,j1_0.created_at,j1_0.deleted,j1_0.deleted_at,j1_0.description,j1_0.employer_id,j1_0.location,j1_0.salary_max,j1_0.salary_min,j1_0.status,j1_0.title,j1_0.updated_at from jobs j1_0 where j1_0.id=? and (j1_0.deleted = false)
Hibernate: update jobs set deleted=?,deleted_at=?,description=?,employer_id=?,location=?,salary_max=?,salary_min=?,status=?,title=?,updated_at=? where id=?
2026-02-22T15:40:28.152+05:30  INFO 10732 --- [job-portal] [           main] com.jobportal.job.service.JobService     : Job soft-deleted successfully with id: 30
Hibernate: select sj1_0.id,sj1_0.candidate_id,sj1_0.job_id,sj1_0.saved_at from saved_jobs sj1_0
Hibernate: select ja1_0.id,ja1_0.applied_at,ja1_0.candidate_id,ja1_0.cover_letter,ja1_0.job_id,ja1_0.status,ja1_0.updated_at from job_applications ja1_0
Hibernate: select j1_0.id,j1_0.created_at,j1_0.deleted,j1_0.deleted_at,j1_0.description,j1_0.employer_id,j1_0.location,j1_0.salary_max,j1_0.salary_min,j1_0.status,j1_0.title,j1_0.updated_at from jobs j1_0 where (j1_0.deleted = false)
2026-02-22T15:40:28.174+05:30  INFO 10732 --- [job-portal] [           main] com.jobportal.job.service.JobService     : Creating job with title 'Java Developer' (no employer)
Hibernate: insert into jobs (created_at,deleted,deleted_at,description,employer_id,location,salary_max,salary_min,status,title,updated_at,id) values (?,?,?,?,?,?,?,?,?,?,?,default)
2026-02-22T15:40:28.178+05:30  INFO 10732 --- [job-portal] [           main] com.jobportal.job.service.JobService     : Job created successfully with id: 31
Hibernate: select sj1_0.id,sj1_0.candidate_id,sj1_0.job_id,sj1_0.saved_at from saved_jobs sj1_0
Hibernate: select ja1_0.id,ja1_0.applied_at,ja1_0.candidate_id,ja1_0.cover_letter,ja1_0.job_id,ja1_0.status,ja1_0.updated_at from job_applications ja1_0
Hibernate: select j1_0.id,j1_0.created_at,j1_0.deleted,j1_0.deleted_at,j1_0.description,j1_0.employer_id,j1_0.location,j1_0.salary_max,j1_0.salary_min,j1_0.status,j1_0.title,j1_0.updated_at from jobs j1_0 where (j1_0.deleted = false)
Hibernate: delete from job_categories where job_id=?
Hibernate: delete from jobs where id=?
2026-02-22T15:40:28.204+05:30  WARN 10732 --- [job-portal] [           main] c.j.c.exception.GlobalExceptionHandler   : Validation failed: Validation failed for argument [0] in public org.springframework.http.ResponseEntity<com.jobportal.common.response.ApiResponse<com.jobportal.job.dto.JobResponseDTO>> com.jobportal.job.controller.JobController.createJob(com.jobportal.job.dto.JobRequestDTO): [Field error in object 'jobRequestDTO' on field 'salaryRangeValid': rejected value [false]; codes [AssertTrue.jobRequestDTO.salaryRangeValid,AssertTrue.salaryRangeValid,AssertTrue]; arguments [org.springframework.context.support.DefaultMessageSourceResolvable: codes [jobRequestDTO.salaryRangeValid,salaryRangeValid]; arguments []; default message [salaryRangeValid]]; default message [salaryMin must be less than or equal to salaryMax]] 
Hibernate: select sj1_0.id,sj1_0.candidate_id,sj1_0.job_id,sj1_0.saved_at from saved_jobs sj1_0
Hibernate: select ja1_0.id,ja1_0.applied_at,ja1_0.candidate_id,ja1_0.cover_letter,ja1_0.job_id,ja1_0.status,ja1_0.updated_at from job_applications ja1_0
Hibernate: select j1_0.id,j1_0.created_at,j1_0.deleted,j1_0.deleted_at,j1_0.description,j1_0.employer_id,j1_0.location,j1_0.salary_max,j1_0.salary_min,j1_0.status,j1_0.title,j1_0.updated_at from jobs j1_0 where (j1_0.deleted = false)
2026-02-22T15:40:28.253+05:30  WARN 10732 --- [job-portal] [           main] c.j.c.exception.GlobalExceptionHandler   : Validation failed: Validation failed for argument [0] in public org.springframework.http.ResponseEntity<com.jobportal.common.response.ApiResponse<com.jobportal.job.dto.JobResponseDTO>> com.jobportal.job.controller.JobController.createJob(com.jobportal.job.dto.JobRequestDTO) with 4 errors: [Field error in object 'jobRequestDTO' on field 'salaryMax': rejected value [null]; codes [NotNull.jobRequestDTO.salaryMax,NotNull.salaryMax,NotNull.java.lang.Integer,NotNull]; arguments [org.springframework.context.support.DefaultMessageSourceResolvable: codes [jobRequestDTO.salaryMax,salaryMax]; arguments []; default message [salaryMax]]; default message [must not be null]] [Field error in object 'jobRequestDTO' on field 'location': rejected value []; codes [NotBlank.jobRequestDTO.location,NotBlank.location,NotBlank.java.lang.String,NotBlank]; arguments [org.springframework.context.support.DefaultMessageSourceResolvable: codes [jobRequestDTO.location,location]; arguments []; default message [location]]; default message [must not be blank]] [Field error in object 'jobRequestDTO' on field 'salaryMin': rejected value [null]; codes [NotNull.jobRequestDTO.salaryMin,NotNull.salaryMin,NotNull.java.lang.Integer,NotNull]; arguments [org.springframework.context.support.DefaultMessageSourceResolvable: codes [jobRequestDTO.salaryMin,salaryMin]; arguments []; default message [salaryMin]]; default message [must not be null]] [Field error in object 'jobRequestDTO' on field 'title': rejected value []; codes [NotBlank.jobRequestDTO.title,NotBlank.title,NotBlank.java.lang.String,NotBlank]; arguments [org.springframework.context.support.DefaultMessageSourceResolvable: codes [jobRequestDTO.title,title]; arguments []; default message [title]]; default message [must not be blank]] 
Hibernate: select sj1_0.id,sj1_0.candidate_id,sj1_0.job_id,sj1_0.saved_at from saved_jobs sj1_0
Hibernate: select ja1_0.id,ja1_0.applied_at,ja1_0.candidate_id,ja1_0.cover_letter,ja1_0.job_id,ja1_0.status,ja1_0.updated_at from job_applications ja1_0
Hibernate: select j1_0.id,j1_0.created_at,j1_0.deleted,j1_0.deleted_at,j1_0.description,j1_0.employer_id,j1_0.location,j1_0.salary_max,j1_0.salary_min,j1_0.status,j1_0.title,j1_0.updated_at from jobs j1_0 where (j1_0.deleted = false)
2026-02-22T15:40:28.276+05:30  INFO 10732 --- [job-portal] [           main] com.jobportal.job.service.JobService     : Creating job with title 'Draft Job' (no employer)
Hibernate: insert into jobs (created_at,deleted,deleted_at,description,employer_id,location,salary_max,salary_min,status,title,updated_at,id) values (?,?,?,?,?,?,?,?,?,?,?,default)
2026-02-22T15:40:28.279+05:30  INFO 10732 --- [job-portal] [           main] com.jobportal.job.service.JobService     : Job created successfully with id: 32
Hibernate: select sj1_0.id,sj1_0.candidate_id,sj1_0.job_id,sj1_0.saved_at from saved_jobs sj1_0
Hibernate: select ja1_0.id,ja1_0.applied_at,ja1_0.candidate_id,ja1_0.cover_letter,ja1_0.job_id,ja1_0.status,ja1_0.updated_at from job_applications ja1_0
Hibernate: select j1_0.id,j1_0.created_at,j1_0.deleted,j1_0.deleted_at,j1_0.description,j1_0.employer_id,j1_0.location,j1_0.salary_max,j1_0.salary_min,j1_0.status,j1_0.title,j1_0.updated_at from jobs j1_0 where (j1_0.deleted = false)
Hibernate: delete from job_categories where job_id=?
Hibernate: delete from jobs where id=?
Hibernate: insert into jobs (created_at,deleted,deleted_at,description,employer_id,location,salary_max,salary_min,status,title,updated_at,id) values (?,?,?,?,?,?,?,?,?,?,?,default)
Hibernate: insert into jobs (created_at,deleted,deleted_at,description,employer_id,location,salary_max,salary_min,status,title,updated_at,id) values (?,?,?,?,?,?,?,?,?,?,?,default)
Hibernate: insert into jobs (created_at,deleted,deleted_at,description,employer_id,location,salary_max,salary_min,status,title,updated_at,id) values (?,?,?,?,?,?,?,?,?,?,?,default)
2026-02-22T15:40:28.318+05:30  INFO 10732 --- [job-portal] [           main] com.jobportal.job.service.JobService     : Searching jobs - keyword: 'Developer', location: 'null', salary: null-null, status: null
Hibernate: select j1_0.id,j1_0.created_at,j1_0.deleted,j1_0.deleted_at,j1_0.description,j1_0.employer_id,j1_0.location,j1_0.salary_max,j1_0.salary_min,j1_0.status,j1_0.title,j1_0.updated_at from jobs j1_0 where (j1_0.deleted = false) and 1=1 and lower(j1_0.title) like ? escape '' order by j1_0.id offset ? rows fetch first ? rows only
Hibernate: select c1_0.job_id,c1_1.id,c1_1.created_at,c1_1.description,c1_1.name from job_categories c1_0 join categories c1_1 on c1_1.id=c1_0.category_id where c1_0.job_id=?
Hibernate: select c1_0.job_id,c1_1.id,c1_1.created_at,c1_1.description,c1_1.name from job_categories c1_0 join categories c1_1 on c1_1.id=c1_0.category_id where c1_0.job_id=?
[INFO] Tests run: 19, Failures: 0, Errors: 0, Skipped: 0, Time elapsed: 0.925 s -- in com.jobportal.job.controller.JobControllerIntegrationTest
[INFO] Running com.jobportal.job.controller.SavedJobControllerIntegrationTest
2026-02-22T15:40:28.341+05:30  INFO 10732 --- [job-portal] [           main] t.c.s.AnnotationConfigContextLoaderUtils : Could not detect default configuration classes for test class [com.jobportal.job.controller.SavedJobControllerIntegrationTest]: SavedJobControllerIntegrationTest does not declare any static, non-private, non-final, nested classes annotated with @Configuration.
2026-02-22T15:40:28.349+05:30  INFO 10732 --- [job-portal] [           main] .b.t.c.SpringBootTestContextBootstrapper : Found @SpringBootConfiguration com.jobportal.JobPortalApplication for test class com.jobportal.job.controller.SavedJobControllerIntegrationTest
Hibernate: select sj1_0.id,sj1_0.candidate_id,sj1_0.job_id,sj1_0.saved_at from saved_jobs sj1_0
Hibernate: select ja1_0.id,ja1_0.applied_at,ja1_0.candidate_id,ja1_0.cover_letter,ja1_0.job_id,ja1_0.status,ja1_0.updated_at from job_applications ja1_0
Hibernate: select c1_0.id,c1_0.created_at,c1_0.deleted,c1_0.deleted_at,c1_0.education,c1_0.experience_years,c1_0.headline,c1_0.location,c1_0.phone,c1_0.resume_url,c1_0.skills,c1_0.summary,c1_0.updated_at,c1_0.user_id from candidates c1_0
Hibernate: select j1_0.id,j1_0.created_at,j1_0.deleted,j1_0.deleted_at,j1_0.description,j1_0.employer_id,j1_0.location,j1_0.salary_max,j1_0.salary_min,j1_0.status,j1_0.title,j1_0.updated_at from jobs j1_0 where (j1_0.deleted = false)
Hibernate: delete from job_categories where job_id=?
Hibernate: delete from job_categories where job_id=?
Hibernate: delete from job_categories where job_id=?
Hibernate: delete from jobs where id=?
Hibernate: delete from jobs where id=?
Hibernate: delete from jobs where id=?
Hibernate: select u1_0.id,u1_0.created_at,u1_0.email,u1_0.name,u1_0.password,u1_0.role,u1_0.updated_at from users u1_0
Hibernate: delete from users where id=?
Hibernate: insert into users (created_at,email,name,password,role,updated_at,id) values (?,?,?,?,?,?,default)
Hibernate: insert into candidates (created_at,deleted,deleted_at,education,experience_years,headline,location,phone,resume_url,skills,summary,updated_at,user_id,id) values (?,?,?,?,?,?,?,?,?,?,?,?,?,default)
Hibernate: insert into jobs (created_at,deleted,deleted_at,description,employer_id,location,salary_max,salary_min,status,title,updated_at,id) values (?,?,?,?,?,?,?,?,?,?,?,default)
2026-02-22T15:40:28.400+05:30  INFO 10732 --- [job-portal] [           main] c.jobportal.job.service.SavedJobService  : User 'candidate@test.com' unsaving job id: 99999
Hibernate: select u1_0.id,u1_0.created_at,u1_0.email,u1_0.name,u1_0.password,u1_0.role,u1_0.updated_at from users u1_0 where u1_0.email=?
Hibernate: select c1_0.id,c1_0.created_at,c1_0.deleted,c1_0.deleted_at,c1_0.education,c1_0.experience_years,c1_0.headline,c1_0.location,c1_0.phone,c1_0.resume_url,c1_0.skills,c1_0.summary,c1_0.updated_at,c1_0.user_id from candidates c1_0 where c1_0.user_id=?
Hibernate: select sj1_0.id from saved_jobs sj1_0 where sj1_0.candidate_id=? and sj1_0.job_id=? fetch first ? rows only
2026-02-22T15:40:28.415+05:30  WARN 10732 --- [job-portal] [           main] c.jobportal.job.service.SavedJobService  : Saved job not found - candidate id: 18, job id: 99999
2026-02-22T15:40:28.422+05:30  WARN 10732 --- [job-portal] [           main] c.j.c.exception.GlobalExceptionHandler   : Resource not found: Saved job not found
Hibernate: select sj1_0.id,sj1_0.candidate_id,sj1_0.job_id,sj1_0.saved_at from saved_jobs sj1_0
Hibernate: select ja1_0.id,ja1_0.applied_at,ja1_0.candidate_id,ja1_0.cover_letter,ja1_0.job_id,ja1_0.status,ja1_0.updated_at from job_applications ja1_0
Hibernate: select c1_0.id,c1_0.created_at,c1_0.deleted,c1_0.deleted_at,c1_0.education,c1_0.experience_years,c1_0.headline,c1_0.location,c1_0.phone,c1_0.resume_url,c1_0.skills,c1_0.summary,c1_0.updated_at,c1_0.user_id from candidates c1_0
Hibernate: select u1_0.id,u1_0.created_at,u1_0.email,u1_0.name,u1_0.password,u1_0.role,u1_0.updated_at from users u1_0 where u1_0.id=?
Hibernate: delete from candidates where id=?
Hibernate: select j1_0.id,j1_0.created_at,j1_0.deleted,j1_0.deleted_at,j1_0.description,j1_0.employer_id,j1_0.location,j1_0.salary_max,j1_0.salary_min,j1_0.status,j1_0.title,j1_0.updated_at from jobs j1_0 where (j1_0.deleted = false)
Hibernate: delete from job_categories where job_id=?
Hibernate: delete from jobs where id=?
Hibernate: select u1_0.id,u1_0.created_at,u1_0.email,u1_0.name,u1_0.password,u1_0.role,u1_0.updated_at from users u1_0
Hibernate: delete from users where id=?
Hibernate: insert into users (created_at,email,name,password,role,updated_at,id) values (?,?,?,?,?,?,default)
Hibernate: insert into candidates (created_at,deleted,deleted_at,education,experience_years,headline,location,phone,resume_url,skills,summary,updated_at,user_id,id) values (?,?,?,?,?,?,?,?,?,?,?,?,?,default)
Hibernate: insert into jobs (created_at,deleted,deleted_at,description,employer_id,location,salary_max,salary_min,status,title,updated_at,id) values (?,?,?,?,?,?,?,?,?,?,?,default)
2026-02-22T15:40:28.467+05:30  INFO 10732 --- [job-portal] [           main] c.jobportal.job.service.SavedJobService  : User 'candidate@test.com' saving job id: 37
Hibernate: select u1_0.id,u1_0.created_at,u1_0.email,u1_0.name,u1_0.password,u1_0.role,u1_0.updated_at from users u1_0 where u1_0.email=?
Hibernate: select c1_0.id,c1_0.created_at,c1_0.deleted,c1_0.deleted_at,c1_0.education,c1_0.experience_years,c1_0.headline,c1_0.location,c1_0.phone,c1_0.resume_url,c1_0.skills,c1_0.summary,c1_0.updated_at,c1_0.user_id from candidates c1_0 where c1_0.user_id=?
Hibernate: select j1_0.id,j1_0.created_at,j1_0.deleted,j1_0.deleted_at,j1_0.description,j1_0.employer_id,j1_0.location,j1_0.salary_max,j1_0.salary_min,j1_0.status,j1_0.title,j1_0.updated_at from jobs j1_0 where j1_0.id=? and (j1_0.deleted = false)
Hibernate: select sj1_0.id from saved_jobs sj1_0 where sj1_0.candidate_id=? and sj1_0.job_id=? fetch first ? rows only
Hibernate: insert into saved_jobs (candidate_id,job_id,saved_at,id) values (?,?,?,default)
2026-02-22T15:40:28.491+05:30  INFO 10732 --- [job-portal] [           main] c.jobportal.job.service.SavedJobService  : Job saved successfully - savedJob id: 1, job id: 37
2026-02-22T15:40:28.525+05:30  INFO 10732 --- [job-portal] [           main] c.jobportal.job.service.SavedJobService  : Fetching saved jobs for user: candidate@test.com
Hibernate: select u1_0.id,u1_0.created_at,u1_0.email,u1_0.name,u1_0.password,u1_0.role,u1_0.updated_at from users u1_0 where u1_0.email=?
Hibernate: select c1_0.id,c1_0.created_at,c1_0.deleted,c1_0.deleted_at,c1_0.education,c1_0.experience_years,c1_0.headline,c1_0.location,c1_0.phone,c1_0.resume_url,c1_0.skills,c1_0.summary,c1_0.updated_at,c1_0.user_id from candidates c1_0 where c1_0.user_id=?
Hibernate: select sj1_0.id,sj1_0.candidate_id,sj1_0.job_id,sj1_0.saved_at from saved_jobs sj1_0 where sj1_0.candidate_id=? order by sj1_0.saved_at desc fetch first ? rows only
Hibernate: select j1_0.id,j1_0.created_at,j1_0.deleted,j1_0.deleted_at,j1_0.description,j1_0.employer_id,j1_0.location,j1_0.salary_max,j1_0.salary_min,j1_0.status,j1_0.title,j1_0.updated_at from jobs j1_0 where j1_0.id=? and (j1_0.deleted = false)
Hibernate: select sj1_0.id,sj1_0.candidate_id,sj1_0.job_id,sj1_0.saved_at from saved_jobs sj1_0
Hibernate: select c1_0.id,c1_0.created_at,c1_0.deleted,c1_0.deleted_at,c1_0.education,c1_0.experience_years,c1_0.headline,c1_0.location,c1_0.phone,c1_0.resume_url,c1_0.skills,c1_0.summary,c1_0.updated_at,c1_0.user_id,u1_0.id,u1_0.created_at,u1_0.email,u1_0.name,u1_0.password,u1_0.role,u1_0.updated_at from candidates c1_0 join users u1_0 on u1_0.id=c1_0.user_id where c1_0.id=?
Hibernate: select j1_0.id,j1_0.created_at,j1_0.deleted,j1_0.deleted_at,j1_0.description,j1_0.employer_id,j1_0.location,j1_0.salary_max,j1_0.salary_min,j1_0.status,j1_0.title,j1_0.updated_at from jobs j1_0 where j1_0.id=? and (j1_0.deleted = false)
Hibernate: delete from saved_jobs where id=?
Hibernate: select ja1_0.id,ja1_0.applied_at,ja1_0.candidate_id,ja1_0.cover_letter,ja1_0.job_id,ja1_0.status,ja1_0.updated_at from job_applications ja1_0
Hibernate: select c1_0.id,c1_0.created_at,c1_0.deleted,c1_0.deleted_at,c1_0.education,c1_0.experience_years,c1_0.headline,c1_0.location,c1_0.phone,c1_0.resume_url,c1_0.skills,c1_0.summary,c1_0.updated_at,c1_0.user_id from candidates c1_0
Hibernate: select u1_0.id,u1_0.created_at,u1_0.email,u1_0.name,u1_0.password,u1_0.role,u1_0.updated_at from users u1_0 where u1_0.id=?
Hibernate: delete from candidates where id=?
Hibernate: select j1_0.id,j1_0.created_at,j1_0.deleted,j1_0.deleted_at,j1_0.description,j1_0.employer_id,j1_0.location,j1_0.salary_max,j1_0.salary_min,j1_0.status,j1_0.title,j1_0.updated_at from jobs j1_0 where (j1_0.deleted = false)
Hibernate: delete from job_categories where job_id=?
Hibernate: delete from jobs where id=?
Hibernate: select u1_0.id,u1_0.created_at,u1_0.email,u1_0.name,u1_0.password,u1_0.role,u1_0.updated_at from users u1_0
Hibernate: delete from users where id=?
Hibernate: insert into users (created_at,email,name,password,role,updated_at,id) values (?,?,?,?,?,?,default)
Hibernate: insert into candidates (created_at,deleted,deleted_at,education,experience_years,headline,location,phone,resume_url,skills,summary,updated_at,user_id,id) values (?,?,?,?,?,?,?,?,?,?,?,?,?,default)
Hibernate: insert into jobs (created_at,deleted,deleted_at,description,employer_id,location,salary_max,salary_min,status,title,updated_at,id) values (?,?,?,?,?,?,?,?,?,?,?,default)
Hibernate: select u1_0.id,u1_0.created_at,u1_0.email,u1_0.name,u1_0.password,u1_0.role,u1_0.updated_at from users u1_0 where u1_0.email=?
Hibernate: select c1_0.id,c1_0.created_at,c1_0.deleted,c1_0.deleted_at,c1_0.education,c1_0.experience_years,c1_0.headline,c1_0.location,c1_0.phone,c1_0.resume_url,c1_0.skills,c1_0.summary,c1_0.updated_at,c1_0.user_id from candidates c1_0 where c1_0.user_id=?
Hibernate: select sj1_0.id from saved_jobs sj1_0 where sj1_0.candidate_id=? and sj1_0.job_id=? fetch first ? rows only
Hibernate: select sj1_0.id,sj1_0.candidate_id,sj1_0.job_id,sj1_0.saved_at from saved_jobs sj1_0
Hibernate: select ja1_0.id,ja1_0.applied_at,ja1_0.candidate_id,ja1_0.cover_letter,ja1_0.job_id,ja1_0.status,ja1_0.updated_at from job_applications ja1_0
Hibernate: select c1_0.id,c1_0.created_at,c1_0.deleted,c1_0.deleted_at,c1_0.education,c1_0.experience_years,c1_0.headline,c1_0.location,c1_0.phone,c1_0.resume_url,c1_0.skills,c1_0.summary,c1_0.updated_at,c1_0.user_id from candidates c1_0
Hibernate: select u1_0.id,u1_0.created_at,u1_0.email,u1_0.name,u1_0.password,u1_0.role,u1_0.updated_at from users u1_0 where u1_0.id=?
Hibernate: delete from candidates where id=?
Hibernate: select j1_0.id,j1_0.created_at,j1_0.deleted,j1_0.deleted_at,j1_0.description,j1_0.employer_id,j1_0.location,j1_0.salary_max,j1_0.salary_min,j1_0.status,j1_0.title,j1_0.updated_at from jobs j1_0 where (j1_0.deleted = false)
Hibernate: delete from job_categories where job_id=?
Hibernate: delete from jobs where id=?
Hibernate: select u1_0.id,u1_0.created_at,u1_0.email,u1_0.name,u1_0.password,u1_0.role,u1_0.updated_at from users u1_0
Hibernate: delete from users where id=?
Hibernate: insert into users (created_at,email,name,password,role,updated_at,id) values (?,?,?,?,?,?,default)
Hibernate: insert into candidates (created_at,deleted,deleted_at,education,experience_years,headline,location,phone,resume_url,skills,summary,updated_at,user_id,id) values (?,?,?,?,?,?,?,?,?,?,?,?,?,default)
Hibernate: insert into jobs (created_at,deleted,deleted_at,description,employer_id,location,salary_max,salary_min,status,title,updated_at,id) values (?,?,?,?,?,?,?,?,?,?,?,default)
2026-02-22T15:40:28.666+05:30  INFO 10732 --- [job-portal] [           main] c.jobportal.job.service.SavedJobService  : User 'candidate@test.com' saving job id: 39
Hibernate: select u1_0.id,u1_0.created_at,u1_0.email,u1_0.name,u1_0.password,u1_0.role,u1_0.updated_at from users u1_0 where u1_0.email=?
Hibernate: select c1_0.id,c1_0.created_at,c1_0.deleted,c1_0.deleted_at,c1_0.education,c1_0.experience_years,c1_0.headline,c1_0.location,c1_0.phone,c1_0.resume_url,c1_0.skills,c1_0.summary,c1_0.updated_at,c1_0.user_id from candidates c1_0 where c1_0.user_id=?
Hibernate: select j1_0.id,j1_0.created_at,j1_0.deleted,j1_0.deleted_at,j1_0.description,j1_0.employer_id,j1_0.location,j1_0.salary_max,j1_0.salary_min,j1_0.status,j1_0.title,j1_0.updated_at from jobs j1_0 where j1_0.id=? and (j1_0.deleted = false)
Hibernate: select sj1_0.id from saved_jobs sj1_0 where sj1_0.candidate_id=? and sj1_0.job_id=? fetch first ? rows only
Hibernate: insert into saved_jobs (candidate_id,job_id,saved_at,id) values (?,?,?,default)
2026-02-22T15:40:28.679+05:30  INFO 10732 --- [job-portal] [           main] c.jobportal.job.service.SavedJobService  : Job saved successfully - savedJob id: 2, job id: 39
2026-02-22T15:40:28.687+05:30  INFO 10732 --- [job-portal] [           main] c.jobportal.job.service.SavedJobService  : User 'candidate@test.com' saving job id: 39
Hibernate: select u1_0.id,u1_0.created_at,u1_0.email,u1_0.name,u1_0.password,u1_0.role,u1_0.updated_at from users u1_0 where u1_0.email=?
Hibernate: select c1_0.id,c1_0.created_at,c1_0.deleted,c1_0.deleted_at,c1_0.education,c1_0.experience_years,c1_0.headline,c1_0.location,c1_0.phone,c1_0.resume_url,c1_0.skills,c1_0.summary,c1_0.updated_at,c1_0.user_id from candidates c1_0 where c1_0.user_id=?
Hibernate: select j1_0.id,j1_0.created_at,j1_0.deleted,j1_0.deleted_at,j1_0.description,j1_0.employer_id,j1_0.location,j1_0.salary_max,j1_0.salary_min,j1_0.status,j1_0.title,j1_0.updated_at from jobs j1_0 where j1_0.id=? and (j1_0.deleted = false)
Hibernate: select sj1_0.id from saved_jobs sj1_0 where sj1_0.candidate_id=? and sj1_0.job_id=? fetch first ? rows only
2026-02-22T15:40:28.693+05:30  WARN 10732 --- [job-portal] [           main] c.jobportal.job.service.SavedJobService  : Job id: 39 already saved by user 'candidate@test.com'
2026-02-22T15:40:28.694+05:30  WARN 10732 --- [job-portal] [           main] c.j.c.exception.GlobalExceptionHandler   : Duplicate resource: Job is already saved
Hibernate: select sj1_0.id,sj1_0.candidate_id,sj1_0.job_id,sj1_0.saved_at from saved_jobs sj1_0
Hibernate: select c1_0.id,c1_0.created_at,c1_0.deleted,c1_0.deleted_at,c1_0.education,c1_0.experience_years,c1_0.headline,c1_0.location,c1_0.phone,c1_0.resume_url,c1_0.skills,c1_0.summary,c1_0.updated_at,c1_0.user_id,u1_0.id,u1_0.created_at,u1_0.email,u1_0.name,u1_0.password,u1_0.role,u1_0.updated_at from candidates c1_0 join users u1_0 on u1_0.id=c1_0.user_id where c1_0.id=?
Hibernate: select j1_0.id,j1_0.created_at,j1_0.deleted,j1_0.deleted_at,j1_0.description,j1_0.employer_id,j1_0.location,j1_0.salary_max,j1_0.salary_min,j1_0.status,j1_0.title,j1_0.updated_at from jobs j1_0 where j1_0.id=? and (j1_0.deleted = false)
Hibernate: delete from saved_jobs where id=?
Hibernate: select ja1_0.id,ja1_0.applied_at,ja1_0.candidate_id,ja1_0.cover_letter,ja1_0.job_id,ja1_0.status,ja1_0.updated_at from job_applications ja1_0
Hibernate: select c1_0.id,c1_0.created_at,c1_0.deleted,c1_0.deleted_at,c1_0.education,c1_0.experience_years,c1_0.headline,c1_0.location,c1_0.phone,c1_0.resume_url,c1_0.skills,c1_0.summary,c1_0.updated_at,c1_0.user_id from candidates c1_0
Hibernate: select u1_0.id,u1_0.created_at,u1_0.email,u1_0.name,u1_0.password,u1_0.role,u1_0.updated_at from users u1_0 where u1_0.id=?
Hibernate: delete from candidates where id=?
Hibernate: select j1_0.id,j1_0.created_at,j1_0.deleted,j1_0.deleted_at,j1_0.description,j1_0.employer_id,j1_0.location,j1_0.salary_max,j1_0.salary_min,j1_0.status,j1_0.title,j1_0.updated_at from jobs j1_0 where (j1_0.deleted = false)
Hibernate: delete from job_categories where job_id=?
Hibernate: delete from jobs where id=?
Hibernate: select u1_0.id,u1_0.created_at,u1_0.email,u1_0.name,u1_0.password,u1_0.role,u1_0.updated_at from users u1_0
Hibernate: delete from users where id=?
Hibernate: insert into users (created_at,email,name,password,role,updated_at,id) values (?,?,?,?,?,?,default)
Hibernate: insert into candidates (created_at,deleted,deleted_at,education,experience_years,headline,location,phone,resume_url,skills,summary,updated_at,user_id,id) values (?,?,?,?,?,?,?,?,?,?,?,?,?,default)
Hibernate: insert into jobs (created_at,deleted,deleted_at,description,employer_id,location,salary_max,salary_min,status,title,updated_at,id) values (?,?,?,?,?,?,?,?,?,?,?,default)
Hibernate: select sj1_0.id,sj1_0.candidate_id,sj1_0.job_id,sj1_0.saved_at from saved_jobs sj1_0
Hibernate: select ja1_0.id,ja1_0.applied_at,ja1_0.candidate_id,ja1_0.cover_letter,ja1_0.job_id,ja1_0.status,ja1_0.updated_at from job_applications ja1_0
Hibernate: select c1_0.id,c1_0.created_at,c1_0.deleted,c1_0.deleted_at,c1_0.education,c1_0.experience_years,c1_0.headline,c1_0.location,c1_0.phone,c1_0.resume_url,c1_0.skills,c1_0.summary,c1_0.updated_at,c1_0.user_id from candidates c1_0
Hibernate: select u1_0.id,u1_0.created_at,u1_0.email,u1_0.name,u1_0.password,u1_0.role,u1_0.updated_at from users u1_0 where u1_0.id=?
Hibernate: delete from candidates where id=?
Hibernate: select j1_0.id,j1_0.created_at,j1_0.deleted,j1_0.deleted_at,j1_0.description,j1_0.employer_id,j1_0.location,j1_0.salary_max,j1_0.salary_min,j1_0.status,j1_0.title,j1_0.updated_at from jobs j1_0 where (j1_0.deleted = false)
Hibernate: delete from job_categories where job_id=?
Hibernate: delete from jobs where id=?
Hibernate: select u1_0.id,u1_0.created_at,u1_0.email,u1_0.name,u1_0.password,u1_0.role,u1_0.updated_at from users u1_0
Hibernate: delete from users where id=?
Hibernate: insert into users (created_at,email,name,password,role,updated_at,id) values (?,?,?,?,?,?,default)
Hibernate: insert into candidates (created_at,deleted,deleted_at,education,experience_years,headline,location,phone,resume_url,skills,summary,updated_at,user_id,id) values (?,?,?,?,?,?,?,?,?,?,?,?,?,default)
Hibernate: insert into jobs (created_at,deleted,deleted_at,description,employer_id,location,salary_max,salary_min,status,title,updated_at,id) values (?,?,?,?,?,?,?,?,?,?,?,default)
2026-02-22T15:40:28.790+05:30  INFO 10732 --- [job-portal] [           main] c.jobportal.job.service.SavedJobService  : User 'candidate@test.com' saving job id: 41
Hibernate: select u1_0.id,u1_0.created_at,u1_0.email,u1_0.name,u1_0.password,u1_0.role,u1_0.updated_at from users u1_0 where u1_0.email=?
Hibernate: select c1_0.id,c1_0.created_at,c1_0.deleted,c1_0.deleted_at,c1_0.education,c1_0.experience_years,c1_0.headline,c1_0.location,c1_0.phone,c1_0.resume_url,c1_0.skills,c1_0.summary,c1_0.updated_at,c1_0.user_id from candidates c1_0 where c1_0.user_id=?
Hibernate: select j1_0.id,j1_0.created_at,j1_0.deleted,j1_0.deleted_at,j1_0.description,j1_0.employer_id,j1_0.location,j1_0.salary_max,j1_0.salary_min,j1_0.status,j1_0.title,j1_0.updated_at from jobs j1_0 where j1_0.id=? and (j1_0.deleted = false)
Hibernate: select sj1_0.id from saved_jobs sj1_0 where sj1_0.candidate_id=? and sj1_0.job_id=? fetch first ? rows only
Hibernate: insert into saved_jobs (candidate_id,job_id,saved_at,id) values (?,?,?,default)
2026-02-22T15:40:28.802+05:30  INFO 10732 --- [job-portal] [           main] c.jobportal.job.service.SavedJobService  : Job saved successfully - savedJob id: 3, job id: 41
2026-02-22T15:40:28.808+05:30  INFO 10732 --- [job-portal] [           main] c.jobportal.job.service.SavedJobService  : User 'candidate@test.com' unsaving job id: 41
Hibernate: select u1_0.id,u1_0.created_at,u1_0.email,u1_0.name,u1_0.password,u1_0.role,u1_0.updated_at from users u1_0 where u1_0.email=?
Hibernate: select c1_0.id,c1_0.created_at,c1_0.deleted,c1_0.deleted_at,c1_0.education,c1_0.experience_years,c1_0.headline,c1_0.location,c1_0.phone,c1_0.resume_url,c1_0.skills,c1_0.summary,c1_0.updated_at,c1_0.user_id from candidates c1_0 where c1_0.user_id=?
Hibernate: select sj1_0.id from saved_jobs sj1_0 where sj1_0.candidate_id=? and sj1_0.job_id=? fetch first ? rows only
Hibernate: select sj1_0.id,sj1_0.candidate_id,sj1_0.job_id,sj1_0.saved_at from saved_jobs sj1_0 where sj1_0.candidate_id=? and sj1_0.job_id=?
Hibernate: select j1_0.id,j1_0.created_at,j1_0.deleted,j1_0.deleted_at,j1_0.description,j1_0.employer_id,j1_0.location,j1_0.salary_max,j1_0.salary_min,j1_0.status,j1_0.title,j1_0.updated_at from jobs j1_0 where j1_0.id=? and (j1_0.deleted = false)
2026-02-22T15:40:28.824+05:30  INFO 10732 --- [job-portal] [           main] c.jobportal.job.service.SavedJobService  : Job unsaved successfully - job id: 41 by user 'candidate@test.com'
Hibernate: delete from saved_jobs where id=?
Hibernate: select u1_0.id,u1_0.created_at,u1_0.email,u1_0.name,u1_0.password,u1_0.role,u1_0.updated_at from users u1_0 where u1_0.email=?
Hibernate: select c1_0.id,c1_0.created_at,c1_0.deleted,c1_0.deleted_at,c1_0.education,c1_0.experience_years,c1_0.headline,c1_0.location,c1_0.phone,c1_0.resume_url,c1_0.skills,c1_0.summary,c1_0.updated_at,c1_0.user_id from candidates c1_0 where c1_0.user_id=?
Hibernate: select sj1_0.id from saved_jobs sj1_0 where sj1_0.candidate_id=? and sj1_0.job_id=? fetch first ? rows only
Hibernate: select sj1_0.id,sj1_0.candidate_id,sj1_0.job_id,sj1_0.saved_at from saved_jobs sj1_0
Hibernate: select ja1_0.id,ja1_0.applied_at,ja1_0.candidate_id,ja1_0.cover_letter,ja1_0.job_id,ja1_0.status,ja1_0.updated_at from job_applications ja1_0
Hibernate: select c1_0.id,c1_0.created_at,c1_0.deleted,c1_0.deleted_at,c1_0.education,c1_0.experience_years,c1_0.headline,c1_0.location,c1_0.phone,c1_0.resume_url,c1_0.skills,c1_0.summary,c1_0.updated_at,c1_0.user_id from candidates c1_0
Hibernate: select u1_0.id,u1_0.created_at,u1_0.email,u1_0.name,u1_0.password,u1_0.role,u1_0.updated_at from users u1_0 where u1_0.id=?
Hibernate: delete from candidates where id=?
Hibernate: select j1_0.id,j1_0.created_at,j1_0.deleted,j1_0.deleted_at,j1_0.description,j1_0.employer_id,j1_0.location,j1_0.salary_max,j1_0.salary_min,j1_0.status,j1_0.title,j1_0.updated_at from jobs j1_0 where (j1_0.deleted = false)
Hibernate: delete from job_categories where job_id=?
Hibernate: delete from jobs where id=?
Hibernate: select u1_0.id,u1_0.created_at,u1_0.email,u1_0.name,u1_0.password,u1_0.role,u1_0.updated_at from users u1_0
Hibernate: delete from users where id=?
Hibernate: insert into users (created_at,email,name,password,role,updated_at,id) values (?,?,?,?,?,?,default)
Hibernate: insert into candidates (created_at,deleted,deleted_at,education,experience_years,headline,location,phone,resume_url,skills,summary,updated_at,user_id,id) values (?,?,?,?,?,?,?,?,?,?,?,?,?,default)
Hibernate: insert into jobs (created_at,deleted,deleted_at,description,employer_id,location,salary_max,salary_min,status,title,updated_at,id) values (?,?,?,?,?,?,?,?,?,?,?,default)
2026-02-22T15:40:28.896+05:30  INFO 10732 --- [job-portal] [           main] c.jobportal.job.service.SavedJobService  : User 'candidate@test.com' saving job id: 42
Hibernate: select u1_0.id,u1_0.created_at,u1_0.email,u1_0.name,u1_0.password,u1_0.role,u1_0.updated_at from users u1_0 where u1_0.email=?
Hibernate: select c1_0.id,c1_0.created_at,c1_0.deleted,c1_0.deleted_at,c1_0.education,c1_0.experience_years,c1_0.headline,c1_0.location,c1_0.phone,c1_0.resume_url,c1_0.skills,c1_0.summary,c1_0.updated_at,c1_0.user_id from candidates c1_0 where c1_0.user_id=?
Hibernate: select j1_0.id,j1_0.created_at,j1_0.deleted,j1_0.deleted_at,j1_0.description,j1_0.employer_id,j1_0.location,j1_0.salary_max,j1_0.salary_min,j1_0.status,j1_0.title,j1_0.updated_at from jobs j1_0 where j1_0.id=? and (j1_0.deleted = false)
Hibernate: select sj1_0.id from saved_jobs sj1_0 where sj1_0.candidate_id=? and sj1_0.job_id=? fetch first ? rows only
Hibernate: insert into saved_jobs (candidate_id,job_id,saved_at,id) values (?,?,?,default)
2026-02-22T15:40:28.927+05:30  INFO 10732 --- [job-portal] [           main] c.jobportal.job.service.SavedJobService  : Job saved successfully - savedJob id: 4, job id: 42
Hibernate: select sj1_0.id,sj1_0.candidate_id,sj1_0.job_id,sj1_0.saved_at from saved_jobs sj1_0
Hibernate: select c1_0.id,c1_0.created_at,c1_0.deleted,c1_0.deleted_at,c1_0.education,c1_0.experience_years,c1_0.headline,c1_0.location,c1_0.phone,c1_0.resume_url,c1_0.skills,c1_0.summary,c1_0.updated_at,c1_0.user_id,u1_0.id,u1_0.created_at,u1_0.email,u1_0.name,u1_0.password,u1_0.role,u1_0.updated_at from candidates c1_0 join users u1_0 on u1_0.id=c1_0.user_id where c1_0.id=?
Hibernate: select j1_0.id,j1_0.created_at,j1_0.deleted,j1_0.deleted_at,j1_0.description,j1_0.employer_id,j1_0.location,j1_0.salary_max,j1_0.salary_min,j1_0.status,j1_0.title,j1_0.updated_at from jobs j1_0 where j1_0.id=? and (j1_0.deleted = false)
Hibernate: delete from saved_jobs where id=?
Hibernate: select ja1_0.id,ja1_0.applied_at,ja1_0.candidate_id,ja1_0.cover_letter,ja1_0.job_id,ja1_0.status,ja1_0.updated_at from job_applications ja1_0
Hibernate: select c1_0.id,c1_0.created_at,c1_0.deleted,c1_0.deleted_at,c1_0.education,c1_0.experience_years,c1_0.headline,c1_0.location,c1_0.phone,c1_0.resume_url,c1_0.skills,c1_0.summary,c1_0.updated_at,c1_0.user_id from candidates c1_0
Hibernate: select u1_0.id,u1_0.created_at,u1_0.email,u1_0.name,u1_0.password,u1_0.role,u1_0.updated_at from users u1_0 where u1_0.id=?
Hibernate: delete from candidates where id=?
Hibernate: select j1_0.id,j1_0.created_at,j1_0.deleted,j1_0.deleted_at,j1_0.description,j1_0.employer_id,j1_0.location,j1_0.salary_max,j1_0.salary_min,j1_0.status,j1_0.title,j1_0.updated_at from jobs j1_0 where (j1_0.deleted = false)
Hibernate: delete from job_categories where job_id=?
Hibernate: delete from jobs where id=?
Hibernate: select u1_0.id,u1_0.created_at,u1_0.email,u1_0.name,u1_0.password,u1_0.role,u1_0.updated_at from users u1_0
Hibernate: delete from users where id=?
Hibernate: insert into users (created_at,email,name,password,role,updated_at,id) values (?,?,?,?,?,?,default)
Hibernate: insert into candidates (created_at,deleted,deleted_at,education,experience_years,headline,location,phone,resume_url,skills,summary,updated_at,user_id,id) values (?,?,?,?,?,?,?,?,?,?,?,?,?,default)
Hibernate: insert into jobs (created_at,deleted,deleted_at,description,employer_id,location,salary_max,salary_min,status,title,updated_at,id) values (?,?,?,?,?,?,?,?,?,?,?,default)
2026-02-22T15:40:28.994+05:30  INFO 10732 --- [job-portal] [           main] c.jobportal.job.service.SavedJobService  : User 'candidate@test.com' saving job id: 99999
Hibernate: select u1_0.id,u1_0.created_at,u1_0.email,u1_0.name,u1_0.password,u1_0.role,u1_0.updated_at from users u1_0 where u1_0.email=?
Hibernate: select c1_0.id,c1_0.created_at,c1_0.deleted,c1_0.deleted_at,c1_0.education,c1_0.experience_years,c1_0.headline,c1_0.location,c1_0.phone,c1_0.resume_url,c1_0.skills,c1_0.summary,c1_0.updated_at,c1_0.user_id from candidates c1_0 where c1_0.user_id=?
Hibernate: select j1_0.id,j1_0.created_at,j1_0.deleted,j1_0.deleted_at,j1_0.description,j1_0.employer_id,j1_0.location,j1_0.salary_max,j1_0.salary_min,j1_0.status,j1_0.title,j1_0.updated_at from jobs j1_0 where j1_0.id=? and (j1_0.deleted = false)
2026-02-22T15:40:29.001+05:30  WARN 10732 --- [job-portal] [           main] c.jobportal.job.service.SavedJobService  : Job not found with id: 99999
2026-02-22T15:40:29.002+05:30  WARN 10732 --- [job-portal] [           main] c.j.c.exception.GlobalExceptionHandler   : Resource not found: Job not found with id: 99999
Hibernate: select sj1_0.id,sj1_0.candidate_id,sj1_0.job_id,sj1_0.saved_at from saved_jobs sj1_0
Hibernate: select ja1_0.id,ja1_0.applied_at,ja1_0.candidate_id,ja1_0.cover_letter,ja1_0.job_id,ja1_0.status,ja1_0.updated_at from job_applications ja1_0
Hibernate: select c1_0.id,c1_0.created_at,c1_0.deleted,c1_0.deleted_at,c1_0.education,c1_0.experience_years,c1_0.headline,c1_0.location,c1_0.phone,c1_0.resume_url,c1_0.skills,c1_0.summary,c1_0.updated_at,c1_0.user_id from candidates c1_0
Hibernate: select u1_0.id,u1_0.created_at,u1_0.email,u1_0.name,u1_0.password,u1_0.role,u1_0.updated_at from users u1_0 where u1_0.id=?
Hibernate: delete from candidates where id=?
Hibernate: select j1_0.id,j1_0.created_at,j1_0.deleted,j1_0.deleted_at,j1_0.description,j1_0.employer_id,j1_0.location,j1_0.salary_max,j1_0.salary_min,j1_0.status,j1_0.title,j1_0.updated_at from jobs j1_0 where (j1_0.deleted = false)
Hibernate: delete from job_categories where job_id=?
Hibernate: delete from jobs where id=?
Hibernate: select u1_0.id,u1_0.created_at,u1_0.email,u1_0.name,u1_0.password,u1_0.role,u1_0.updated_at from users u1_0
Hibernate: delete from users where id=?
Hibernate: insert into users (created_at,email,name,password,role,updated_at,id) values (?,?,?,?,?,?,default)
Hibernate: insert into candidates (created_at,deleted,deleted_at,education,experience_years,headline,location,phone,resume_url,skills,summary,updated_at,user_id,id) values (?,?,?,?,?,?,?,?,?,?,?,?,?,default)
Hibernate: insert into jobs (created_at,deleted,deleted_at,description,employer_id,location,salary_max,salary_min,status,title,updated_at,id) values (?,?,?,?,?,?,?,?,?,?,?,default)
Hibernate: select sj1_0.id,sj1_0.candidate_id,sj1_0.job_id,sj1_0.saved_at from saved_jobs sj1_0
Hibernate: select ja1_0.id,ja1_0.applied_at,ja1_0.candidate_id,ja1_0.cover_letter,ja1_0.job_id,ja1_0.status,ja1_0.updated_at from job_applications ja1_0
Hibernate: select c1_0.id,c1_0.created_at,c1_0.deleted,c1_0.deleted_at,c1_0.education,c1_0.experience_years,c1_0.headline,c1_0.location,c1_0.phone,c1_0.resume_url,c1_0.skills,c1_0.summary,c1_0.updated_at,c1_0.user_id from candidates c1_0
Hibernate: select u1_0.id,u1_0.created_at,u1_0.email,u1_0.name,u1_0.password,u1_0.role,u1_0.updated_at from users u1_0 where u1_0.id=?
Hibernate: delete from candidates where id=?
Hibernate: select j1_0.id,j1_0.created_at,j1_0.deleted,j1_0.deleted_at,j1_0.description,j1_0.employer_id,j1_0.location,j1_0.salary_max,j1_0.salary_min,j1_0.status,j1_0.title,j1_0.updated_at from jobs j1_0 where (j1_0.deleted = false)
Hibernate: delete from job_categories where job_id=?
Hibernate: delete from jobs where id=?
Hibernate: select u1_0.id,u1_0.created_at,u1_0.email,u1_0.name,u1_0.password,u1_0.role,u1_0.updated_at from users u1_0
Hibernate: delete from users where id=?
Hibernate: insert into users (created_at,email,name,password,role,updated_at,id) values (?,?,?,?,?,?,default)
Hibernate: insert into candidates (created_at,deleted,deleted_at,education,experience_years,headline,location,phone,resume_url,skills,summary,updated_at,user_id,id) values (?,?,?,?,?,?,?,?,?,?,?,?,?,default)
Hibernate: insert into jobs (created_at,deleted,deleted_at,description,employer_id,location,salary_max,salary_min,status,title,updated_at,id) values (?,?,?,?,?,?,?,?,?,?,?,default)
2026-02-22T15:40:29.097+05:30  INFO 10732 --- [job-portal] [           main] c.jobportal.job.service.SavedJobService  : User 'candidate@test.com' saving job id: 45
Hibernate: select u1_0.id,u1_0.created_at,u1_0.email,u1_0.name,u1_0.password,u1_0.role,u1_0.updated_at from users u1_0 where u1_0.email=?
Hibernate: select c1_0.id,c1_0.created_at,c1_0.deleted,c1_0.deleted_at,c1_0.education,c1_0.experience_years,c1_0.headline,c1_0.location,c1_0.phone,c1_0.resume_url,c1_0.skills,c1_0.summary,c1_0.updated_at,c1_0.user_id from candidates c1_0 where c1_0.user_id=?
Hibernate: select j1_0.id,j1_0.created_at,j1_0.deleted,j1_0.deleted_at,j1_0.description,j1_0.employer_id,j1_0.location,j1_0.salary_max,j1_0.salary_min,j1_0.status,j1_0.title,j1_0.updated_at from jobs j1_0 where j1_0.id=? and (j1_0.deleted = false)
Hibernate: select sj1_0.id from saved_jobs sj1_0 where sj1_0.candidate_id=? and sj1_0.job_id=? fetch first ? rows only
Hibernate: insert into saved_jobs (candidate_id,job_id,saved_at,id) values (?,?,?,default)
2026-02-22T15:40:29.113+05:30  INFO 10732 --- [job-portal] [           main] c.jobportal.job.service.SavedJobService  : Job saved successfully - savedJob id: 5, job id: 45
Hibernate: select u1_0.id,u1_0.created_at,u1_0.email,u1_0.name,u1_0.password,u1_0.role,u1_0.updated_at from users u1_0 where u1_0.email=?
Hibernate: select c1_0.id,c1_0.created_at,c1_0.deleted,c1_0.deleted_at,c1_0.education,c1_0.experience_years,c1_0.headline,c1_0.location,c1_0.phone,c1_0.resume_url,c1_0.skills,c1_0.summary,c1_0.updated_at,c1_0.user_id from candidates c1_0 where c1_0.user_id=?
Hibernate: select sj1_0.id from saved_jobs sj1_0 where sj1_0.candidate_id=? and sj1_0.job_id=? fetch first ? rows only
[INFO] Tests run: 10, Failures: 0, Errors: 0, Skipped: 0, Time elapsed: 0.794 s -- in com.jobportal.job.controller.SavedJobControllerIntegrationTest
[INFO] Running com.jobportal.job.service.CategoryServiceTest
2026-02-22T15:40:29.327+05:30  INFO 10732 --- [job-portal] [           main] c.jobportal.job.service.CategoryService  : Fetching all categories
2026-02-22T15:40:29.332+05:30  INFO 10732 --- [job-portal] [           main] c.jobportal.job.service.CategoryService  : Fetching all categories
2026-02-22T15:40:29.339+05:30  INFO 10732 --- [job-portal] [           main] c.jobportal.job.service.CategoryService  : Updating category with id: 1
2026-02-22T15:40:29.342+05:30  WARN 10732 --- [job-portal] [           main] c.jobportal.job.service.CategoryService  : Category name already exists: Frontend
2026-02-22T15:40:29.347+05:30  INFO 10732 --- [job-portal] [           main] c.jobportal.job.service.CategoryService  : Creating category: Backend
2026-02-22T15:40:29.348+05:30  INFO 10732 --- [job-portal] [           main] c.jobportal.job.service.CategoryService  : Category created successfully with id: 1
2026-02-22T15:40:29.353+05:30  INFO 10732 --- [job-portal] [           main] c.jobportal.job.service.CategoryService  : Updating category with id: 1
2026-02-22T15:40:29.353+05:30  INFO 10732 --- [job-portal] [           main] c.jobportal.job.service.CategoryService  : Category updated successfully with id: 1
2026-02-22T15:40:29.361+05:30  INFO 10732 --- [job-portal] [           main] c.jobportal.job.service.CategoryService  : Updating category with id: 99
2026-02-22T15:40:29.361+05:30  WARN 10732 --- [job-portal] [           main] c.jobportal.job.service.CategoryService  : Category not found with id: 99
2026-02-22T15:40:29.365+05:30  INFO 10732 --- [job-portal] [           main] c.jobportal.job.service.CategoryService  : Deleting category with id: 1
2026-02-22T15:40:29.366+05:30  INFO 10732 --- [job-portal] [           main] c.jobportal.job.service.CategoryService  : Category deleted successfully with id: 1
2026-02-22T15:40:29.371+05:30  INFO 10732 --- [job-portal] [           main] c.jobportal.job.service.CategoryService  : Fetching category with id: 1
2026-02-22T15:40:29.376+05:30  INFO 10732 --- [job-portal] [           main] c.jobportal.job.service.CategoryService  : Updating category with id: 1
2026-02-22T15:40:29.377+05:30  INFO 10732 --- [job-portal] [           main] c.jobportal.job.service.CategoryService  : Category updated successfully with id: 1
2026-02-22T15:40:29.381+05:30  INFO 10732 --- [job-portal] [           main] c.jobportal.job.service.CategoryService  : Deleting category with id: 99
2026-02-22T15:40:29.382+05:30  WARN 10732 --- [job-portal] [           main] c.jobportal.job.service.CategoryService  : Category not found with id: 99
2026-02-22T15:40:29.387+05:30  INFO 10732 --- [job-portal] [           main] c.jobportal.job.service.CategoryService  : Fetching category with id: 99
2026-02-22T15:40:29.387+05:30  WARN 10732 --- [job-portal] [           main] c.jobportal.job.service.CategoryService  : Category not found with id: 99
2026-02-22T15:40:29.391+05:30  INFO 10732 --- [job-portal] [           main] c.jobportal.job.service.CategoryService  : Creating category: Backend
2026-02-22T15:40:29.391+05:30  WARN 10732 --- [job-portal] [           main] c.jobportal.job.service.CategoryService  : Category already exists: Backend
[INFO] Tests run: 12, Failures: 0, Errors: 0, Skipped: 0, Time elapsed: 0.257 s -- in com.jobportal.job.service.CategoryServiceTest
[INFO] Running com.jobportal.job.service.JobServiceTest
2026-02-22T15:40:29.402+05:30  INFO 10732 --- [job-portal] [           main] com.jobportal.job.service.JobService     : Soft-deleting job with id: 1
2026-02-22T15:40:29.403+05:30  INFO 10732 --- [job-portal] [           main] com.jobportal.job.service.JobService     : Job soft-deleted successfully with id: 1
2026-02-22T15:40:29.409+05:30  INFO 10732 --- [job-portal] [           main] com.jobportal.job.service.JobService     : Creating job with title 'Java Developer' (no employer)
2026-02-22T15:40:29.410+05:30  INFO 10732 --- [job-portal] [           main] com.jobportal.job.service.JobService     : Job created successfully with id: 1
2026-02-22T15:40:29.415+05:30  INFO 10732 --- [job-portal] [           main] com.jobportal.job.service.JobService     : Soft-deleting job with id: 99
2026-02-22T15:40:29.416+05:30  WARN 10732 --- [job-portal] [           main] com.jobportal.job.service.JobService     : Job not found with id: 99
2026-02-22T15:40:29.421+05:30  INFO 10732 --- [job-portal] [           main] com.jobportal.job.service.JobService     : Updating job with id: 99
2026-02-22T15:40:29.421+05:30  WARN 10732 --- [job-portal] [           main] com.jobportal.job.service.JobService     : Job not found with id: 99
2026-02-22T15:40:29.426+05:30  INFO 10732 --- [job-portal] [           main] com.jobportal.job.service.JobService     : Fetching all jobs with pagination - page: 0, size: 10
2026-02-22T15:40:29.431+05:30  INFO 10732 --- [job-portal] [           main] com.jobportal.job.service.JobService     : Searching jobs - keyword: 'null', location: 'Bangalore', salary: 60000-110000, status: null
2026-02-22T15:40:29.436+05:30  INFO 10732 --- [job-portal] [           main] com.jobportal.job.service.JobService     : Creating job with title 'No Status Job' (no employer)
2026-02-22T15:40:29.437+05:30  INFO 10732 --- [job-portal] [           main] com.jobportal.job.service.JobService     : Job created successfully with id: 1
2026-02-22T15:40:29.441+05:30  INFO 10732 --- [job-portal] [           main] com.jobportal.job.service.JobService     : Updating job with id: 1
2026-02-22T15:40:29.442+05:30  INFO 10732 --- [job-portal] [           main] com.jobportal.job.service.JobService     : Job updated successfully with id: 1
2026-02-22T15:40:29.448+05:30  INFO 10732 --- [job-portal] [           main] com.jobportal.job.service.JobService     : Fetching all jobs
2026-02-22T15:40:29.453+05:30  INFO 10732 --- [job-portal] [           main] com.jobportal.job.service.JobService     : Fetching job with id: 1
2026-02-22T15:40:29.459+05:30  INFO 10732 --- [job-portal] [           main] com.jobportal.job.service.JobService     : Searching jobs - keyword: 'Nonexistent', location: 'null', salary: null-null, status: null
2026-02-22T15:40:29.463+05:30  INFO 10732 --- [job-portal] [           main] com.jobportal.job.service.JobService     : Creating job with title 'Draft Job' (no employer)
2026-02-22T15:40:29.463+05:30  INFO 10732 --- [job-portal] [           main] com.jobportal.job.service.JobService     : Job created successfully with id: 1
2026-02-22T15:40:29.467+05:30  INFO 10732 --- [job-portal] [           main] com.jobportal.job.service.JobService     : Searching jobs - keyword: 'null', location: 'null', salary: null-null, status: ACTIVE
2026-02-22T15:40:29.472+05:30  INFO 10732 --- [job-portal] [           main] com.jobportal.job.service.JobService     : Fetching job with id: 99
2026-02-22T15:40:29.472+05:30  WARN 10732 --- [job-portal] [           main] com.jobportal.job.service.JobService     : Job not found with id: 99
2026-02-22T15:40:29.478+05:30  INFO 10732 --- [job-portal] [           main] com.jobportal.job.service.JobService     : Searching jobs - keyword: 'Java', location: 'null', salary: null-null, status: null
[INFO] Tests run: 15, Failures: 0, Errors: 0, Skipped: 0, Time elapsed: 0.084 s -- in com.jobportal.job.service.JobServiceTest
[INFO] Running com.jobportal.job.service.SavedJobServiceTest
2026-02-22T15:40:29.490+05:30  INFO 10732 --- [job-portal] [           main] c.jobportal.job.service.SavedJobService  : Fetching saved jobs for user: candidate@test.com
2026-02-22T15:40:29.503+05:30  INFO 10732 --- [job-portal] [           main] c.jobportal.job.service.SavedJobService  : User 'candidate@test.com' saving job id: 99
2026-02-22T15:40:29.504+05:30  WARN 10732 --- [job-portal] [           main] c.jobportal.job.service.SavedJobService  : Job not found with id: 99
2026-02-22T15:40:29.510+05:30  INFO 10732 --- [job-portal] [           main] c.jobportal.job.service.SavedJobService  : User 'candidate@test.com' unsaving job id: 1
2026-02-22T15:40:29.511+05:30  INFO 10732 --- [job-portal] [           main] c.jobportal.job.service.SavedJobService  : Job unsaved successfully - job id: 1 by user 'candidate@test.com'
2026-02-22T15:40:29.516+05:30  INFO 10732 --- [job-portal] [           main] c.jobportal.job.service.SavedJobService  : User 'candidate@test.com' unsaving job id: 99
2026-02-22T15:40:29.517+05:30  WARN 10732 --- [job-portal] [           main] c.jobportal.job.service.SavedJobService  : Saved job not found - candidate id: 1, job id: 99
2026-02-22T15:40:29.523+05:30  INFO 10732 --- [job-portal] [           main] c.jobportal.job.service.SavedJobService  : User 'candidate@test.com' saving job id: 1
2026-02-22T15:40:29.524+05:30  WARN 10732 --- [job-portal] [           main] c.jobportal.job.service.SavedJobService  : Candidate profile not found for user: candidate@test.com
2026-02-22T15:40:29.529+05:30  INFO 10732 --- [job-portal] [           main] c.jobportal.job.service.SavedJobService  : User 'candidate@test.com' saving job id: 1
2026-02-22T15:40:29.530+05:30  INFO 10732 --- [job-portal] [           main] c.jobportal.job.service.SavedJobService  : Job saved successfully - savedJob id: 1, job id: 1
2026-02-22T15:40:29.535+05:30  INFO 10732 --- [job-portal] [           main] c.jobportal.job.service.SavedJobService  : User 'unknown@test.com' saving job id: 1
2026-02-22T15:40:29.535+05:30  WARN 10732 --- [job-portal] [           main] c.jobportal.job.service.SavedJobService  : User not found with email: unknown@test.com
2026-02-22T15:40:29.541+05:30  INFO 10732 --- [job-portal] [           main] c.jobportal.job.service.SavedJobService  : User 'candidate@test.com' saving job id: 1
2026-02-22T15:40:29.542+05:30  WARN 10732 --- [job-portal] [           main] c.jobportal.job.service.SavedJobService  : Job id: 1 already saved by user 'candidate@test.com'
[INFO] Tests run: 10, Failures: 0, Errors: 0, Skipped: 0, Time elapsed: 0.066 s -- in com.jobportal.job.service.SavedJobServiceTest
[INFO] Running com.jobportal.JobPortalApplicationTests
2026-02-22T15:40:29.554+05:30  INFO 10732 --- [job-portal] [           main] t.c.s.AnnotationConfigContextLoaderUtils : Could not detect default configuration classes for test class [com.jobportal.JobPortalApplicationTests]: JobPortalApplicationTests does not declare any static, non-private, non-final, nested classes annotated with @Configuration.
2026-02-22T15:40:29.585+05:30  INFO 10732 --- [job-portal] [           main] .b.t.c.SpringBootTestContextBootstrapper : Found @SpringBootConfiguration com.jobportal.JobPortalApplication for test class com.jobportal.JobPortalApplicationTests

  .   ____          _            __ _ _
 /\\ / ___'_ __ _ _(_)_ __  __ _ \ \ \ \
( ( )\___ | '_ | '_| | '_ \/ _` | \ \ \ \
 \\/  ___)| |_)| | | | | || (_| |  ) ) ) )
  '  |____| .__|_| |_|_| |_\__, | / / / /
 =========|_|==============|___/=/_/_/_/

 :: Spring Boot ::                (v4.0.2)

2026-02-22T15:40:29.664+05:30  INFO 10732 --- [job-portal] [           main] c.jobportal.JobPortalApplicationTests    : Starting JobPortalApplicationTests using Java 21.0.2 with PID 10732 (started by GULSHAN CHOUKSEY in C:\Users\GULSHAN CHOUKSEY\Desktop\Spring_Projects\job-portal)
2026-02-22T15:40:29.664+05:30  INFO 10732 --- [job-portal] [           main] c.jobportal.JobPortalApplicationTests    : No active profile set, falling back to 1 default profile: "default"
2026-02-22T15:40:30.549+05:30  INFO 10732 --- [job-portal] [           main] .s.d.r.c.RepositoryConfigurationDelegate : Bootstrapping Spring Data JPA repositories in DEFAULT mode.
2026-02-22T15:40:30.605+05:30  INFO 10732 --- [job-portal] [           main] .s.d.r.c.RepositoryConfigurationDelegate : Finished Spring Data repository scanning in 52 ms. Found 7 JPA repository interfaces.
2026-02-22T15:40:30.957+05:30  INFO 10732 --- [job-portal] [           main] org.hibernate.orm.jpa                    : HHH008540: Processing PersistenceUnitInfo [name: default]
2026-02-22T15:40:31.026+05:30  INFO 10732 --- [job-portal] [           main] o.s.o.j.p.SpringPersistenceUnitInfo      : No LoadTimeWeaver setup: ignoring JPA class transformer
2026-02-22T15:40:31.028+05:30  INFO 10732 --- [job-portal] [           main] com.zaxxer.hikari.HikariDataSource       : HikariPool-2 - Starting...
2026-02-22T15:40:31.030+05:30  INFO 10732 --- [job-portal] [           main] com.zaxxer.hikari.pool.HikariPool        : HikariPool-2 - Added connection conn10: url=jdbc:h2:mem:jobportaldb user=SA
2026-02-22T15:40:31.031+05:30  INFO 10732 --- [job-portal] [           main] com.zaxxer.hikari.HikariDataSource       : HikariPool-2 - Start completed.
2026-02-22T15:40:31.031+05:30  WARN 10732 --- [job-portal] [           main] org.hibernate.orm.deprecation            : HHH90000025: H2Dialect does not need to be specified explicitly using 'hibernate.dialect' (remove the property setting and it will be selected by default)
2026-02-22T15:40:31.032+05:30  INFO 10732 --- [job-portal] [           main] org.hibernate.orm.connections.pooling    : HHH10001005: Database info:
	Database JDBC URL [jdbc:h2:mem:jobportaldb]
	Database driver: H2 JDBC Driver
	Database dialect: H2Dialect
	Database version: 2.4.240
	Default catalog/schema: JOBPORTALDB/PUBLIC
	Autocommit mode: undefined/unknown
	Isolation level: READ_COMMITTED [default READ_COMMITTED]
	JDBC fetch size: 100
	Pool: DataSourceConnectionProvider
	Minimum pool size: undefined/unknown
	Maximum pool size: undefined/unknown
2026-02-22T15:40:31.247+05:30  INFO 10732 --- [job-portal] [           main] org.hibernate.orm.core                   : HHH000489: No JTA platform available (set 'hibernate.transaction.jta.platform' to enable JTA platform integration)
Hibernate: alter table if exists job_applications drop constraint if exists UKe6bj1uretpaatlv6nmxc2ubfs
Hibernate: alter table if exists job_applications add constraint UKe6bj1uretpaatlv6nmxc2ubfs unique (candidate_id, job_id)
Hibernate: alter table if exists saved_jobs drop constraint if exists UK6e7b2qng7km656gwv8c4cv8kj
Hibernate: alter table if exists saved_jobs add constraint UK6e7b2qng7km656gwv8c4cv8kj unique (candidate_id, job_id)
2026-02-22T15:40:31.277+05:30  INFO 10732 --- [job-portal] [           main] j.LocalContainerEntityManagerFactoryBean : Initialized JPA EntityManagerFactory for persistence unit 'default'
2026-02-22T15:40:31.457+05:30  INFO 10732 --- [job-portal] [           main] r$InitializeUserDetailsManagerConfigurer : Global AuthenticationManager configured with UserDetailsService bean with name customUserDetailsService
2026-02-22T15:40:31.462+05:30  INFO 10732 --- [job-portal] [           main] c.j.common.service.FileStorageService    : File storage initialized at: C:\Users\GULSHAN CHOUKSEY\Desktop\Spring_Projects\job-portal\uploads
2026-02-22T15:40:31.703+05:30  WARN 10732 --- [job-portal] [           main] JpaBaseConfiguration$JpaWebConfiguration : spring.jpa.open-in-view is enabled by default. Therefore, database queries may be performed during view rendering. Explicitly configure spring.jpa.open-in-view to disable this warning
2026-02-22T15:40:32.492+05:30  INFO 10732 --- [job-portal] [           main] o.s.b.h.a.H2ConsoleAutoConfiguration     : H2 console available at '/h2-console'. Database available at 'jdbc:h2:mem:jobportaldb'
2026-02-22T15:40:32.593+05:30  INFO 10732 --- [job-portal] [           main] o.s.b.a.e.web.EndpointLinksResolver      : Exposing 1 endpoint beneath base path '/actuator'
2026-02-22T15:40:32.635+05:30  INFO 10732 --- [job-portal] [           main] c.jobportal.JobPortalApplicationTests    : Started JobPortalApplicationTests in 3.037 seconds (process running for 32.339)
[INFO] Tests run: 1, Failures: 0, Errors: 0, Skipped: 0, Time elapsed: 3.093 s -- in com.jobportal.JobPortalApplicationTests
[INFO] 
[INFO] Results:
[INFO] 
[INFO] Tests run: 174, Failures: 0, Errors: 0, Skipped: 0
[INFO] 
[INFO] ------------------------------------------------------------------------
[INFO] BUILD SUCCESS
[INFO] ------------------------------------------------------------------------
[INFO] Total time:  42.571 s
[INFO] Finished at: 2026-02-22T15:40:32+05:30
[INFO] ------------------------------------------------------------------------
